[backblue.gif]
[fade.gif]
[index.html]
[gattonweb.uky.edu/sheather/book/sheatherbook.jpg]
[gattonweb.uky.edu/sheather/book/index.html]
[gattonweb.uky.edu/sheather/book/order.html]
[gattonweb.uky.edu/sheather/book/docs/Errata.pdf]
[gattonweb.uky.edu/sheather/book/docs/datasets/Data.zip]
[gattonweb.uky.edu/sheather/book/docs/datasets/AdRevenue.csv]
[gattonweb.uky.edu/sheather/book/docs/datasets/airfares.txt]
[gattonweb.uky.edu/sheather/book/docs/datasets/ais.txt]
[gattonweb.uky.edu/sheather/book/docs/datasets/anscombe.txt]
[gattonweb.uky.edu/sheather/book/docs/datasets/banknote.txt]
[gattonweb.uky.edu/sheather/book/docs/datasets/BayArea.txt]
[gattonweb.uky.edu/sheather/book/docs/datasets/bimodal.txt]
[gattonweb.uky.edu/sheather/book/docs/datasets/bonds.txt]
[gattonweb.uky.edu/sheather/book/docs/datasets/bookstore.txt]
[gattonweb.uky.edu/sheather/book/docs/datasets/Bordeaux.csv]
[gattonweb.uky.edu/sheather/book/docs/datasets/boxoffice.txt]
[gattonweb.uky.edu/sheather/book/docs/datasets/bridge.txt]
[gattonweb.uky.edu/sheather/book/docs/datasets/CarlsenQ.txt]
[gattonweb.uky.edu/sheather/book/docs/datasets/cars04.csv]
[gattonweb.uky.edu/sheather/book/docs/datasets/caution.csv]
[gattonweb.uky.edu/sheather/book/docs/datasets/Ch2Problem5.txt]
[gattonweb.uky.edu/sheather/book/docs/datasets/challenge.txt]
[gattonweb.uky.edu/sheather/book/docs/datasets/changeover_times.txt]
[gattonweb.uky.edu/sheather/book/docs/datasets/circulation.txt]
[gattonweb.uky.edu/sheather/book/docs/datasets/cleaning.txt]
[gattonweb.uky.edu/sheather/book/docs/datasets/cleaningwtd.txt]
[gattonweb.uky.edu/sheather/book/docs/datasets/confood1.txt]
[gattonweb.uky.edu/sheather/book/docs/datasets/confood2.txt]
[gattonweb.uky.edu/sheather/book/docs/datasets/creditscore.txt]
[gattonweb.uky.edu/sheather/book/docs/datasets/curve.txt]
[gattonweb.uky.edu/sheather/book/docs/datasets/defects.txt]
[gattonweb.uky.edu/sheather/book/docs/datasets/diamonds.txt]
[gattonweb.uky.edu/sheather/book/docs/datasets/FieldGoals2003to2006.csv]
[gattonweb.uky.edu/sheather/book/docs/datasets/glakes.txt]
[gattonweb.uky.edu/sheather/book/docs/datasets/GreatestGivers.xls]
[gattonweb.uky.edu/sheather/book/docs/datasets/Haldcement.txt]
[gattonweb.uky.edu/sheather/book/docs/datasets/HeartDisease.csv]
[gattonweb.uky.edu/sheather/book/docs/datasets/HoustonChronicle.csv]
[gattonweb.uky.edu/sheather/book/docs/datasets/HoustonRealEstate.txt]
[gattonweb.uky.edu/sheather/book/docs/datasets/huber.txt]
[gattonweb.uky.edu/sheather/book/docs/datasets/indicators.txt]
[gattonweb.uky.edu/sheather/book/docs/datasets/invoices.txt]
[gattonweb.uky.edu/sheather/book/docs/datasets/krafft.txt]
[gattonweb.uky.edu/sheather/book/docs/datasets/Latour.txt]
[gattonweb.uky.edu/sheather/book/docs/datasets/magazines.csv]
[gattonweb.uky.edu/sheather/book/docs/datasets/Mantel.txt]
[gattonweb.uky.edu/sheather/book/docs/datasets/MichelinFood.txt]
[gattonweb.uky.edu/sheather/book/docs/datasets/MichelinNY.csv]
[gattonweb.uky.edu/sheather/book/docs/datasets/MissAmericato2008.txt]
[gattonweb.uky.edu/sheather/book/docs/datasets/nonlinearx.txt]
[gattonweb.uky.edu/sheather/book/docs/datasets/nyc.csv]
[gattonweb.uky.edu/sheather/book/docs/datasets/Orthodont.txt]
[gattonweb.uky.edu/sheather/book/docs/datasets/overdue.txt]
[gattonweb.uky.edu/sheather/book/docs/datasets/pgatour2006.csv]
[gattonweb.uky.edu/sheather/book/docs/datasets/pigweights.csv]
[gattonweb.uky.edu/sheather/book/docs/datasets/playbill.csv]
[gattonweb.uky.edu/sheather/book/docs/datasets/playoffs.txt]
[gattonweb.uky.edu/sheather/book/docs/datasets/production.txt]
[gattonweb.uky.edu/sheather/book/docs/datasets/ProfessorSalaries.txt]
[gattonweb.uky.edu/sheather/book/docs/datasets/profsalary.txt]
[gattonweb.uky.edu/sheather/book/docs/datasets/prostateAlldata.txt]
[gattonweb.uky.edu/sheather/book/docs/datasets/prostateTest.txt]
[gattonweb.uky.edu/sheather/book/docs/datasets/prostateTraining.txt]
[gattonweb.uky.edu/sheather/book/docs/datasets/responsetransformation.txt]
[gattonweb.uky.edu/sheather/book/docs/datasets/resptrans.txt]
[gattonweb.uky.edu/sheather/book/docs/datasets/salarygov.txt]
[gattonweb.uky.edu/sheather/book/docs/datasets/sleepstudy.txt]
[gattonweb.uky.edu/sheather/book/docs/datasets/storks.txt]
[gattonweb.uky.edu/sheather/book/data_sets.html]
[gattonweb.uky.edu/sheather/book/docs/datasets/travel.txt]
[gattonweb.uky.edu/sheather/book/docs/rcode/Appendix.R]
[gattonweb.uky.edu/sheather/book/docs/rcode/R-scripts.zip]
[gattonweb.uky.edu/sheather/book/docs/rcode/Chapter1.R]
[gattonweb.uky.edu/sheather/book/docs/rcode/Chapter2.R]
[gattonweb.uky.edu/sheather/book/docs/rcode/Chapter3.R]
[gattonweb.uky.edu/sheather/book/docs/rcode/Chapter4.R]
[gattonweb.uky.edu/sheather/book/docs/rcode/Chapter5.R]
[gattonweb.uky.edu/sheather/book/docs/rcode/Chapter6.R]
[gattonweb.uky.edu/sheather/book/docs/rcode/Chapter7.R]
[gattonweb.uky.edu/sheather/book/docs/rcode/Chapter8.R]
[gattonweb.uky.edu/sheather/book/docs/rcode/Chapter9.R]
[gattonweb.uky.edu/sheather/book/docs/rcode/Chapter10.R]
[gattonweb.uky.edu/sheather/book/docs/rcode/Chapter3NewMarch2011.R]
[gattonweb.uky.edu/sheather/book/r_code.html]
[gattonweb.uky.edu/sheather/book/docs/rcode/Chapter6NewMarch2011.R]
[gattonweb.uky.edu/sheather/book/docs/sascode/DataInSASFormat.zip]
[gattonweb.uky.edu/sheather/book/docs/sascode/chapter1.sas]
[gattonweb.uky.edu/sheather/book/docs/sascode/chapter10.sas]
[gattonweb.uky.edu/sheather/book/docs/sascode/chapter2.sas]
[gattonweb.uky.edu/sheather/book/docs/sascode/chapter3.sas]
[gattonweb.uky.edu/sheather/book/docs/sascode/chapter4.sas]
[gattonweb.uky.edu/sheather/book/docs/sascode/chapter5.sas]
[gattonweb.uky.edu/sheather/book/docs/sascode/chapter6.sas]
[gattonweb.uky.edu/sheather/book/docs/sascode/chapter7.sas]
[gattonweb.uky.edu/sheather/book/docs/sascode/chapter8.sas]
[gattonweb.uky.edu/sheather/book/docs/sascode/chapter9.sas]
[gattonweb.uky.edu/sheather/book/sas_code.html]
[gattonweb.uky.edu/sheather/book/docs/sascode/SASPrimerChapters1to10.pdf]
[gattonweb.uky.edu/sheather/book/docs/statacode/Stata_Code_Data_Graphics.zip]
[gattonweb.uky.edu/sheather/book/docs/statacode/readme.txt]
[gattonweb.uky.edu/sheather/book/docs/statacode/StataPrimer.pdf]
[gattonweb.uky.edu/sheather/book/stata_code.html]
[gattonweb.uky.edu/sheather/book/order.html]
[gattonweb.uky.edu/sheather/book/docs/Errata.pdf]
[gattonweb.uky.edu/sheather/book/docs/datasets/airfares.txt]
[gattonweb.uky.edu/sheather/book/docs/datasets/AdRevenue.csv]
[gattonweb.uky.edu/sheather/book/docs/datasets/ais.txt]
[gattonweb.uky.edu/sheather/book/docs/datasets/banknote.txt]
[gattonweb.uky.edu/sheather/book/docs/datasets/BayArea.txt]
[gattonweb.uky.edu/sheather/book/docs/datasets/bonds.txt]
[gattonweb.uky.edu/sheather/book/docs/datasets/bridge.txt]
[gattonweb.uky.edu/sheather/book/docs/datasets/cars04.csv]
[gattonweb.uky.edu/sheather/book/docs/datasets/caution.csv]
[gattonweb.uky.edu/sheather/book/docs/datasets/Ch2Problem5.txt]
[gattonweb.uky.edu/sheather/book/docs/datasets/changeover_times.txt]
[gattonweb.uky.edu/sheather/book/docs/datasets/circulation.txt]
[gattonweb.uky.edu/sheather/book/docs/datasets/cleaningwtd.txt]
[gattonweb.uky.edu/sheather/book/docs/datasets/creditscore.txt]
[gattonweb.uky.edu/sheather/book/docs/datasets/diamonds.txt]
[gattonweb.uky.edu/sheather/book/docs/datasets/GreatestGivers.xls]
[gattonweb.uky.edu/sheather/book/docs/datasets/HeartDisease.csv]
[gattonweb.uky.edu/sheather/book/docs/datasets/indicators.txt]
[gattonweb.uky.edu/sheather/book/docs/datasets/magazines.csv]
[gattonweb.uky.edu/sheather/book/docs/datasets/Mantel.txt]
[gattonweb.uky.edu/sheather/book/docs/datasets/MichelinNY.csv]
[gattonweb.uky.edu/sheather/book/docs/datasets/MissAmericato2008.txt]
[gattonweb.uky.edu/sheather/book/docs/datasets/nonlinearx.txt]
[gattonweb.uky.edu/sheather/book/docs/datasets/nyc.csv]
[gattonweb.uky.edu/sheather/book/docs/datasets/Orthodont.txt]
[gattonweb.uky.edu/sheather/book/docs/datasets/overdue.txt]
[gattonweb.uky.edu/sheather/book/docs/datasets/pgatour2006.csv]
[gattonweb.uky.edu/sheather/book/docs/datasets/pigweights.csv]
[gattonweb.uky.edu/sheather/book/docs/datasets/playbill.csv]
[gattonweb.uky.edu/sheather/book/docs/datasets/playoffs.txt]
[gattonweb.uky.edu/sheather/book/docs/datasets/production.txt]
[gattonweb.uky.edu/sheather/book/docs/datasets/profsalary.txt]
[gattonweb.uky.edu/sheather/book/docs/datasets/prostateTraining.txt]
[gattonweb.uky.edu/sheather/book/docs/datasets/storks.txt]
[gattonweb.uky.edu/sheather/book/docs/rcode/Appendix.R]
[gattonweb.uky.edu/sheather/book/docs/rcode/R-scripts.zip]
[gattonweb.uky.edu/sheather/book/docs/rcode/Chapter2.R]
[gattonweb.uky.edu/sheather/book/docs/rcode/Chapter3.R]
[gattonweb.uky.edu/sheather/book/docs/rcode/Chapter1.R]
[gattonweb.uky.edu/sheather/book/docs/rcode/Chapter5.R]
[gattonweb.uky.edu/sheather/book/docs/rcode/Chapter7.R]
[gattonweb.uky.edu/sheather/book/docs/rcode/Chapter8.R]
[gattonweb.uky.edu/sheather/book/docs/rcode/Chapter4.R]
[gattonweb.uky.edu/sheather/book/docs/rcode/Chapter9.R]
[gattonweb.uky.edu/sheather/book/docs/rcode/Chapter3NewMarch2011.R]
[gattonweb.uky.edu/sheather/book/docs/rcode/Chapter6NewMarch2011.R]
[gattonweb.uky.edu/sheather/book/docs/rcode/Chapter6.R]
[gattonweb.uky.edu/sheather/book/docs/sascode/DataInSASFormat.zip]
[gattonweb.uky.edu/sheather/book/docs/sascode/chapter1.sas]
[gattonweb.uky.edu/sheather/book/docs/sascode/chapter10.sas]
[gattonweb.uky.edu/sheather/book/docs/rcode/Chapter10.R]
[gattonweb.uky.edu/sheather/book/docs/sascode/chapter3.sas]
[gattonweb.uky.edu/sheather/book/docs/sascode/chapter4.sas]
[gattonweb.uky.edu/sheather/book/docs/sascode/chapter6.sas]
[gattonweb.uky.edu/sheather/book/docs/sascode/chapter2.sas]
[gattonweb.uky.edu/sheather/book/docs/sascode/chapter8.sas]
[gattonweb.uky.edu/sheather/book/docs/sascode/chapter9.sas]
[gattonweb.uky.edu/sheather/book/docs/sascode/SASPrimerChapters1to10.pdf]
[gattonweb.uky.edu/sheather/book/docs/sascode/chapter5.sas]
[gattonweb.uky.edu/sheather/book/docs/statacode/readme.txt]
[gattonweb.uky.edu/sheather/book/docs/statacode/Stata_Code_Data_Graphics.zip]
[gattonweb.uky.edu/sheather/book/docs/statacode/StataPrimer.pdf]
[gattonweb.uky.edu/sheather/book/docs/sascode/chapter7.sas]
