[backblue.gif]
[fade.gif]
[index.html]
[stats.oarc.ucla.edu/r/index.html]
[stats.oarc.ucla.edu/feed/index.html]
[stats.oarc.ucla.edu/comments/feed/index.html]
[stats.oarc.ucla.edu/wp-json/index.html]
[stats.oarc.ucla.edu/wp-json/wp/v2/pages/192.json]
[stats.oarc.ucla.edu/calendar/indexedf3.html]
[stats.oarc.ucla.edu/wp-json/oembed/1.0/embede5c3.json]
[stats.oarc.ucla.edu/wp-json/wp/v2/pages/914.json]
[stats.oarc.ucla.edu/wp-json/oembed/1.0/embed6460]
[stats.oarc.ucla.edu/wp-json/oembed/1.0/embed455c.json]
[stats.oarc.ucla.edu/wp-json/tribe/events/v1/index.html]
[stats.oarc.ucla.edu/wp-json/oembed/1.0/embed7b8b]
[stats.oarc.ucla.edu/other/dae/index.html]
[stats.oarc.ucla.edu/r/dae/robust-regression/index.html]
[cdn.jsdelivr.net/index.html]
[platform-api.sharethis.com/index.html]
[stats.oarc.ucla.edu/xmlrpc0db0.html]
[stats.oarc.ucla.edu/xmlrpc.html]
[stats.oarc.ucla.edu/r/dae/robust-regression/index.html]
[stats.oarc.ucla.edu/wp-json/wp/v2/pages/930.json]
[stats.oarc.ucla.edu/wp-json/oembed/1.0/embed18ea.json]
[stats.oarc.ucla.edu/wp-json/oembed/1.0/embede44b]
[stats.oarc.ucla.edu/wp-json/wp/v2/pages/922.json]
[stats.oarc.ucla.edu/r/dae/logit-regression/index.html]
[stats.oarc.ucla.edu/wp-json/oembed/1.0/embeda736]
[stats.oarc.ucla.edu/wp-json/oembed/1.0/embed4587.json]
[stats.oarc.ucla.edu/wp-json/oembed/1.0/embed3f94.json]
[stats.oarc.ucla.edu/wp-json/wp/v2/pages/919.json]
[stats.oarc.ucla.edu/wp-json/oembed/1.0/embed2ddf]
[stats.oarc.ucla.edu/r/dae/exact-logistic-regression/index.html]
[stats.oarc.ucla.edu/r/dae/multinomial-logistic-regression/index.html]
[stats.oarc.ucla.edu/wp-json/oembed/1.0/embed44c9.json]
[stats.oarc.ucla.edu/wp-json/wp/v2/pages/925.json]
[stats.oarc.ucla.edu/wp-json/oembed/1.0/embed2f1f]
[stats.oarc.ucla.edu/wp-content/uploads/2016/02/gpapublic.png]
[stats.oarc.ucla.edu/r/dae/ordinal-logistic-regression/index.html]
[stats.oarc.ucla.edu/wp-json/oembed/1.0/embed9491.json]
[stats.oarc.ucla.edu/wp-json/wp/v2/pages/927.json]
[stats.oarc.ucla.edu/wp-json/wp/v2/pages/929.json]
[stats.oarc.ucla.edu/wp-json/oembed/1.0/embed895b]
[stats.oarc.ucla.edu/wp-json/oembed/1.0/embed875c.json]
[stats.oarc.ucla.edu/wp-json/oembed/1.0/embedd072]
[cran.r-project.org/web/packages/HSAUR/vignettes/preface.pdf]
[stats.oarc.ucla.edu/r/dae/probit-regression/index.html]
[stats.oarc.ucla.edu/wp-json/wp/v2/pages/928.json]
[stats.oarc.ucla.edu/wp-json/oembed/1.0/embedd64c.json]
[stats.oarc.ucla.edu/r/dae/poisson-regression/index.html]
[stats.oarc.ucla.edu/wp-json/oembed/1.0/embed36fa]
[stats.oarc.ucla.edu/r/dae/negative-binomial-regression/index.html]
[stats.oarc.ucla.edu/wp-json/wp/v2/pages/926.json]
[stats.oarc.ucla.edu/wp-json/oembed/1.0/embed4bf3.json]
[stats.oarc.ucla.edu/wp-json/oembed/1.0/embed0ef8]
[stats.oarc.ucla.edu/wp-json/wp/v2/pages/937.json]
[stats.oarc.ucla.edu/wp-json/oembed/1.0/embed859a.json]
[stats.oarc.ucla.edu/wp-json/oembed/1.0/embed6c36]
[stats.oarc.ucla.edu/r/dae/zip/index.html]
[stats.oarc.ucla.edu/wp-json/wp/v2/pages/936.json]
[stats.oarc.ucla.edu/wp-json/oembed/1.0/embede094.json]
[stats.oarc.ucla.edu/wp-json/oembed/1.0/embedda94]
[stats.oarc.ucla.edu/r/dae/zinb/index.html]
[stats.oarc.ucla.edu/r/dae/zero-truncated-poisson/index.html]
[stats.oarc.ucla.edu/wp-json/wp/v2/pages/939.json]
[stats.oarc.ucla.edu/wp-json/oembed/1.0/embeda7c7.json]
[stats.oarc.ucla.edu/wp-json/oembed/1.0/embed56db]
[stats.oarc.ucla.edu/wp-json/oembed/1.0/embed9c14]
[stats.oarc.ucla.edu/wp-json/wp/v2/pages/938.json]
[stats.oarc.ucla.edu/wp-json/oembed/1.0/embed7301.json]
[stats.oarc.ucla.edu/r/dae/zero-truncated-negative-binomial/index.html]
[stats.oarc.ucla.edu/r/dae/tobit-models/index.html]
[stats.oarc.ucla.edu/wp-json/wp/v2/pages/934.json]
[stats.oarc.ucla.edu/wp-json/oembed/1.0/embedd5a9.json]
[stats.oarc.ucla.edu/wp-json/oembed/1.0/embedd83b]
[stats.oarc.ucla.edu/r/dae/truncated-regression/index.html]
[stats.oarc.ucla.edu/wp-json/wp/v2/pages/935.json]
[stats.oarc.ucla.edu/wp-json/oembed/1.0/embed1d52]
[stats.oarc.ucla.edu/wp-json/oembed/1.0/embed0be4.json]
[stats.oarc.ucla.edu/wp-content/uploads/2016/02/movie.gif]
[stats.oarc.ucla.edu/r/dae/interval-regression/index.html]
[stats.oarc.ucla.edu/wp-json/oembed/1.0/embeda671.json]
[stats.oarc.ucla.edu/wp-json/wp/v2/pages/921.json]
[stats.oarc.ucla.edu/wp-json/oembed/1.0/embedf03b]
[stats.oarc.ucla.edu/wp-json/wp/v2/pages/917.json]
[stats.oarc.ucla.edu/wp-json/oembed/1.0/embedab45]
[stats.oarc.ucla.edu/wp-json/oembed/1.0/embed16a3.json]
[cran.r-project.org/web/packages/CCA/CCA.pdf]
[cran.r-project.org/web/packages/CCP/CCP.pdf]
[stats.oarc.ucla.edu/r/dae/canonical-correlation-analysis/index.html]
[stats.oarc.ucla.edu/wp-json/wp/v2/pages/924.json]
[stats.oarc.ucla.edu/wp-json/oembed/1.0/embedf32d.json]
[stats.oarc.ucla.edu/wp-content/uploads/2016/02/melogit-unnamed-chunk-52.png]
[stats.oarc.ucla.edu/wp-json/oembed/1.0/embed8f37]
[stats.oarc.ucla.edu/r/dae/mixed-effects-logistic-regression/index.html]
[stats.oarc.ucla.edu/r/dae/power-analysis-for-one-sample-t-test/index.html]
[stats.oarc.ucla.edu/r/dae/power-analysis-for-paired-sample-t-test/index.html]
[stats.oarc.ucla.edu/wp-json/wp/v2/pages/931.json]
[stats.oarc.ucla.edu/wp-json/wp/v2/pages/933.json]
[stats.oarc.ucla.edu/wp-json/oembed/1.0/embed9020.json]
[stats.oarc.ucla.edu/wp-json/oembed/1.0/embed7648]
[stats.oarc.ucla.edu/wp-json/oembed/1.0/embeda828.json]
[stats.oarc.ucla.edu/wp-json/wp/v2/pages/932.json]
[stats.oarc.ucla.edu/wp-json/oembed/1.0/embed4768]
[stats.oarc.ucla.edu/r/dae/power-analysis-for-two-group-independent-sample-t-test/index.html]
[stats.oarc.ucla.edu/wp-json/oembed/1.0/embed98e8]
[stats.oarc.ucla.edu/wp-json/oembed/1.0/embed8151.json]
[cdn.jsdelivr.net/index.html]
[platform-api.sharethis.com/index.html]
[stats.oarc.ucla.edu/feed/index.html]
[stats.oarc.ucla.edu/comments/feed/index.html]
[stats.oarc.ucla.edu/calendar/indexedf3.html]
[stats.oarc.ucla.edu/wp-content/cache/minify/9df84.css]
[stats.oarc.ucla.edu/wp-content/cache/minify/a5ff7.css]
[stats.oarc.ucla.edu/wp-content/cache/minify/4c431.css]
[stats.oarc.ucla.edu/wp-content/cache/minify/4033d.css]
[stats.oarc.ucla.edu/wp-json/index.html]
[stats.oarc.ucla.edu/wp-json/wp/v2/pages/914.json]
[stats.oarc.ucla.edu/wp-json/oembed/1.0/embede5c3.json]
[stats.oarc.ucla.edu/wp-json/oembed/1.0/embed6460]
[stats.oarc.ucla.edu/wp-json/tribe/events/v1/index.html]
[stats.oarc.ucla.edu/wp-content/themes/genesis-child/images/favicon.ico]
[stats.oarc.ucla.edu/wp-includes/images/w-logo-blue-white-bg.png]
[cdn.jsdelivr.net/jquery.slicknav/0.1/slicknav.css]
[stats.oarc.ucla.edu/wp-content/uploads/logo/idrelogo4.png]
[stats.oarc.ucla.edu/wp-content/cache/minify/818c0.js]
[cdn.jsdelivr.net/jquery.slicknav/0.1/jquery.slicknav.min.js]
[stats.oarc.ucla.edu/xmlrpc0db0.html]
[google-analytics.com/analytics.js]
[www.google.com/recaptcha/apidba9.js]
[stats.oarc.ucla.edu/xmlrpc.html]
[cdn.jsdelivr.net/npm/mathjax@3/es5/tex-chtml.js]
[stats.oarc.ucla.edu/wp-json/wp/v2/pages/192.json]
[stats.oarc.ucla.edu/wp-json/wp/v2/pages/930.json]
[stats.oarc.ucla.edu/wp-content/cache/minify/1f540.js]
[stats.oarc.ucla.edu/wp-json/oembed/1.0/embed7b8b]
[stats.oarc.ucla.edu/wp-json/oembed/1.0/embed455c.json]
[stats.oarc.ucla.edu/wp-content/cache/minify/b68ea.js]
[stats.oarc.ucla.edu/wp-json/oembed/1.0/embed18ea.json]
[stats.oarc.ucla.edu/wp-json/oembed/1.0/embede44b]
[stats.oarc.ucla.edu/wp-content/cache/minify/f3065.js]
[stats.oarc.ucla.edu/wp-json/wp/v2/pages/922.json]
[stats.oarc.ucla.edu/wp-content/cache/minify/d7287.js]
[stats.oarc.ucla.edu/wp-content/uploads/2016/02/rreg-unnamed-chunk-4.png]
[stats.oarc.ucla.edu/wp-content/cache/minify/45ffb.js]
[stats.oarc.ucla.edu/r/dae/robust-regression/index.html]
[stats.oarc.ucla.edu/r/dae/robust-regression/index.html]
[stats.oarc.ucla.edu/wp-content/uploads/2016/02/logit-unnamed-chunk-15.png]
[stats.oarc.ucla.edu/wp-json/oembed/1.0/embed4587.json]
[stats.oarc.ucla.edu/wp-json/oembed/1.0/embeda736]
[stats.oarc.ucla.edu/wp-json/wp/v2/pages/919.json]
[stats.oarc.ucla.edu/wp-content/uploads/2016/02/exlogit-unnamed-chunk-7.png]
[stats.oarc.ucla.edu/wp-content/uploads/2016/02/exlogit-unnamed-chunk-9.png]
[stats.oarc.ucla.edu/wp-content/uploads/2016/02/exlogit_female_trace.png]
[stats.oarc.ucla.edu/wp-content/uploads/2016/02/exlogit_apcalc_trace.png]
[stats.oarc.ucla.edu/wp-json/wp/v2/pages/925.json]
[stats.oarc.ucla.edu/wp-json/oembed/1.0/embed44c9.json]
[stats.oarc.ucla.edu/wp-json/oembed/1.0/embed2f1f]
[stats.oarc.ucla.edu/wp-json/wp/v2/pages/927.json]
[stats.oarc.ucla.edu/wp-content/uploads/2016/02/mlogit-unnamed-chunk-10.png]
[stats.oarc.ucla.edu/wp-json/oembed/1.0/embed9491.json]
[stats.oarc.ucla.edu/wp-json/oembed/1.0/embed895b]
[stats.oarc.ucla.edu/wp-content/uploads/2016/02/ologit-unnamed-chunk-5.png]
[stats.oarc.ucla.edu/wp-json/wp/v2/pages/929.json]
[stats.oarc.ucla.edu/wp-content/uploads/2016/02/ologit-unnamed-chunk-12.png]
[stats.oarc.ucla.edu/wp-json/oembed/1.0/embed875c.json]
[stats.oarc.ucla.edu/wp-json/oembed/1.0/embedd072]
[cran.r-project.org/web/packages/HSAUR/vignettes/preface.pdf]
[stats.oarc.ucla.edu/wp-content/cache/minify/5b0d4.css]
[stats.oarc.ucla.edu/wp-json/wp/v2/pages/928.json]
[stats.oarc.ucla.edu/wp-content/uploads/2016/02/probit-unnamed-chunk-10.png]
[stats.oarc.ucla.edu/wp-json/oembed/1.0/embedd64c.json]
[stats.oarc.ucla.edu/wp-json/oembed/1.0/embed36fa]
[stats.oarc.ucla.edu/wp-content/uploads/2016/02/poissonreg-unnamed-chunk-4.png]
[stats.oarc.ucla.edu/wp-json/wp/v2/pages/926.json]
[stats.oarc.ucla.edu/wp-content/uploads/2016/02/poissonreg-unnamed-chunk-11.png]
[stats.oarc.ucla.edu/wp-json/oembed/1.0/embed4bf3.json]
[stats.oarc.ucla.edu/wp-json/oembed/1.0/embed0ef8]
[stats.oarc.ucla.edu/wp-content/uploads/2016/02/nbreg-unnamed-chunk-3.png]
[stats.oarc.ucla.edu/wp-content/uploads/2016/02/nbreg-unnamed-chunk-11.png]
[stats.oarc.ucla.edu/wp-json/wp/v2/pages/937.json]
[stats.oarc.ucla.edu/wp-json/oembed/1.0/embed859a.json]
[stats.oarc.ucla.edu/wp-json/oembed/1.0/embed6c36]
[stats.oarc.ucla.edu/wp-content/uploads/2016/02/zipoisson-unnamed-chunk-3.png]
[stats.oarc.ucla.edu/wp-content/uploads/2016/02/zipoisson-unnamed-chunk-10.png]
[stats.oarc.ucla.edu/wp-json/wp/v2/pages/936.json]
[stats.oarc.ucla.edu/wp-json/oembed/1.0/embede094.json]
[stats.oarc.ucla.edu/wp-json/oembed/1.0/embedda94]
[stats.oarc.ucla.edu/wp-content/uploads/2016/02/zinbreg-unnamed-chunk-3.png]
[stats.oarc.ucla.edu/wp-content/uploads/2016/02/zinbreg-unnamed-chunk-10.png]
[stats.oarc.ucla.edu/wp-json/wp/v2/pages/939.json]
[stats.oarc.ucla.edu/wp-json/oembed/1.0/embeda7c7.json]
[stats.oarc.ucla.edu/wp-json/oembed/1.0/embed56db]
[stats.oarc.ucla.edu/wp-content/uploads/2016/02/ztp-unnamed-chunk-4.png]
[stats.oarc.ucla.edu/wp-content/uploads/2016/02/ztp-unnamed-chunk-5.png]
[stats.oarc.ucla.edu/wp-content/uploads/2016/02/ztp-unnamed-chunk-6.png]
[stats.oarc.ucla.edu/wp-content/uploads/2016/02/ztp-unnamed-chunk-8.png]
[stats.oarc.ucla.edu/wp-content/uploads/2016/02/ztp-unnamed-chunk-9.png]
[stats.oarc.ucla.edu/wp-content/uploads/2016/02/ztp-unnamed-chunk-10.png]
[stats.oarc.ucla.edu/wp-json/wp/v2/pages/938.json]
[stats.oarc.ucla.edu/wp-content/uploads/2016/02/ztp-unnamed-chunk-14.png]
[stats.oarc.ucla.edu/wp-content/uploads/2016/02/ztp-unnamed-chunk-16.png]
[stats.oarc.ucla.edu/wp-json/oembed/1.0/embed7301.json]
[stats.oarc.ucla.edu/wp-json/oembed/1.0/embed9c14]
[stats.oarc.ucla.edu/wp-content/uploads/2016/02/ztnb-unnamed-chunk-4.png]
[stats.oarc.ucla.edu/wp-content/uploads/2016/02/ztnb-unnamed-chunk-5.png]
[stats.oarc.ucla.edu/wp-content/uploads/2016/02/ztnb-unnamed-chunk-6.png]
[stats.oarc.ucla.edu/wp-content/uploads/2016/02/ztnb-unnamed-chunk-8.png]
[stats.oarc.ucla.edu/wp-content/uploads/2016/02/ztnb-unnamed-chunk-9.png]
[stats.oarc.ucla.edu/wp-content/uploads/2016/02/ztnb-unnamed-chunk-10.png]
[stats.oarc.ucla.edu/wp-content/uploads/2016/02/ztnb-unnamed-chunk-15.png]
[stats.oarc.ucla.edu/wp-content/uploads/2016/02/ztnb-unnamed-chunk-16.png]
[stats.oarc.ucla.edu/wp-json/wp/v2/pages/934.json]
[stats.oarc.ucla.edu/wp-json/oembed/1.0/embedd5a9.json]
[stats.oarc.ucla.edu/wp-json/oembed/1.0/embedd83b]
[stats.oarc.ucla.edu/wp-content/uploads/2016/02/tobit-unnamed-chunk-4.png]
[stats.oarc.ucla.edu/wp-content/uploads/2016/02/tobit-unnamed-chunk-5.png]
[stats.oarc.ucla.edu/wp-content/uploads/2016/02/tobit-unnamed-chunk-6.png]
[stats.oarc.ucla.edu/wp-content/uploads/2016/02/tobit-unnamed-chunk-11.png]
[stats.oarc.ucla.edu/wp-json/wp/v2/pages/935.json]
[stats.oarc.ucla.edu/wp-json/oembed/1.0/embed0be4.json]
[stats.oarc.ucla.edu/wp-json/oembed/1.0/embed1d52]
[stats.oarc.ucla.edu/wp-content/uploads/2016/02/truncreg-unnamed-chunk-3.png]
[stats.oarc.ucla.edu/wp-content/uploads/2016/02/truncreg-unnamed-chunk-4.png]
[stats.oarc.ucla.edu/wp-content/uploads/2016/02/truncreg-unnamed-chunk-5.png]
[stats.oarc.ucla.edu/wp-json/wp/v2/pages/921.json]
[stats.oarc.ucla.edu/wp-json/oembed/1.0/embeda671.json]
[stats.oarc.ucla.edu/wp-json/oembed/1.0/embedf03b]
[stats.oarc.ucla.edu/wp-content/uploads/2016/02/intreg-unnamed-chunk-3.png]
[stats.oarc.ucla.edu/wp-json/wp/v2/pages/917.json]
[stats.oarc.ucla.edu/wp-json/oembed/1.0/embed16a3.json]
[stats.oarc.ucla.edu/wp-json/oembed/1.0/embedab45]
[cran.r-project.org/web/packages/CCA/CCA.pdf]
[cran.r-project.org/web/packages/CCP/CCP.pdf]
[stats.oarc.ucla.edu/wp-content/uploads/2016/02/cancor-unnamed-chunk-41.png]
[stats.oarc.ucla.edu/wp-json/wp/v2/pages/924.json]
[stats.oarc.ucla.edu/wp-content/uploads/2016/02/cancor-unnamed-chunk-42.png]
[stats.oarc.ucla.edu/wp-json/oembed/1.0/embedf32d.json]
[stats.oarc.ucla.edu/wp-content/uploads/2016/02/melogit-unnamed-chunk-4.png]
[stats.oarc.ucla.edu/wp-json/oembed/1.0/embed8f37]
[stats.oarc.ucla.edu/wp-content/uploads/2016/02/melogit-unnamed-chunk-51.png]
[stats.oarc.ucla.edu/wp-content/uploads/2016/02/melogit-unnamed-chunk-6.png]
[stats.oarc.ucla.edu/wp-content/uploads/2016/02/melogit-unnamed-chunk-17.png]
[stats.oarc.ucla.edu/wp-content/uploads/2016/02/melogit-unnamed-chunk-18.png]
[stats.oarc.ucla.edu/wp-content/uploads/2016/02/melogit-unnamed-chunk-19.png]
[stats.oarc.ucla.edu/wp-content/uploads/2016/02/melogit-unnamed-chunk-20.png]
[stats.oarc.ucla.edu/wp-content/uploads/2016/02/melogit-unnamed-chunk-221.png]
[stats.oarc.ucla.edu/wp-content/uploads/2016/02/melogit-unnamed-chunk-222.png]
[stats.oarc.ucla.edu/wp-content/uploads/2016/02/melogit-unnamed-chunk-241.png]
[stats.oarc.ucla.edu/wp-content/uploads/2016/02/melogit-unnamed-chunk-242.png]
[stats.oarc.ucla.edu/wp-json/wp/v2/pages/931.json]
[stats.oarc.ucla.edu/wp-json/oembed/1.0/embed9020.json]
[stats.oarc.ucla.edu/wp-json/oembed/1.0/embed7648]
[stats.oarc.ucla.edu/wp-json/wp/v2/pages/933.json]
[stats.oarc.ucla.edu/wp-json/oembed/1.0/embed8151.json]
[stats.oarc.ucla.edu/wp-json/oembed/1.0/embed98e8]
[stats.oarc.ucla.edu/wp-content/uploads/2016/02/power.png]
[stats.oarc.ucla.edu/wp-content/uploads/2016/02/power2.png]
[stats.oarc.ucla.edu/wp-content/themes/genesis-child/images/logo.png]
[stats.oarc.ucla.edu/wp-content/themes/genesis/style.css]
[stats.oarc.ucla.edu/wp-content/themes/genesis/style.css]
[stats.oarc.ucla.edu/wp-content/themes/genesis-child/images/arrow-right.png]
[stats.oarc.ucla.edu/wp-content/uploads/2016/02/gpapublic.html]
[stats.oarc.ucla.edu/wp-content/themes/genesis-child/images/arrow_dwn.png]
[stats.oarc.ucla.edu/wp-content/uploads/2016/02/movie.html]
[stats.oarc.ucla.edu/wp-content/plugins/jquery-collapse-o-matic/css/images/arrow-down.png]
[stats.oarc.ucla.edu/wp-content/plugins/jquery-collapse-o-matic/css/images/arrow-up.png]
[stats.oarc.ucla.edu/wp-content/uploads/2016/02/melogit-unnamed-chunk-52.html]
[cybermetrics.wlv.ac.uk/paperdata/misusevuong.pdf]
