[www.southampton.ac.uk/_cpd/index.html]
[backblue.gif]
[fade.gif]
[index.html]
[www.southampton.ac.uk/_cpd/index_files/2019-08-18 CPD2.jpg]
[www.southampton.ac.uk/_cpd/Consumer_Responses_Periwinkles_H_Res.pdf]
[www.southampton.ac.uk/_cpd/anovas/index.html]
[www.southampton.ac.uk/_cpd/index_files/image002.jpg]
[www.southampton.ac.uk/_cpd/index_files/image001.gif]
[www.southampton.ac.uk/_cpd/mean2.html]
[www.southampton.ac.uk/_cpd/Measures of variation around the sample mean.pdf]
[www.southampton.ac.uk/_cpd/Sample mean and CI with plotmeans.R]
[www.southampton.ac.uk/_cpd/term.html]
[www.southampton.ac.uk/_cpd/anovas/datasets/Orthogonal contrasts.html]
[www.southampton.ac.uk/_cpd/anovas/datasets/Power.html]
[www.southampton.ac.uk/_cpd/anovas/datasets/index.html]
[www.southampton.ac.uk/_cpd/anovas/datasets/ANOVA in R.html]
[www.southampton.ac.uk/_cpd/repmod.html]
[www.southampton.ac.uk/_cpd/history.html]
[www.southampton.ac.uk/_cpd/96org.html]
[www.southampton.ac.uk/_cpd/Logical framework for valuing natural capital.pdf]
[www.southampton.ac.uk/_cpd/HowWeCanHaltBiodiversityLoss.html]
[www.southampton.ac.uk/_cpd/anovas/datasets/index-2.html]
[www.southampton.ac.uk/_cpd/programs/index.html]
[www.southampton.ac.uk/_cpd/interact.html]
[www.southampton.ac.uk/_cpd/Ecal2013.html]
[www.southampton.ac.uk/_cpd/Ecal2011.html]
[www.southampton.ac.uk/_cpd/Doncaster 1990, 2016 Quelques conseils pour ecrire un article en anglais.pdf]
[www.southampton.ac.uk/_cpd/index.html]
[www.statcounter.com/counter/counter.js]
[www.southampton.ac.uk/_cpd/anovas/index_files/filelist.xml]
[www.southampton.ac.uk/_cpd/anovas/index_files/editdata.mso]
[www.southampton.ac.uk/_cpd/anovas/index_files/image004.jpg]
[www.southampton.ac.uk/_cpd/anovas/index.html]
[www.southampton.ac.uk/_cpd/mean2_files/filelist.xml]
[www.southampton.ac.uk/_cpd/mean2_files/editdata.mso]
[www.southampton.ac.uk/_cpd/mean2_files/image002.gif]
[www.southampton.ac.uk/_cpd/mean2_files/image005.gif]
[www.southampton.ac.uk/_cpd/mean2_files/image013.gif]
[www.southampton.ac.uk/_cpd/mean2_files/image022.gif]
[www.southampton.ac.uk/_cpd/mean2_files/image024.gif]
[www.southampton.ac.uk/_cpd/mean2_files/image026.gif]
[www.southampton.ac.uk/_cpd/mean2_files/image028.gif]
[www.southampton.ac.uk/_cpd/mean2_files/image030.gif]
[www.southampton.ac.uk/_cpd/mean2_files/image032.gif]
[www.southampton.ac.uk/_cpd/mean2_files/image031.gif]
[www.southampton.ac.uk/_cpd/mean2_files/image033.gif]
[www.southampton.ac.uk/_cpd/mean2_files/image035.gif]
[www.southampton.ac.uk/_cpd/mean2_files/image037.gif]
[www.southampton.ac.uk/_cpd/mean2_files/image039.gif]
[www.southampton.ac.uk/_cpd/mean2_files/image041.gif]
[www.southampton.ac.uk/_cpd/mean2_files/image044.gif]
[www.southampton.ac.uk/_cpd/mean2_files/image043.gif]
[www.southampton.ac.uk/_cpd/mean2_files/image045.gif]
[www.southampton.ac.uk/_cpd/mean2_files/image047.gif]
[www.southampton.ac.uk/_cpd/mean2_files/image049.gif]
[www.southampton.ac.uk/_cpd/mean2_files/image051.gif]
[www.southampton.ac.uk/_cpd/mean2.html]
[www.southampton.ac.uk/_cpd/term_files/filelist.xml]
[www.southampton.ac.uk/_cpd/term_files/editdata.34.delayed]
[www.southampton.ac.uk/_cpd/term_files/image002.gif]
[www.southampton.ac.uk/_cpd/term_files/image005.gif]
[www.southampton.ac.uk/_cpd/term.html]
[www.southampton.ac.uk/_cpd/term_files/image007.gif]
[www.southampton.ac.uk/_cpd/anovas/datasets/index_files/editdata.mso]
[www.southampton.ac.uk/_cpd/anovas/datasets/ANOVA.html]
[www.southampton.ac.uk/_cpd/anovas/datasets/ANCOVA.html]
[www.southampton.ac.uk/_cpd/anovas/datasets/Model.html]
[www.southampton.ac.uk/_cpd/anovas/datasets/Hypothesis.html]
[www.southampton.ac.uk/_cpd/anovas/datasets/Response.html]
[www.southampton.ac.uk/_cpd/anovas/datasets/Factor.html]
[www.southampton.ac.uk/_cpd/anovas/datasets/Residual.html]
[www.southampton.ac.uk/_cpd/anovas/datasets/Notation.html]
[www.southampton.ac.uk/_cpd/anovas/datasets/Terms.html]
[www.southampton.ac.uk/_cpd/anovas/datasets/Nesting.html]
[www.southampton.ac.uk/_cpd/anovas/datasets/Cross factor.html]
[www.southampton.ac.uk/_cpd/anovas/datasets/Covariate.html]
[www.southampton.ac.uk/_cpd/anovas/datasets/Restricted.html]
[www.southampton.ac.uk/_cpd/anovas/datasets/Unrestricted.html]
[www.southampton.ac.uk/_cpd/anovas/datasets/Model 1.html]
[www.southampton.ac.uk/_cpd/anovas/datasets/Model 2.html]
[www.southampton.ac.uk/_cpd/anovas/datasets/F ratio.html]
[www.southampton.ac.uk/_cpd/anovas/datasets/Degrees of freedom.html]
[www.southampton.ac.uk/_cpd/anovas/datasets/Significance.html]
[www.southampton.ac.uk/_cpd/anovas/datasets/Pooling.html]
[www.southampton.ac.uk/_cpd/anovas/datasets/Quasi F.html]
[www.southampton.ac.uk/_cpd/anovas/datasets/Assumptions.html]
[www.southampton.ac.uk/_cpd/anovas/datasets/Balance.html]
[www.southampton.ac.uk/_cpd/anovas/datasets/Orthogonality.html]
[www.southampton.ac.uk/_cpd/anovas/datasets/Adjusted SS.html]
[www.southampton.ac.uk/_cpd/anovas/datasets/Mixed model.html]
[www.southampton.ac.uk/_cpd/anovas/datasets/Doncaster&Davey - Model 1_1 One factor.txt]
[www.southampton.ac.uk/_cpd/anovas/datasets/Doncaster&Davey - Model 1_1 contrasts.txt]
[www.southampton.ac.uk/_cpd/anovas/datasets/Replication.html]
[www.southampton.ac.uk/_cpd/anovas/datasets/Doncaster&Davey - Model 2_1 Two factor nested.txt]
[www.southampton.ac.uk/_cpd/anovas/datasets/Doncaster&Davey - Model 2_2 Three factor nested.txt]
[www.southampton.ac.uk/_cpd/anovas/datasets/Doncaster&Davey - Model 3_1 Two factor fully cross factored.txt]
[www.southampton.ac.uk/_cpd/anovas/datasets/Doncaster&Davey - Model 3_1 contrasts.txt]
[www.southampton.ac.uk/_cpd/anovas/datasets/Doncaster&Davey - Model 3_2 Three factor fully cross factored.txt]
[www.southampton.ac.uk/_cpd/anovas/datasets/Doncaster&Davey - Model 3_3 Cross factored with nesting.txt]
[www.southampton.ac.uk/_cpd/anovas/datasets/Doncaster&Davey - Model 3_4 nested cross factored.txt]
[www.southampton.ac.uk/_cpd/anovas/datasets/Blocked sampling units.html]
[www.southampton.ac.uk/_cpd/anovas/datasets/Block.html]
[www.southampton.ac.uk/_cpd/anovas/datasets/Balanced incomplete block.html]
[www.southampton.ac.uk/_cpd/anovas/datasets/Latin squares.html]
[www.southampton.ac.uk/_cpd/anovas/datasets/Youden square.html]
[www.southampton.ac.uk/_cpd/anovas/datasets/Complete block.html]
[www.southampton.ac.uk/_cpd/anovas/datasets/Doncaster&Davey - Model 4_1 One factor randomised block.txt]
[www.southampton.ac.uk/_cpd/anovas/datasets/Doncaster&Davey - Model 4_1 contrasts.txt]
[www.southampton.ac.uk/_cpd/anovas/datasets/Doncaster&Davey - Model 4_1 Balanced incomplete blocks variant.txt]
[www.southampton.ac.uk/_cpd/anovas/datasets/Doncaster&Davey - Model 4_1 Latin square variant.txt]
[www.southampton.ac.uk/_cpd/anovas/datasets/LatinSquare.exe]
[www.southampton.ac.uk/_cpd/anovas/datasets/Doncaster&Davey - Model 4_1 Youden square variant.txt]
[www.southampton.ac.uk/_cpd/anovas/datasets/Doncaster&Davey - Model 4_2 Two factor randomised block.txt]
[www.southampton.ac.uk/_cpd/anovas/datasets/Doncaster&Davey - Model 4_2 contrasts.txt]
[www.southampton.ac.uk/_cpd/anovas/datasets/Doncaster&Davey - Model 4_3 Three factor randomised block.txt]
[www.southampton.ac.uk/_cpd/anovas/datasets/Split-plot sampling units.html]
[www.southampton.ac.uk/_cpd/anovas/datasets/Doncaster&Davey - Model 5_1 Two-factor split plot (I).txt]
[www.southampton.ac.uk/_cpd/anovas/datasets/Doncaster&Davey - Model 5_2 Three factor split plot (I).txt]
[www.southampton.ac.uk/_cpd/anovas/datasets/Doncaster&Davey - Model 5_3 Three factor split plot (II).txt]
[www.southampton.ac.uk/_cpd/anovas/datasets/Doncaster&Davey - Model 5_4 Split-split plot (I).txt]
[www.southampton.ac.uk/_cpd/anovas/datasets/Doncaster&Davey - Model 5_5 Split-split plot (II).txt]
[www.southampton.ac.uk/_cpd/anovas/datasets/Doncaster&Davey - Model 5_6 Two factor split plot (II).txt]
[www.southampton.ac.uk/_cpd/anovas/datasets/Doncaster&Davey - Model 5_7 Three factor split plot (III).txt]
[www.southampton.ac.uk/_cpd/anovas/datasets/Doncaster&Davey - Model 5_7 Three factor split plot (III) contrasts.txt]
[www.southampton.ac.uk/_cpd/anovas/datasets/Doncaster&Davey - Model 5_8 Split plot with nesting.txt]
[www.southampton.ac.uk/_cpd/anovas/datasets/Doncaster&Davey - Model 5_9 Three factor split plot (IV).txt]
[www.southampton.ac.uk/_cpd/anovas/datasets/Doncaster&Davey - Model 5_9 binomial error structure.txt]
[www.southampton.ac.uk/_cpd/anovas/datasets/Repeated-measures sampling units.html]
[www.southampton.ac.uk/_cpd/anovas/datasets/Doncaster&Davey - Model 6_1 One factor repeated measures.txt]
[www.southampton.ac.uk/_cpd/anovas/datasets/Doncaster&Davey - Model 6_2 Two factor repeated measures.txt]
[www.southampton.ac.uk/_cpd/anovas/datasets/Doncaster&Davey - Model 6_3 Two factor model with RM on one cross factor.txt]
[www.southampton.ac.uk/_cpd/anovas/datasets/Doncaster&Davey - Model 6_4 Three factor with RM on nested cross factors.txt]
[www.southampton.ac.uk/_cpd/anovas/datasets/Doncaster&Davey - Model 6_5 Three factor model with RM on two cross factors.txt]
[www.southampton.ac.uk/_cpd/anovas/datasets/Doncaster&Davey - Model 6_6 Nested model with RM on a cross factor.txt]
[www.southampton.ac.uk/_cpd/anovas/datasets/Doncaster&Davey - Model 6_7 Three factor model with RM on a cross factor.txt]
[www.southampton.ac.uk/_cpd/anovas/datasets/Doncaster&Davey - Model 7_1 Two-factor cross factored unreplicated.txt]
[www.southampton.ac.uk/_cpd/anovas/datasets/Doncaster&Davey - Model 7_2 Three-factor cross factored unreplicated.txt]
[www.southampton.ac.uk/_cpd/anovas/datasets/Doncaster&Davey - Figure 1.txt]
[www.southampton.ac.uk/_cpd/anovas/datasets/Doncaster&Davey - Figure 2.txt]
[www.southampton.ac.uk/_cpd/anovas/datasets/Doncaster&Davey - Figure 3.txt]
[www.southampton.ac.uk/_cpd/anovas/datasets/Doncaster&Davey - Figure 4.txt]
[www.southampton.ac.uk/_cpd/anovas/datasets/Doncaster&Davey - Figure 5.txt]
[www.southampton.ac.uk/_cpd/anovas/datasets/Doncaster&Davey - Figure 6.txt]
[www.southampton.ac.uk/_cpd/anovas/datasets/Doncaster&Davey - Figure 7.txt]
[www.southampton.ac.uk/_cpd/anovas/datasets/Doncaster&Davey - Figure 8.txt]
[www.southampton.ac.uk/_cpd/anovas/datasets/Doncaster&Davey - Figure 9.txt]
[www.southampton.ac.uk/_cpd/anovas/datasets/Doncaster&Davey - Figure 10.txt]
[www.southampton.ac.uk/_cpd/anovas/datasets/Doncaster&Davey - Figure 11.txt]
[www.southampton.ac.uk/_cpd/anovas/datasets/Doncaster&Davey - Worked example 1.txt]
[www.southampton.ac.uk/_cpd/anovas/datasets/Doncaster&Davey - Worked example 2.txt]
[www.southampton.ac.uk/_cpd/anovas/datasets/Doncaster&Davey - Worked example 3.txt]
[www.southampton.ac.uk/_cpd/anovas/datasets/Terms.exe]
[www.southampton.ac.uk/_cpd/anovas/datasets/CritiF.exe]
[www.southampton.ac.uk/_cpd/anovas/datasets/Critical F.html]
[www.southampton.ac.uk/_cpd/anovas/datasets/Power.exe]
[www.southampton.ac.uk/_cpd/anovas/datasets/Performance.exe]
[www.southampton.ac.uk/_cpd/anovas/datasets/Ftable.exe]
[www.southampton.ac.uk/_cpd/anovas/datasets/Type-1 error.html]
[www.southampton.ac.uk/_cpd/anovas/datasets/Youden square]
[www.southampton.ac.uk/_cpd/anovas/datasets/Contrast sets.html]
[www.southampton.ac.uk/_cpd/anovas/datasets/GLM.html]
[www.southampton.ac.uk/_cpd/anovas/datasets/Sequential SS.html]
[www.statcounter.com/counter/counter_xhtml.js]
[www.southampton.ac.uk/_cpd/anovas/datasets/index.html]
[www.southampton.ac.uk/_cpd/anovas/datasets/Orthogonal contrasts_files/editdata.mso]
[www.southampton.ac.uk/_cpd/anovas/datasets/Orthogonal contrasts_files/themedata.thmx]
[www.southampton.ac.uk/_cpd/anovas/datasets/Orthogonal contrasts_files/colorschememapping.xml]
[www.southampton.ac.uk/_cpd/anovas/datasets/Contrasts.exe]
[www.southampton.ac.uk/_cpd/anovas/datasets/Orthogonal contrasts.html]
[www.southampton.ac.uk/_cpd/anovas/datasets/Power_files/filelist.xml]
[www.southampton.ac.uk/_cpd/anovas/datasets/Power_files/editdata.mso]
[www.southampton.ac.uk/_cpd/anovas/datasets/Power_files/themedata.thmx]
[www.southampton.ac.uk/_cpd/anovas/datasets/Power_files/colorschememapping.xml]
[www.southampton.ac.uk/_cpd/anovas/datasets/Power_files/image002.gif]
[www.southampton.ac.uk/_cpd/anovas/datasets/Power_files/image004.gif]
[www.southampton.ac.uk/_cpd/anovas/datasets/Power_files/image006.gif]
[www.southampton.ac.uk/_cpd/anovas/datasets/Beta function.html]
[www.southampton.ac.uk/_cpd/anovas/datasets/Power_files/image008.gif]
[www.southampton.ac.uk/_cpd/anovas/datasets/Power_files/image010.gif]
[www.southampton.ac.uk/_cpd/anovas/datasets/Density function of central F.html]
[www.southampton.ac.uk/_cpd/anovas/datasets/Power_files/image012.gif]
[www.southampton.ac.uk/_cpd/anovas/datasets/Power_files/image014.gif]
[www.southampton.ac.uk/_cpd/anovas/datasets/Power.html]
[www.southampton.ac.uk/_cpd/anovas/datasets/Normal approximation.html]
[c.statcounter.com/8377924/0/9b2cec0c/1/index.html]
[cran.r-project.org/doc/contrib/Short-refcard.pdf]
[cran.r-project.org/doc/contrib/Baggott-refcard-v2.pdf]
[www.southampton.ac.uk/_cpd/anovas/datasets/PlotMeans.html]
[www.southampton.ac.uk/_cpd/anovas/datasets/Datasets for R by CPDoncaster.zip]
[www.southampton.ac.uk/_cpd/anovas/datasets/R/Model1_1.txt]
[www.southampton.ac.uk/_cpd/anovas/datasets/R/Model1_1contrasts3.txt]
[www.southampton.ac.uk/_cpd/anovas/datasets/R/Model1_1contrasts5.txt]
[www.southampton.ac.uk/_cpd/anovas/datasets/R/Model2_1.txt]
[www.southampton.ac.uk/_cpd/anovas/datasets/R/Model2_2.txt]
[www.southampton.ac.uk/_cpd/anovas/datasets/R/Model3_1.txt]
[www.southampton.ac.uk/_cpd/anovas/datasets/R/Model3_1contrasts3.txt]
[www.southampton.ac.uk/_cpd/anovas/datasets/R/Model3_1contrasts3x4.txt]
[www.southampton.ac.uk/_cpd/anovas/datasets/R/Model3_2.txt]
[www.southampton.ac.uk/_cpd/anovas/datasets/R/Model3_3.txt]
[www.southampton.ac.uk/_cpd/anovas/datasets/R/Model3_4.txt]
[www.southampton.ac.uk/_cpd/anovas/datasets/R/Model4_1.txt]
[www.southampton.ac.uk/_cpd/anovas/datasets/R/Model4_1contrasts.txt]
[www.southampton.ac.uk/_cpd/anovas/datasets/R/Model4_1BIB.txt]
[www.southampton.ac.uk/_cpd/anovas/datasets/R/Model4_1LS.txt]
[www.southampton.ac.uk/_cpd/anovas/datasets/R/Model4_1YS.txt]
[www.southampton.ac.uk/_cpd/anovas/datasets/R/Model4_2.txt]
[www.southampton.ac.uk/_cpd/anovas/datasets/R/Model4_2contrasts.txt]
[www.southampton.ac.uk/_cpd/anovas/datasets/R/Model4_3.txt]
[www.southampton.ac.uk/_cpd/anovas/datasets/R/Model5_1.txt]
[www.southampton.ac.uk/_cpd/anovas/datasets/R/Model5_2.txt]
[www.southampton.ac.uk/_cpd/anovas/datasets/R/Model5_3.txt]
[www.southampton.ac.uk/_cpd/anovas/datasets/R/Model5_4.txt]
[www.southampton.ac.uk/_cpd/anovas/datasets/R/Model5_5.txt]
[www.southampton.ac.uk/_cpd/anovas/datasets/R/Model5_6.txt]
[www.southampton.ac.uk/_cpd/anovas/datasets/R/Model5_7.txt]
[www.southampton.ac.uk/_cpd/anovas/datasets/R/Model5_7contrasts.txt]
[www.southampton.ac.uk/_cpd/anovas/datasets/R/Model5_8.txt]
[www.southampton.ac.uk/_cpd/anovas/datasets/R/Model5_9.txt]
[www.southampton.ac.uk/_cpd/anovas/datasets/R/Model5_9binomial.txt]
[www.southampton.ac.uk/_cpd/anovas/datasets/R/Model6_4.txt]
[www.southampton.ac.uk/_cpd/anovas/datasets/R/Model6_5.txt]
[www.southampton.ac.uk/_cpd/anovas/datasets/R/Fig1.txt]
[www.southampton.ac.uk/_cpd/anovas/datasets/R/Fig2.txt]
[www.southampton.ac.uk/_cpd/anovas/datasets/R/Fig3.txt]
[www.southampton.ac.uk/_cpd/anovas/datasets/R/Fig4.txt]
[www.southampton.ac.uk/_cpd/anovas/datasets/R/Fig5.txt]
[www.southampton.ac.uk/_cpd/anovas/datasets/R/Fig6a.txt]
[www.southampton.ac.uk/_cpd/anovas/datasets/R/Fig6b.txt]
[www.southampton.ac.uk/_cpd/anovas/datasets/R/Fig7a.txt]
[www.southampton.ac.uk/_cpd/anovas/datasets/R/Fig7b.txt]
[www.southampton.ac.uk/_cpd/anovas/datasets/R/Fig8.txt]
[www.southampton.ac.uk/_cpd/anovas/datasets/R/Fig9.txt]
[www.southampton.ac.uk/_cpd/anovas/datasets/R/Fig10.txt]
[www.southampton.ac.uk/_cpd/anovas/datasets/R/Fig11a.txt]
[www.southampton.ac.uk/_cpd/anovas/datasets/R/Fig11b.txt]
[www.southampton.ac.uk/_cpd/anovas/datasets/R/Worked1.txt]
[www.southampton.ac.uk/_cpd/anovas/datasets/R/Worked2.txt]
[www.southampton.ac.uk/_cpd/anovas/datasets/ANOVA in R.html]
[www.southampton.ac.uk/_cpd/anovas/datasets/R/Worked3.txt]
[www.southampton.ac.uk/_cpd/repmod2_files/filelist.116.delayed]
[www.southampton.ac.uk/_cpd/repmod.html]
[www.southampton.ac.uk/_cpd/pies/13800mya.png]
[www.southampton.ac.uk/_cpd/pies/13800mya-pop.png]
[www.southampton.ac.uk/_cpd/pies/13800mya-popup.png]
[www.southampton.ac.uk/_cpd/pies/BottomArrow.png]
[www.southampton.ac.uk/_cpd/pies/Bullseye.png]
[www.southampton.ac.uk/_cpd/pies/NextDownArrow.png]
[www.southampton.ac.uk/_cpd/pies/NextUpArrow.png]
[www.southampton.ac.uk/_cpd/history-summary.html]
[www.southampton.ac.uk/_cpd/pies/SummaryArrowR.png]
[www.southampton.ac.uk/_cpd/history-synopsis.html]
[www.southampton.ac.uk/_cpd/pies/SynopsisArrowR.png]
[www.southampton.ac.uk/_cpd/pies/1640mya-tectonics.html]
[www.southampton.ac.uk/_cpd/pies/Colour-indigo.html]
[www.southampton.ac.uk/_cpd/pies/Star.png]
[www.southampton.ac.uk/_cpd/pies/Ages.png]
[www.southampton.ac.uk/_cpd/pies/TopArrow.png]
[www.southampton.ac.uk/_cpd/pies/Comet.html]
[www.southampton.ac.uk/_cpd/pies/13550mya.png]
[www.southampton.ac.uk/_cpd/pies/13000mya.png]
[www.southampton.ac.uk/_cpd/pies/12200mya.png]
[www.southampton.ac.uk/_cpd/pies/4570mya.png]
[www.southampton.ac.uk/_cpd/pies/4510mya.png]
[www.southampton.ac.uk/_cpd/pies/4500mya.png]
[www.southampton.ac.uk/_cpd/pies/4400mya.png]
[www.southampton.ac.uk/_cpd/pies/Tectonics.html]
[www.southampton.ac.uk/_cpd/pies/4300mya.png]
[www.southampton.ac.uk/_cpd/pies/4000mya-pop.png]
[www.southampton.ac.uk/_cpd/pies/4000mya-popup.png]
[www.southampton.ac.uk/_cpd/pies/3500mya.png]
[www.southampton.ac.uk/_cpd/pies/Colour-cyan.html]
[www.southampton.ac.uk/_cpd/pies/3400mya.png]
[www.southampton.ac.uk/_cpd/pies/3260mya.png]
[www.southampton.ac.uk/_cpd/pies/3200mya-pop.png]
[www.southampton.ac.uk/_cpd/pies/3200mya-popup.png]
[www.southampton.ac.uk/_cpd/pies/2330mya.png]
[www.southampton.ac.uk/_cpd/pies/2100mya-pop.png]
[www.southampton.ac.uk/_cpd/pies/2100mya-popup.png]
[www.southampton.ac.uk/_cpd/pies/1640mya.png]
[www.southampton.ac.uk/_cpd/pies/1500mya.png]
[www.southampton.ac.uk/_cpd/pies/1500mya-tectonics.html]
[www.southampton.ac.uk/_cpd/pies/1000mya.png]
[www.southampton.ac.uk/_cpd/pies/1000mya-tectonics.html]
[www.southampton.ac.uk/_cpd/pies/890mya-pop.png]
[www.southampton.ac.uk/_cpd/pies/890mya-popup.png]
[www.southampton.ac.uk/_cpd/pies/Comb-jelly.html]
[www.southampton.ac.uk/_cpd/pies/717mya.png]
[www.southampton.ac.uk/_cpd/pies/717mya-tectonics.html]
[www.southampton.ac.uk/_cpd/pies/700mya.png]
[www.southampton.ac.uk/_cpd/pies/635mya.png]
[www.southampton.ac.uk/_cpd/pies/635mya-tectonics.html]
[www.southampton.ac.uk/_cpd/pies/550mya.png]
[www.southampton.ac.uk/_cpd/pies/540mya.png]
[www.southampton.ac.uk/_cpd/pies/540mya-tectonics.html]
[www.southampton.ac.uk/_cpd/pies/535mya.png]
[www.southampton.ac.uk/_cpd/pies/520mya-pop.png]
[www.southampton.ac.uk/_cpd/pies/520mya-popup.png]
[www.southampton.ac.uk/_cpd/pies/520mya.png]
[www.southampton.ac.uk/_cpd/pies/500mya-pop.png]
[www.southampton.ac.uk/_cpd/pies/500mya-popup.png]
[www.southampton.ac.uk/_cpd/pies/Colour-green.html]
[www.southampton.ac.uk/_cpd/pies/500mya-tectonics.html]
[www.southampton.ac.uk/_cpd/pies/500mya.png]
[www.southampton.ac.uk/_cpd/pies/480mya.png]
[www.southampton.ac.uk/_cpd/pies/479mya.png]
[www.southampton.ac.uk/_cpd/pies/460mya.png]
[www.southampton.ac.uk/_cpd/pies/445mya-pop.png]
[www.southampton.ac.uk/_cpd/pies/445mya-popup.png]
[www.southampton.ac.uk/_cpd/pies/445mya-tectonics.html]
[www.southampton.ac.uk/_cpd/pies/430mya.png]
[www.southampton.ac.uk/_cpd/pies/420mya.png]
[www.southampton.ac.uk/_cpd/pies/407mya.png]
[www.southampton.ac.uk/_cpd/pies/407mya-tectonics.html]
[www.southampton.ac.uk/_cpd/pies/395mya.png]
[www.southampton.ac.uk/_cpd/pies/395mya-tectonics.html]
[www.southampton.ac.uk/_cpd/pies/390mya.png]
[www.southampton.ac.uk/_cpd/pies/390mya-tectonics.html]
[www.southampton.ac.uk/_cpd/pies/380mya.png]
[www.southampton.ac.uk/_cpd/pies/380mya-tectonics.html]
[www.southampton.ac.uk/_cpd/pies/375mya-pop.png]
[www.southampton.ac.uk/_cpd/pies/375mya-popup.png]
[www.southampton.ac.uk/_cpd/pies/375mya-tectonics.html]
[www.southampton.ac.uk/_cpd/pies/350mya.png]
[www.southampton.ac.uk/_cpd/pies/350mya-tectonics.html]
[www.southampton.ac.uk/_cpd/pies/340mya-pop.png]
[www.southampton.ac.uk/_cpd/pies/340mya-popup.png]
[www.southampton.ac.uk/_cpd/pies/340mya-tectonics.html]
[www.southampton.ac.uk/_cpd/pies/305mya.png]
[www.southampton.ac.uk/_cpd/pies/305mya-tectonics.html]
[www.southampton.ac.uk/_cpd/pies/289mya.png]
[www.southampton.ac.uk/_cpd/pies/289mya-tectonics.html]
[www.southampton.ac.uk/_cpd/pies/251.9mya-pop.png]
[www.southampton.ac.uk/_cpd/pies/251.9mya-popup.png]
[www.southampton.ac.uk/_cpd/pies/252mya-tectonics.html]
[www.southampton.ac.uk/_cpd/pies/233mya-pop.png]
[www.southampton.ac.uk/_cpd/pies/233mya-popup.png]
[www.southampton.ac.uk/_cpd/pies/233mya-tectonics.html]
[www.southampton.ac.uk/_cpd/pies/210mya.png]
[www.southampton.ac.uk/_cpd/pies/210mya-tectonics.html]
[www.southampton.ac.uk/_cpd/pies/201.3mya-pop.png]
[www.southampton.ac.uk/_cpd/pies/201.3mya-popup.png]
[www.southampton.ac.uk/_cpd/pies/201mya-tectonics.html]
[www.southampton.ac.uk/_cpd/pies/178mya-pop.png]
[www.southampton.ac.uk/_cpd/pies/178mya-popup.png]
[www.southampton.ac.uk/_cpd/pies/178mya-tectonics.html]
[www.southampton.ac.uk/_cpd/pies/150mya-pop.png]
[www.southampton.ac.uk/_cpd/pies/150mya-popup.png]
[www.southampton.ac.uk/_cpd/pies/150mya-tectonics.html]
[www.southampton.ac.uk/_cpd/pies/135mya.png]
[www.southampton.ac.uk/_cpd/pies/135mya-tectonics.html]
[www.southampton.ac.uk/_cpd/pies/101.5mya.png]
[www.southampton.ac.uk/_cpd/pies/101mya-tectonics.html]
[www.southampton.ac.uk/_cpd/pies/92mya.png]
[www.southampton.ac.uk/_cpd/pies/92mya-tectonics.html]
[www.southampton.ac.uk/_cpd/pies/66mya-pop.png]
[www.southampton.ac.uk/_cpd/pies/66mya-popup.png]
[www.southampton.ac.uk/_cpd/pies/66mya-tectonics.html]
[www.southampton.ac.uk/_cpd/pies/65mya.png]
[www.southampton.ac.uk/_cpd/pies/55mya-pop.png]
[www.southampton.ac.uk/_cpd/pies/55mya-popup.png]
[www.southampton.ac.uk/_cpd/pies/55mya-tectonics.html]
[www.southampton.ac.uk/_cpd/pies/44mya.png]
[www.southampton.ac.uk/_cpd/pies/44mya-tectonics.html]
[www.southampton.ac.uk/_cpd/pies/34mya.png]
[www.southampton.ac.uk/_cpd/pies/34mya-tectonics.html]
[www.southampton.ac.uk/_cpd/pies/30mya.png]
[www.southampton.ac.uk/_cpd/pies/25.2mya-pop.png]
[www.southampton.ac.uk/_cpd/pies/25.2mya-popup.png]
[www.southampton.ac.uk/_cpd/pies/25mya-tectonics.html]
[www.southampton.ac.uk/_cpd/pies/16.8mya.png]
[www.southampton.ac.uk/_cpd/pies/16mya-tectonics.html]
[www.southampton.ac.uk/_cpd/pies/13mya.png]
[www.southampton.ac.uk/_cpd/pies/13mya-tectonics.html]
[www.southampton.ac.uk/_cpd/pies/7mya-pop.png]
[www.southampton.ac.uk/_cpd/pies/7mya-popup.png]
[www.southampton.ac.uk/_cpd/pies/7mya-tectonics.html]
[www.southampton.ac.uk/_cpd/pies/4.2mya.png]
[www.southampton.ac.uk/_cpd/pies/3.3mya.png]
[www.southampton.ac.uk/_cpd/pies/2.8mya-pop.png]
[www.southampton.ac.uk/_cpd/pies/2.8mya-popup.png]
[www.southampton.ac.uk/_cpd/pies/3mya-tectonics.html]
[www.southampton.ac.uk/_cpd/pies/2.7mya.png]
[www.southampton.ac.uk/_cpd/pies/2.6mya.png]
[www.southampton.ac.uk/_cpd/pies/2.588mya.png]
[www.southampton.ac.uk/_cpd/pies/2.4mya.png]
[www.southampton.ac.uk/_cpd/pies/2.12mya.png]
[www.southampton.ac.uk/_cpd/pies/2mya-pop.png]
[www.southampton.ac.uk/_cpd/pies/2mya-popup.png]
[www.southampton.ac.uk/_cpd/pies/1.8mya.png]
[www.southampton.ac.uk/_cpd/pies/1.77mya.png]
[www.southampton.ac.uk/_cpd/pies/1.7mya.png]
[www.southampton.ac.uk/_cpd/pies/1.5mya-pop.png]
[www.southampton.ac.uk/_cpd/pies/1.5mya-popup.png]
[www.southampton.ac.uk/_cpd/pies/1.5mya.png]
[www.southampton.ac.uk/_cpd/pies/1.45mya.png]
[www.southampton.ac.uk/_cpd/pies/1.4mya.png]
[www.southampton.ac.uk/_cpd/pies/1mya-pop.png]
[www.southampton.ac.uk/_cpd/pies/1mya-popup.png]
[www.southampton.ac.uk/_cpd/pies/1mya.png]
[www.southampton.ac.uk/_cpd/pies/0.9mya.png]
[www.southampton.ac.uk/_cpd/pies/0.8mya.png]
[www.southampton.ac.uk/_cpd/pies/0.7mya.png]
[www.southampton.ac.uk/_cpd/pies/0.5mya.png]
[www.southampton.ac.uk/_cpd/pies/0.476mya.png]
[www.southampton.ac.uk/_cpd/pies/0.45mya.png]
[www.southampton.ac.uk/_cpd/pies/0.43mya.png]
[www.southampton.ac.uk/_cpd/pies/0.4mya.png]
[www.southampton.ac.uk/_cpd/pies/0.32mya.png]
[www.southampton.ac.uk/_cpd/pies/Colour-ochre.html]
[www.southampton.ac.uk/_cpd/pies/0.315mya-pop.png]
[www.southampton.ac.uk/_cpd/pies/0.315mya-popup.png]
[www.southampton.ac.uk/_cpd/pies/0.3mya.png]
[www.southampton.ac.uk/_cpd/pies/0.25mya.png]
[www.southampton.ac.uk/_cpd/pies/0.23mya.png]
[www.southampton.ac.uk/_cpd/pies/0.21mya.png]
[www.southampton.ac.uk/_cpd/pies/0.2mya.png]
[www.southampton.ac.uk/_cpd/pies/0.176mya.png]
[www.southampton.ac.uk/_cpd/pies/0.17mya-pop.png]
[www.southampton.ac.uk/_cpd/pies/0.17mya-popup.png]
[www.southampton.ac.uk/_cpd/pies/0.16mya.png]
[www.southampton.ac.uk/_cpd/pies/0.142mya-pop.png]
[www.southampton.ac.uk/_cpd/pies/0.142mya-popup.png]
[www.southampton.ac.uk/_cpd/pies/0.126mya.png]
[www.southampton.ac.uk/_cpd/pies/0.125mya.png]
[www.southampton.ac.uk/_cpd/pies/0.12mya.png]
[www.southampton.ac.uk/_cpd/pies/0.11mya-pop.png]
[www.southampton.ac.uk/_cpd/pies/0.11mya-popup.png]
[www.southampton.ac.uk/_cpd/pies/0.105mya.png]
[www.southampton.ac.uk/_cpd/pies/0.1mya.png]
[www.southampton.ac.uk/_cpd/pies/Colour-charcoal.html]
[www.southampton.ac.uk/_cpd/pies/0.09mya.png]
[www.southampton.ac.uk/_cpd/pies/0.078mya.png]
[www.southampton.ac.uk/_cpd/pies/0.077mya.png]
[www.southampton.ac.uk/_cpd/pies/0.075mya.png]
[www.southampton.ac.uk/_cpd/pies/0.073mya-pop.png]
[www.southampton.ac.uk/_cpd/pies/0.073mya-popup.png]
[www.southampton.ac.uk/_cpd/pies/0.071mya.png]
[www.southampton.ac.uk/_cpd/pies/0.07mya.png]
[www.southampton.ac.uk/_cpd/pies/0.065mya.png]
[www.southampton.ac.uk/_cpd/pies/0.0648mya.png]
[www.southampton.ac.uk/_cpd/pies/0.0617mya.png]
[www.southampton.ac.uk/_cpd/pies/0.06mya.png]
[www.southampton.ac.uk/_cpd/pies/0.054mya.png]
[www.southampton.ac.uk/_cpd/pies/0.0512mya-pop.png]
[www.southampton.ac.uk/_cpd/pies/0.0512mya-popup.png]
[www.southampton.ac.uk/_cpd/pies/0.051mya.png]
[www.southampton.ac.uk/_cpd/pies/0.05mya.png]
[www.southampton.ac.uk/_cpd/pies/0.0485mya.png]
[www.southampton.ac.uk/_cpd/pies/0.048mya.png]
[www.southampton.ac.uk/_cpd/pies/0.046mya.png]
[www.southampton.ac.uk/_cpd/pies/0.045mya.png]
[www.southampton.ac.uk/_cpd/pies/0.044mya.png]
[www.southampton.ac.uk/_cpd/pies/0.042mya.png]
[www.southampton.ac.uk/_cpd/pies/Music.html]
[www.southampton.ac.uk/_cpd/pies/0.0415mya.png]
[www.southampton.ac.uk/_cpd/pies/0.04mya.png]
[www.southampton.ac.uk/_cpd/pies/0.04mya-pop.png]
[www.southampton.ac.uk/_cpd/pies/0.04mya-popup.png]
[www.southampton.ac.uk/_cpd/pies/0.037mya.png]
[www.southampton.ac.uk/_cpd/pies/0.035mya.png]
[www.southampton.ac.uk/_cpd/pies/Azema.html]
[www.southampton.ac.uk/_cpd/pies/0.034mya.png]
[www.southampton.ac.uk/_cpd/pies/0.0326mya.png]
[www.southampton.ac.uk/_cpd/pies/0.032mya.png]
[www.southampton.ac.uk/_cpd/pies/0.031mya.png]
[www.southampton.ac.uk/_cpd/pies/0.03mya.png]
[www.southampton.ac.uk/_cpd/pies/0.0295mya.png]
[www.southampton.ac.uk/_cpd/pies/0.027mya.png]
[www.southampton.ac.uk/_cpd/pies/0.025mya.png]
[www.southampton.ac.uk/_cpd/pies/0.024mya.png]
[www.southampton.ac.uk/_cpd/pies/0.023mya.png]
[www.southampton.ac.uk/_cpd/pies/0.023mya-pop.png]
[www.southampton.ac.uk/_cpd/pies/0.023mya-popup.png]
[www.southampton.ac.uk/_cpd/pies/0.022mya.png]
[www.southampton.ac.uk/_cpd/pies/0.02mya.png]
[www.southampton.ac.uk/_cpd/pies/0.019mya.png]
[www.southampton.ac.uk/_cpd/pies/0.016mya.png]
[www.southampton.ac.uk/_cpd/pies/0.015mya.png]
[www.southampton.ac.uk/_cpd/pies/0.0144mya.png]
[www.southampton.ac.uk/_cpd/pies/0.014mya.png]
[www.southampton.ac.uk/_cpd/pies/0.0134mya.png]
[www.southampton.ac.uk/_cpd/pies/0.013mya.png]
[www.southampton.ac.uk/_cpd/pies/0.0128mya.png]
[www.southampton.ac.uk/_cpd/pies/0.0123mya.png]
[www.southampton.ac.uk/_cpd/pies/0.012mya.png]
[www.southampton.ac.uk/_cpd/pies/0.0117mya.png]
[www.southampton.ac.uk/_cpd/pies/0.0116mya.png]
[oi-idb-static.uchicago.edu/multimedia/1234/AF_2.pdf]
[www.southampton.ac.uk/_cpd/pies/Colour-hematite.html]
[www.southampton.ac.uk/_cpd/pies/Hymn.html]
[www.southampton.ac.uk/_cpd/pies/Ramose.html]
[blog.smb.museum/wp-content/uploads/2020/11/h_00087532-1095x1400.jpg]
[www.southampton.ac.uk/_cpd/pies/Bach.html]
[www.nationalarchives.gov.uk/wp-content/uploads/2015/01/magna-carta-1215-salisbury-cathedral1.jpg]
[upload.wikimedia.org/wikipedia/commons/7/7a/Catalan_Atlas_BNF_Sheet_6_Western_Sahara.jpg]
[nationalhumanitiescenter.org/pds/amerbegin/contact/text1/columbusletter.pdf]
[www.southampton.ac.uk/_cpd/pies/Grove.html]
[www.southampton.ac.uk/_cpd/pies/Distances.html]
[www.southampton.ac.uk/_cpd/pies/Beethoven.html]
[upload.wikimedia.org/wikipedia/commons/5/5c/View_from_the_Window_at_Le_Gras,_Joseph_Nicéphore_Niépce.jpg]
[upload.wikimedia.org/wikipedia/commons/d/d3/Boulevard_du_Temple_by_Daguerre.jpg]
[www.southampton.ac.uk/_cpd/pies/Waves.html]
[en.wikipedia.org/wiki/File_Standard_Model_of_Elementary_Particles.html]
[www.southampton.ac.uk/_cpd/pies/Antibiotic-resistance.html]
[airandspace.si.edu/sites/default/files/images/stories/Bell X-1 NASM-9A02391.jpg]
[www.un.org/en/genocideprevention/documents/atrocity-crimes/Doc.1_Convention on the Prevention and Punishment of the Crime of Genocide.pdf]
[www.iaea.org/sites/default/files/26404794246.pdf]
[archive.org/details/beatlesunsurpassedmasters1/b3at13sUnsurpMastVol1of7-YUP/11-From+Me+To+You.html]
[www.southampton.ac.uk/_cpd/pies/Mitchell.html]
[sustainabledevelopment.un.org/content/documents/5987our-common-future.pdf]
[tools.bitbo.io/assets/bitcoin.pdf]
[www.oregon.gov/oha/PH/PROVIDERPARTNERRESOURCES/EVALUATIONRESEARCH/DEATHWITHDIGNITYACT/Documents/statute.pdf]
[www.economist.com/sites/default/files/special-reports-pdfs/13092764.pdf]
[www.cbd.int/gbo/gbo5/publication/gbo-5-spm-en.pdf]
[www.southampton.ac.uk/_cpd/pies/88mya-tectonics.html]
[www.ipcc.ch/site/assets/uploads/2021/08/IPCC_WGI-AR6-Press-Release_en.pdf]
[www.southampton.ac.uk/_cpd/pies/AI.html]
[www.southampton.ac.uk/_cpd/pies/13800mya-footnote1.png]
[www.southampton.ac.uk/_cpd/pies/4570mya-footnote1.png]
[www.southampton.ac.uk/_cpd/pies/4500mya-footnote1.png]
[www.southampton.ac.uk/_cpd/pies/4000mya-footnote1.png]
[www.southampton.ac.uk/_cpd/pies/178mya-footnote1.png]
[www.southampton.ac.uk/_cpd/pies/2.8mya-footnote1.png]
[www.southampton.ac.uk/_cpd/pies/178mya-footnote2.png]
[www.southampton.ac.uk/_cpd/pies/66mya-footnote2.png]
[www.southampton.ac.uk/_cpd/pies/55mya-footnote2.png]
[www.southampton.ac.uk/_cpd/pies/2.8mya-footnote2.png]
[www.southampton.ac.uk/_cpd/pies/2.8mya-footnote3.png]
[www.southampton.ac.uk/_cpd/pies/0.315mya-footnote3.png]
[www.southampton.ac.uk/_cpd/pies/0.176mya-footnote3.png]
[www.southampton.ac.uk/_cpd/pies/0.04mya-footnote3.png]
[www.southampton.ac.uk/_cpd/pies/0.0115mya-footnote3.png]
[www.southampton.ac.uk/_cpd/pies/4000mya-pop-footnote1.png]
[www.southampton.ac.uk/_cpd/pies/4000mya-popup-footnote1.png]
[www.southampton.ac.uk/_cpd/pies/0.04mya-pop-footnote3.png]
[www.southampton.ac.uk/_cpd/pies/0.04mya-popup-footnote3.png]
[www.southampton.ac.uk/_cpd/pies/2.8mya-pop-footnote2.png]
[www.southampton.ac.uk/_cpd/pies/2.8mya-popup-footnote2.png]
[www.southampton.ac.uk/_cpd/pies/178mya-pop-footnote1.png]
[www.southampton.ac.uk/_cpd/pies/178mya-popup-footnote1.png]
[www.southampton.ac.uk/_cpd/pies/Areas.html]
[www.southampton.ac.uk/_cpd/history.html]
[www.southampton.ac.uk/_cpd/pies/200mya-tectonics.html]
[www.southampton.ac.uk/_cpd/96org_files/themedata.thmx]
[c.statcounter.com/12416706/0/f34a44cb/1/index.html]
[www.southampton.ac.uk/_cpd/96org_files/colorschememapping.xml]
[www.southampton.ac.uk/_cpd/Image1.jpg]
[www.southampton.ac.uk/_cpd/96org.html]
[www.dgwildlife.com/img/s/v-10/p1951309297-4.jpg]
[bweiler90.wordpress.com/wp-content/uploads/2013/06/img_classification_levels.jpg]
[www.ipcc.ch/site/assets/uploads/sites/2/2019/09/SR15_Slide_Deck.pdf]
[www.cbd.int/gbo/gbo4/gbo4-water-en.pdf]
[www.parliament.uk/documents/post/postpn_379-Evidence-Based-Conservation.25d.delayed]
[www.rspb.org.uk/globalassets/downloads/get-involved/campaigning/lobbying-your-local-council.html]
[wedocs.unep.org/bitstream/handle/20.500.11822/25950/sustainable_agriculture1d11.pdf]
[www.europarl.europa.eu/RegData/etudes/BRIE/2019/633143/EPRS_BRI(2019)633143_EN.pdf]
[www.southampton.ac.uk/_cpd/HowWeCanHaltBiodiversityLoss.html]
[www.southampton.ac.uk/_cpd/anovas/datasets/index-2.html]
[c.statcounter.com/12801671/0/6c0e4bb3/1/index.html]
[www.southampton.ac.uk/_cpd/programs/index_files/filelist.xml]
[www.southampton.ac.uk/_cpd/programs/index_files/item0006.263.delayed]
[www.southampton.ac.uk/_cpd/programs/index_files/themedata.thmx]
[www.southampton.ac.uk/_cpd/programs/index_files/colorschememapping.xml]
[www.southampton.ac.uk/_cpd/index-2.html]
[www.southampton.ac.uk/_cpd/programs/Alarm.exe]
[www.southampton.ac.uk/_cpd/programs/BIFURCATpreWindows7.EXE]
[www.southampton.ac.uk/_cpd/programs/BONFERRO.exe]
[www.southampton.ac.uk/_cpd/programs/BOX_COXpreWindows7.EXE]
[www.southampton.ac.uk/_cpd/programs/CALCULAT.exe]
[www.southampton.ac.uk/_cpd/programs/CHI.exe]
[www.southampton.ac.uk/_cpd/programs/CHR$CHAR.exe]
[www.southampton.ac.uk/_cpd/programs/CONES.EXE]
[www.southampton.ac.uk/_cpd/programs/CURVE.exe]
[www.southampton.ac.uk/_cpd/programs/TILES.exe]
[www.southampton.ac.uk/_cpd/programs/CTILES.exe]
[www.southampton.ac.uk/_cpd/programs/DRIFT.exe]
[www.southampton.ac.uk/_cpd/programs/Animal01.txt]
[www.southampton.ac.uk/_cpd/programs/Animal02.txt]
[www.southampton.ac.uk/_cpd/programs/DYNAMIC.exe]
[www.southampton.ac.uk/_cpd/programs/ESP.exe]
[www.southampton.ac.uk/_cpd/programs/EXACT.exe]
[www.southampton.ac.uk/_cpd/programs/CONTIN.exe]
[www.southampton.ac.uk/_cpd/programs/FACTOR.exe]
[www.southampton.ac.uk/_cpd/programs/FISHER.exe]
[www.southampton.ac.uk/_cpd/programs/GENEOLOG.exe]
[www.southampton.ac.uk/_cpd/programs/GLOBE.exe]
[www.southampton.ac.uk/_cpd/programs/GLOBERAN.exe]
[www.southampton.ac.uk/_cpd/programs/INCIDEN.exe]
[www.southampton.ac.uk/_cpd/programs/ITERAT.exe]
[www.southampton.ac.uk/_cpd/programs/JACKNIFE.exe]
[www.southampton.ac.uk/_cpd/programs/LINEDIS.exe]
[www.southampton.ac.uk/_cpd/programs/MANTEL.exe]
[www.southampton.ac.uk/_cpd/programs/METAMOD.exe]
[www.southampton.ac.uk/_cpd/programs/MODEL2.exe]
[www.southampton.ac.uk/_cpd/programs/NUMRES.exe]
[www.southampton.ac.uk/_cpd/programs/PASCAL.exe]
[www.southampton.ac.uk/_cpd/programs/PERM.exe]
[www.southampton.ac.uk/_cpd/programs/PERMII.exe]
[www.southampton.ac.uk/_cpd/programs/PI.exe]
[www.southampton.ac.uk/_cpd/programs/PRIME.exe]
[www.southampton.ac.uk/_cpd/programs/RANFILE.exe]
[www.southampton.ac.uk/_cpd/programs/STATIC.exe]
[www.southampton.ac.uk/_cpd/programs/SETRISE.exe]
[www.southampton.ac.uk/_cpd/programs/TABLES.exe]
[www.southampton.ac.uk/_cpd/programs/T-TEST.exe]
[www.southampton.ac.uk/_cpd/programs/Timer.exe]
[www.southampton.ac.uk/_cpd/programs/Trading.exe]
[www.southampton.ac.uk/_cpd/programs/Z-TEST.exe]
[www.southampton.ac.uk/_cpd/programs/index.html]
[www.southampton.ac.uk/_cpd/interact_files/filelist.xml]
[www.southampton.ac.uk/_cpd/interact_files/themedata.thmx]
[www.southampton.ac.uk/_cpd/interact_files/colorschememapping.xml]
[www.southampton.ac.uk/_cpd/interact_files/header.htm]
[www.southampton.ac.uk/_cpd/track.zip]
[www.southampton.ac.uk/_cpd/Doncaster_1990_ JTheorBiol.pdf]
[www.southampton.ac.uk/_cpd/interact.html]
[www.southampton.ac.uk/_cpd/Ecal2013.html]
[www.southampton.ac.uk/_cpd/Ecal2011.html]
[www.southampton.ac.uk/_cpd/anovas/index_files/editdata.html]
[www.southampton.ac.uk/_cpd/mean2_files/editdata.html]
[www.southampton.ac.uk/_cpd/mean2_files/oledata.html]
[www.southampton.ac.uk/_cpd/term_files/editdata.html]
[www.southampton.ac.uk/_cpd/term_files/oledata.html]
[c.statcounter.com/9010802/0/50a3b344/1/index.html]
[www.southampton.ac.uk/_cpd/anovas/datasets/index_files/editdata.html]
[www.southampton.ac.uk/_cpd/anovas/datasets/ANOVA.html]
[www.southampton.ac.uk/_cpd/anovas/datasets/ANCOVA.html]
[www.southampton.ac.uk/_cpd/anovas/datasets/Model.html]
[www.southampton.ac.uk/_cpd/anovas/datasets/Hypothesis.html]
[www.southampton.ac.uk/_cpd/anovas/datasets/Response.html]
[www.southampton.ac.uk/_cpd/anovas/datasets/Factor.html]
[www.southampton.ac.uk/_cpd/anovas/datasets/Residual_files/filelist.xml]
[www.southampton.ac.uk/_cpd/anovas/datasets/Residual.html]
[www.southampton.ac.uk/_cpd/anovas/datasets/Notation_files/filelist.xml]
[www.southampton.ac.uk/_cpd/anovas/datasets/Notation.html]
[www.southampton.ac.uk/_cpd/anovas/datasets/Terms.html]
[www.southampton.ac.uk/_cpd/anovas/datasets/Nesting.html]
[www.southampton.ac.uk/_cpd/anovas/datasets/Cross factor.html]
[www.southampton.ac.uk/_cpd/anovas/datasets/Covariate.html]
[www.southampton.ac.uk/_cpd/anovas/datasets/Restricted.html]
[www.southampton.ac.uk/_cpd/anovas/datasets/Unrestricted.html]
[www.southampton.ac.uk/_cpd/anovas/datasets/Model 1.html]
[www.southampton.ac.uk/_cpd/anovas/datasets/Model 2.html]
[www.southampton.ac.uk/_cpd/anovas/datasets/F ratio.html]
[www.southampton.ac.uk/_cpd/anovas/datasets/Degrees of freedom.html]
[www.southampton.ac.uk/_cpd/anovas/datasets/Significance.html]
[www.southampton.ac.uk/_cpd/anovas/datasets/Pooling_files/filelist.xml]
[www.southampton.ac.uk/_cpd/anovas/datasets/Pooling.html]
[www.southampton.ac.uk/_cpd/anovas/datasets/Quasi F_files/filelist.xml]
[www.southampton.ac.uk/_cpd/anovas/datasets/Quasi F.html]
[www.southampton.ac.uk/_cpd/anovas/datasets/Assumptions_files/filelist.xml]
[www.southampton.ac.uk/_cpd/anovas/datasets/Assumptions.html]
[www.southampton.ac.uk/_cpd/anovas/datasets/Balance.html]
[www.southampton.ac.uk/_cpd/anovas/datasets/Orthogonality.html]
[www.southampton.ac.uk/_cpd/anovas/datasets/Adjusted SS.html]
[www.southampton.ac.uk/_cpd/anovas/datasets/Mixed model.html]
[www.southampton.ac.uk/_cpd/anovas/datasets/Replication.html]
[www.southampton.ac.uk/_cpd/anovas/datasets/Blocked sampling units_files/filelist.xml]
[www.southampton.ac.uk/_cpd/anovas/datasets/Blocked sampling units.html]
[www.southampton.ac.uk/_cpd/anovas/datasets/Block.html]
[www.southampton.ac.uk/_cpd/anovas/datasets/Balanced incomplete block.html]
[www.southampton.ac.uk/_cpd/anovas/datasets/Doncaster&Davey - Model 4_1 Balanced incomplete blocks variant-2.txt]
[www.southampton.ac.uk/_cpd/anovas/datasets/Latin squares_files/filelist.xml]
[www.southampton.ac.uk/_cpd/anovas/datasets/Latin squares_files/themedata.thmx]
[www.southampton.ac.uk/_cpd/anovas/datasets/Latin squares_files/colorschememapping.xml]
[www.southampton.ac.uk/_cpd/anovas/datasets/Latin squares.html]
[www.southampton.ac.uk/_cpd/anovas/datasets/Doncaster&Davey - Model 4_1 Latin square variant-2.txt]
[www.southampton.ac.uk/_cpd/anovas/datasets/Youden square.html]
[www.southampton.ac.uk/_cpd/anovas/datasets/Complete block.html]
[www.southampton.ac.uk/_cpd/anovas/datasets/Doncaster&Davey - Model 4_1 Youden square variant-2.txt]
[www.southampton.ac.uk/_cpd/anovas/datasets/Split-plot sampling units_files/filelist.2ab.delayed]
[www.southampton.ac.uk/_cpd/anovas/datasets/Split-plot sampling units.html]
[www.southampton.ac.uk/_cpd/anovas/datasets/Repeated-measures sampling units_files/filelist.xml]
[www.southampton.ac.uk/_cpd/anovas/datasets/Repeated-measures sampling units.html]
[www.southampton.ac.uk/_cpd/anovas/datasets/Critical F_files/filelist.xml]
[www.southampton.ac.uk/_cpd/anovas/datasets/Critical F_files/editdata.mso]
[www.southampton.ac.uk/_cpd/anovas/datasets/Critical F_files/image002.gif]
[www.southampton.ac.uk/_cpd/anovas/datasets/Critical F_files/image004.gif]
[www.southampton.ac.uk/_cpd/anovas/datasets/Critical F_files/image006.gif]
[www.southampton.ac.uk/_cpd/anovas/datasets/Critical F.html]
[www.southampton.ac.uk/_cpd/anovas/datasets/Type-1 error.html]
[www.southampton.ac.uk/_cpd/anovas/datasets/Youden square-2.html]
[www.southampton.ac.uk/_cpd/anovas/datasets/Contrast sets_files/filelist.xml]
[www.southampton.ac.uk/_cpd/anovas/datasets/Contrast sets_files/editdata.mso]
[www.southampton.ac.uk/_cpd/anovas/datasets/Contrast sets_files/themedata.thmx]
[www.southampton.ac.uk/_cpd/anovas/datasets/Contrast sets_files/colorschememapping.xml]
[www.southampton.ac.uk/_cpd/anovas/datasets/Contrast sets_files/image002.gif]
[www.southampton.ac.uk/_cpd/anovas/datasets/Contrast sets_files/image004.gif]
[www.southampton.ac.uk/_cpd/anovas/datasets/Contrast sets_files/image006.gif]
[www.southampton.ac.uk/_cpd/anovas/datasets/Contrast sets.html]
[www.southampton.ac.uk/_cpd/anovas/datasets/GLM.html]
[www.southampton.ac.uk/_cpd/anovas/datasets/Adjusted SS]
[www.southampton.ac.uk/_cpd/anovas/datasets/Sequential SS.html]
[c34.statcounter.com/3049886/0/3188b015/0/index.html]
[www.southampton.ac.uk/_cpd/anovas/datasets/Orthogonal contrasts_files/editdata.html]
[c.statcounter.com/8378011/0/b6fd1145/1/index.html]
[www.southampton.ac.uk/_cpd/anovas/datasets/Power_files/editdata.html]
[www.southampton.ac.uk/_cpd/anovas/datasets/Power_files/oledata.html]
[www.southampton.ac.uk/_cpd/anovas/datasets/Beta function_files/filelist.xml]
[www.southampton.ac.uk/_cpd/anovas/datasets/Beta function_files/image002.gif]
[www.southampton.ac.uk/_cpd/anovas/datasets/Beta function_files/image004.gif]
[www.southampton.ac.uk/_cpd/anovas/datasets/Beta function_files/image006.gif]
[www.southampton.ac.uk/_cpd/anovas/datasets/Beta function_files/image008.gif]
[www.southampton.ac.uk/_cpd/anovas/datasets/Beta function.html]
[www.southampton.ac.uk/_cpd/anovas/datasets/Density function of central F_files/filelist.xml]
[www.southampton.ac.uk/_cpd/anovas/datasets/Density function of central F_files/editdata.mso]
[www.southampton.ac.uk/_cpd/anovas/datasets/Density function of central F_files/image004.gif]
[www.southampton.ac.uk/_cpd/anovas/datasets/Density function of central F_files/image009.gif]
[www.southampton.ac.uk/_cpd/anovas/datasets/Density function of central F.html]
[www.southampton.ac.uk/_cpd/anovas/datasets/Normal approximation_files/filelist.xml]
[www.southampton.ac.uk/_cpd/anovas/datasets/Normal approximation_files/image002.gif]
[www.southampton.ac.uk/_cpd/anovas/datasets/Normal approximation_files/image004.gif]
[www.southampton.ac.uk/_cpd/anovas/datasets/Normal approximation_files/image006.gif]
[www.southampton.ac.uk/_cpd/anovas/datasets/Normal approximation.html]
[cdn.mathjax.org/mathjax/latest/MathJaxdda6.js]
[www.southampton.ac.uk/_cpd/anovas/datasets/PlotMeans.html]
[c.statcounter.com/8377886/0/515e8e69/1/index.html]
[www.southampton.ac.uk/_cpd/pies/TimelineArrowL.png]
[www.southampton.ac.uk/_cpd/pies/ReturnArrow.png]
[www.southampton.ac.uk/_cpd/pies/divider-I.png]
[www.southampton.ac.uk/_cpd/pies/divider-II-1.png]
[www.southampton.ac.uk/_cpd/pies/divider-II-2.png]
[www.southampton.ac.uk/_cpd/pies/divider-III-3.png]
[www.southampton.ac.uk/_cpd/pies/divider-III-4.png]
[www.southampton.ac.uk/_cpd/pies/divider-III-5.png]
[www.southampton.ac.uk/_cpd/pies/divider-III-6.png]
[www.southampton.ac.uk/_cpd/pies/divider-III-7.png]
[www.southampton.ac.uk/_cpd/pies/divider-III-8.png]
[www.southampton.ac.uk/_cpd/pies/divider-IV-9.png]
[www.southampton.ac.uk/_cpd/history-summary.html]
[www.southampton.ac.uk/_cpd/pies/SummaryArrowL.png]
[www.southampton.ac.uk/_cpd/history-synopsis.html]
[www.southampton.ac.uk/_cpd/pies/1640mya-tectonics.html]
[c.statcounter.com/12775200/0/2598eccf/1/index.html]
[c.statcounter.com/12791255/0/daf30281/1/index.html]
[www.southampton.ac.uk/_cpd/pies/Colour-indigo.html]
[www.southampton.ac.uk/_cpd/pies/Colours - indigo.png]
[spaceweather.com/images2021/26dec21/cometleonard_strip2.jpg]
[www.southampton.ac.uk/_cpd/pies/Comet.html]
[www.youtube.com/iframe_api]
[www.southampton.ac.uk/_cpd/pies/Tectonics.html]
[www.southampton.ac.uk/_cpd/pies/Colours - cyan.png]
[www.southampton.ac.uk/_cpd/pies/Colour-cyan.html]
[www.southampton.ac.uk/_cpd/pies/1500mya-tectonics.html]
[www.southampton.ac.uk/_cpd/pies/1000mya-tectonics.html]
[www.southampton.ac.uk/_cpd/pies/Comb-jelly.html]
[www.southampton.ac.uk/_cpd/pies/717mya-tectonics.html]
[www.southampton.ac.uk/_cpd/pies/635mya-tectonics.html]
[www.southampton.ac.uk/_cpd/pies/540mya-tectonics.html]
[www.southampton.ac.uk/_cpd/pies/Colours - green.png]
[www.southampton.ac.uk/_cpd/pies/Colour-green.html]
[www.southampton.ac.uk/_cpd/pies/500mya-tectonics.html]
[www.southampton.ac.uk/_cpd/pies/445mya-tectonics.html]
[www.southampton.ac.uk/_cpd/pies/407mya-tectonics.html]
[www.southampton.ac.uk/_cpd/pies/395mya-tectonics.html]
[www.southampton.ac.uk/_cpd/pies/390mya-tectonics.html]
[www.southampton.ac.uk/_cpd/pies/380mya-tectonics.html]
[www.southampton.ac.uk/_cpd/pies/375mya-tectonics.html]
[www.southampton.ac.uk/_cpd/pies/350mya-tectonics.html]
[www.southampton.ac.uk/_cpd/pies/340mya-tectonics.html]
[www.southampton.ac.uk/_cpd/pies/305mya-tectonics.html]
[www.southampton.ac.uk/_cpd/pies/289mya-tectonics.html]
[www.southampton.ac.uk/_cpd/pies/252mya-tectonics.html]
[www.southampton.ac.uk/_cpd/pies/233mya-tectonics.html]
[www.southampton.ac.uk/_cpd/pies/210mya-tectonics.html]
[www.southampton.ac.uk/_cpd/pies/201mya-tectonics.html]
[www.southampton.ac.uk/_cpd/pies/178mya-tectonics.html]
[www.southampton.ac.uk/_cpd/pies/150mya-tectonics.html]
[www.southampton.ac.uk/_cpd/pies/135mya-tectonics.html]
[www.southampton.ac.uk/_cpd/pies/101mya-tectonics.html]
[www.southampton.ac.uk/_cpd/pies/92mya-tectonics.html]
[www.southampton.ac.uk/_cpd/pies/66mya-tectonics.html]
[www.southampton.ac.uk/_cpd/pies/55mya-tectonics.html]
[www.southampton.ac.uk/_cpd/pies/44mya-tectonics.html]
[www.southampton.ac.uk/_cpd/pies/34mya-tectonics.html]
[www.southampton.ac.uk/_cpd/pies/25mya-tectonics.html]
[www.southampton.ac.uk/_cpd/pies/16mya-tectonics.html]
[www.southampton.ac.uk/_cpd/pies/13mya-tectonics.html]
[www.southampton.ac.uk/_cpd/pies/7mya-tectonics.html]
[www.southampton.ac.uk/_cpd/pies/3mya-tectonics.html]
[www.southampton.ac.uk/_cpd/pies/Colours - ochre.png]
[www.southampton.ac.uk/_cpd/pies/Colour-ochre.html]
[www.southampton.ac.uk/_cpd/pies/Colours - charcoal.png]
[www.southampton.ac.uk/_cpd/pies/Colour-charcoal.html]
[www.southampton.ac.uk/_cpd/pies/Music.mp4]
[ia800204.us.archive.org/27/items/Beethoven-BagatellesOp.119No.1-11forGuitar/11BagatellesOp.119-10.mp3]
[www.southampton.ac.uk/_cpd/pies/Music.html]
[www.southampton.ac.uk/_cpd/pies/Azema.html]
[www.southampton.ac.uk/_cpd/pies/Colours - hematite.png]
[www.southampton.ac.uk/_cpd/pies/Colour-hematite.html]
[www.southampton.ac.uk/_cpd/pies/Hymn.html]
[homepages.bluffton.edu/_sullivanm/egypt/thebes/ramose/relief11.jpg]
[www.southampton.ac.uk/_cpd/pies/Ramose.html]
[www.southampton.ac.uk/_cpd/pies/Bach.html]
[vmirror.imslp.org/files/imglnks/usimg/f/fd/IMSLP410097-PMLP569344-Fugue_No._17_in_A-flat_major,_BWV_862.mp3]
[www.southampton.ac.uk/_cpd/pies/grove.png]
[www.southampton.ac.uk/_cpd/pies/Grove.html]
[www.southampton.ac.uk/_cpd/pies/Distances.html]
[www.southampton.ac.uk/_cpd/pies/Beethoven.html]
[www.southampton.ac.uk/_cpd/pies/Waves.png]
[www.southampton.ac.uk/_cpd/pies/Waves.html]
[www.southampton.ac.uk/_cpd/pies/Antibiotic-resistance.html]
[www.southampton.ac.uk/_cpd/pies/Mitchell.html]
[www.southampton.ac.uk/_cpd/pies/88mya-tectonics.html]
[www.southampton.ac.uk/_cpd/pies/AI.html]
[www.southampton.ac.uk/_cpd/pies/Areas.png]
[www.southampton.ac.uk/_cpd/pies/Areas.html]
[www.southampton.ac.uk/_cpd/pies/200mya-tectonics.html]
[www.southampton.ac.uk/_cpd/index-2.html]
[www.southampton.ac.uk/_cpd/interact_files/themedata.html]
[www.southampton.ac.uk/_cpd/interact_files/header.html]
[www.southampton.ac.uk/_cpd/anovas/datasets/Critical F_files/editdata.html]
[www.southampton.ac.uk/_cpd/anovas/datasets/Critical F_files/oledata.html]
[www.southampton.ac.uk/_cpd/anovas/datasets/Contrast sets_files/editdata.html]
[www.southampton.ac.uk/_cpd/anovas/datasets/Adjusted SS-2.html]
[www.southampton.ac.uk/_cpd/anovas/datasets/Density function of central F_files/editdata.html]
[www.southampton.ac.uk/_cpd/anovas/datasets/Density function of central F_files/oledata.html]
[www.statcounter.com/counter/counter.js]
[www.southampton.ac.uk/_cpd/anovas/index_files/editdata.html]
[www.southampton.ac.uk/_cpd/index_files/image002.jpg]
[www.southampton.ac.uk/_cpd/index_files/image001.gif]
[www.southampton.ac.uk/_cpd/Measures of variation around the sample mean.pdf]
[www.southampton.ac.uk/_cpd/mean2_files/editdata.html]
[www.southampton.ac.uk/_cpd/mean2_files/filelist.xml]
[www.southampton.ac.uk/_cpd/term_files/image007.gif]
[www.southampton.ac.uk/_cpd/term_files/filelist.xml]
[www.southampton.ac.uk/_cpd/anovas/datasets/Doncaster&Davey - Model 1_1 One factor.txt]
[www.southampton.ac.uk/_cpd/anovas/datasets/Doncaster&Davey - Model 1_1 contrasts.txt]
[www.southampton.ac.uk/_cpd/anovas/datasets/Doncaster&Davey - Model 2_1 Two factor nested.txt]
[www.southampton.ac.uk/_cpd/anovas/datasets/Doncaster&Davey - Model 2_2 Three factor nested.txt]
[www.southampton.ac.uk/_cpd/anovas/datasets/Doncaster&Davey - Model 3_1 Two factor fully cross factored.txt]
[www.southampton.ac.uk/_cpd/anovas/datasets/Doncaster&Davey - Model 3_1 contrasts.txt]
[www.southampton.ac.uk/_cpd/anovas/datasets/Doncaster&Davey - Model 3_2 Three factor fully cross factored.txt]
[www.southampton.ac.uk/_cpd/anovas/datasets/Doncaster&Davey - Model 3_3 Cross factored with nesting.txt]
[www.southampton.ac.uk/_cpd/anovas/datasets/Doncaster&Davey - Model 3_4 nested cross factored.txt]
[www.southampton.ac.uk/_cpd/anovas/datasets/Doncaster&Davey - Model 4_1 One factor randomised block.txt]
[www.southampton.ac.uk/_cpd/anovas/datasets/Doncaster&Davey - Model 4_1 contrasts.txt]
[www.southampton.ac.uk/_cpd/anovas/datasets/Doncaster&Davey - Model 4_1 Balanced incomplete blocks variant.txt]
[www.southampton.ac.uk/_cpd/anovas/datasets/Doncaster&Davey - Model 4_1 Latin square variant.txt]
[www.southampton.ac.uk/_cpd/anovas/datasets/Doncaster&Davey - Model 4_1 Youden square variant.txt]
[www.southampton.ac.uk/_cpd/anovas/datasets/Doncaster&Davey - Model 4_2 Two factor randomised block.txt]
[www.southampton.ac.uk/_cpd/anovas/datasets/Doncaster&Davey - Model 4_2 contrasts.txt]
[www.southampton.ac.uk/_cpd/anovas/datasets/Doncaster&Davey - Model 4_3 Three factor randomised block.txt]
[www.southampton.ac.uk/_cpd/anovas/datasets/Doncaster&Davey - Model 5_1 Two-factor split plot (I).txt]
[www.southampton.ac.uk/_cpd/anovas/datasets/Doncaster&Davey - Model 5_2 Three factor split plot (I).txt]
[www.southampton.ac.uk/_cpd/term_files/editdata.html]
[www.southampton.ac.uk/_cpd/anovas/datasets/Doncaster&Davey - Model 5_3 Three factor split plot (II).txt]
[www.southampton.ac.uk/_cpd/anovas/datasets/Doncaster&Davey - Model 5_4 Split-split plot (I).txt]
[c.statcounter.com/9010802/0/50a3b344/1/index.html]
[www.southampton.ac.uk/_cpd/anovas/datasets/Doncaster&Davey - Model 5_5 Split-split plot (II).txt]
[www.southampton.ac.uk/_cpd/anovas/datasets/Doncaster&Davey - Model 5_6 Two factor split plot (II).txt]
[www.southampton.ac.uk/_cpd/anovas/datasets/LatinSquare.exe]
[www.southampton.ac.uk/_cpd/anovas/datasets/Doncaster&Davey - Model 5_7 Three factor split plot (III).txt]
[www.southampton.ac.uk/_cpd/anovas/datasets/Doncaster&Davey - Model 5_7 Three factor split plot (III) contrasts.txt]
[www.southampton.ac.uk/_cpd/anovas/datasets/Terms.exe]
[www.southampton.ac.uk/_cpd/anovas/datasets/CritiF.exe]
[www.southampton.ac.uk/_cpd/anovas/datasets/Doncaster&Davey - Model 5_8 Split plot with nesting.txt]
[c.statcounter.com/8377924/0/9b2cec0c/1/index.html]
[c34.statcounter.com/3049886/0/3188b015/0/index.html]
[www.southampton.ac.uk/_cpd/anovas/datasets/Orthogonal contrasts_files/colorschememapping.xml]
[www.southampton.ac.uk/_cpd/anovas/datasets/Contrasts.exe]
[www.southampton.ac.uk/_cpd/anovas/datasets/Power_files/editdata.html]
[www.southampton.ac.uk/_cpd/anovas/datasets/Power_files/filelist.xml]
[www.southampton.ac.uk/_cpd/anovas/datasets/R/Model1_1.txt]
[www.southampton.ac.uk/_cpd/anovas/datasets/R/Model1_1contrasts3.txt]
[www.southampton.ac.uk/_cpd/anovas/datasets/R/Model1_1contrasts5.txt]
[www.southampton.ac.uk/_cpd/anovas/datasets/R/Model2_1.txt]
[www.southampton.ac.uk/_cpd/anovas/datasets/R/Model2_2.txt]
[www.southampton.ac.uk/_cpd/anovas/datasets/R/Model3_1.txt]
[www.southampton.ac.uk/_cpd/anovas/datasets/R/Model3_1contrasts3.txt]
[c.statcounter.com/8377886/0/515e8e69/1/index.html]
[www.southampton.ac.uk/_cpd/anovas/datasets/R/Model3_1contrasts3x4.txt]
[www.southampton.ac.uk/_cpd/repmod2_files/filelist.html]
[www.southampton.ac.uk/_cpd/anovas/datasets/R/Model3_2.txt]
[www.southampton.ac.uk/_cpd/anovas/datasets/R/Model3_3.txt]
[www.southampton.ac.uk/_cpd/pies/13800mya-popup.png]
[www.southampton.ac.uk/_cpd/pies/3200mya-popup.png]
[www.southampton.ac.uk/_cpd/pies/2100mya-popup.png]
[www.southampton.ac.uk/_cpd/pies/1000mya.png]
[www.southampton.ac.uk/_cpd/pies/520mya-popup.png]
[www.southampton.ac.uk/_cpd/pies/500mya-popup.png]
[www.southampton.ac.uk/_cpd/pies/445mya-popup.png]
[www.southampton.ac.uk/_cpd/pies/Globe.svg]
[www.southampton.ac.uk/_cpd/pies/375mya-popup.png]
[www.southampton.ac.uk/_cpd/pies/340mya-popup.png]
[www.southampton.ac.uk/_cpd/pies/251.9mya-popup.png]
[www.southampton.ac.uk/_cpd/pies/233mya-popup.png]
[www.southampton.ac.uk/_cpd/pies/201.3mya-popup.png]
[www.southampton.ac.uk/_cpd/pies/150mya-popup.png]
[www.southampton.ac.uk/_cpd/pies/66mya-popup.png]
[www.southampton.ac.uk/_cpd/pies/2mya-popup.png]
[www.southampton.ac.uk/_cpd/pies/1mya-popup.png]
[www.southampton.ac.uk/_cpd/pies/0.315mya-pop.png]
[www.southampton.ac.uk/_cpd/pies/0.315mya-popup.png]
[www.southampton.ac.uk/_cpd/pies/0.17mya-popup.png]
[www.southampton.ac.uk/_cpd/pies/0.11mya-popup.png]
[www.southampton.ac.uk/_cpd/pies/0.105mya.png]
[www.southampton.ac.uk/_cpd/pies/0.0512mya-popup.png]
[www.southampton.ac.uk/_cpd/pies/0.0415mya.png]
[www.southampton.ac.uk/_cpd/pies/0.04mya.png]
[www.southampton.ac.uk/_cpd/pies/0.04mya-popup.png]
[nationalhumanitiescenter.org/pds/amerbegin/contact/text1/columbusletter.pdf]
[www.southampton.ac.uk/_cpd/pies/0.023mya-popup.png]
[upload.wikimedia.org/wikipedia/commons/d/d3/Boulevard_du_Temple_by_Daguerre.jpg]
[upload.wikimedia.org/wikipedia/commons/7/7a/Catalan_Atlas_BNF_Sheet_6_Western_Sahara.jpg]
[upload.wikimedia.org/wikipedia/commons/5/5c/View_from_the_Window_at_Le_Gras,_Joseph_Nicéphore_Niépce.jpg]
[www.economist.com/sites/default/files/special-reports-pdfs/13092764.pdf]
[www.ipcc.ch/site/assets/uploads/2021/08/IPCC_WGI-AR6-Press-Release_en.pdf]
[www.cbd.int/gbo/gbo5/publication/gbo-5-spm-en.pdf]
[www.iaea.org/sites/default/files/26404794246.pdf]
[c.statcounter.com/12416706/0/f34a44cb/1/index.html]
[www.southampton.ac.uk/_cpd/pies/0.04mya-popup-footnote3.png]
[www.dgwildlife.com/img/s/v-10/p1951309297-4.jpg]
[www.southampton.ac.uk/_cpd/pies/2.8mya-pop-footnote2.png]
[www.ipcc.ch/site/assets/uploads/sites/2/2019/09/SR15_Slide_Deck.pdf]
[www.cbd.int/gbo/gbo4/gbo4-water-en.pdf]
[www.southampton.ac.uk/_cpd/pies/2.8mya-popup-footnote2.png]
[wedocs.unep.org/bitstream/handle/20.500.11822/25950/sustainable_agriculture1d11.pdf]
[c.statcounter.com/12801671/0/6c0e4bb3/1/index.html]
[www.southampton.ac.uk/_cpd/96org_files/colorschememapping.xml]
[bweiler90.wordpress.com/wp-content/uploads/2013/06/img_classification_levels.jpg]
[www.europarl.europa.eu/RegData/etudes/BRIE/2019/633143/EPRS_BRI(2019)633143_EN.pdf]
[www.southampton.ac.uk/_cpd/programs/index_files/filelist.xml]
[www.southampton.ac.uk/_cpd/programs/index_files/themedata.thmx]
[www.southampton.ac.uk/_cpd/programs/index_files/colorschememapping.xml]
[www.southampton.ac.uk/_cpd/programs/Animal01.txt]
[www.southampton.ac.uk/_cpd/programs/Animal02.txt]
[www.southampton.ac.uk/_cpd/track.zip]
[www.southampton.ac.uk/_cpd/Doncaster_1990_ JTheorBiol.pdf]
[www.southampton.ac.uk/_cpd/anovas/datasets/Latin squares_files/themedata.thmx]
[www.southampton.ac.uk/_cpd/anovas/datasets/Latin squares_files/filelist.xml]
[www.southampton.ac.uk/_cpd/anovas/datasets/Doncaster&Davey - Model 4_1 Balanced incomplete blocks variant-2.txt]
[www.southampton.ac.uk/_cpd/anovas/datasets/Latin squares_files/colorschememapping.xml]
[www.southampton.ac.uk/_cpd/anovas/datasets/Doncaster&Davey - Model 4_1 Latin square variant-2.txt]
[www.southampton.ac.uk/_cpd/anovas/datasets/Doncaster&Davey - Model 4_1 Youden square variant-2.txt]
[www.southampton.ac.uk/_cpd/anovas/datasets/Critical F_files/filelist.xml]
[www.southampton.ac.uk/_cpd/anovas/datasets/Contrast sets_files/filelist.xml]
[www.southampton.ac.uk/_cpd/anovas/datasets/Contrast sets_files/colorschememapping.xml]
[cdn.mathjax.org/mathjax/latest/MathJaxdda6.js]
[www.southampton.ac.uk/_cpd/anovas/datasets/Beta function_files/filelist.xml]
[c.statcounter.com/12775200/0/2598eccf/1/index.html]
[c.statcounter.com/12791255/0/daf30281/1/index.html]
[www.southampton.ac.uk/_cpd/anovas/datasets/Density function of central F_files/filelist.xml]
[www.youtube.com/iframe_api]
[www.southampton.ac.uk/_cpd/anovas/datasets/Normal approximation_files/filelist.xml]
[spaceweather.com/images2021/26dec21/cometleonard_strip2.jpg]
[www.southampton.ac.uk/_cpd/pies/Colours - indigo.png]
[www.southampton.ac.uk/_cpd/pies/Music.mp4]
[homepages.bluffton.edu/_sullivanm/egypt/thebes/ramose/relief11.jpg]
[www.southampton.ac.uk/_cpd/pies/grove.png]
[ia800204.us.archive.org/27/items/Beethoven-BagatellesOp.119No.1-11forGuitar/11BagatellesOp.119-10.mp3]
[vmirror.imslp.org/files/imglnks/usimg/f/fd/IMSLP410097-PMLP569344-Fugue_No._17_in_A-flat_major,_BWV_862.mp3]
[en.wikipedia.org/w/load9ff2.css]
[commons.wikimedia.org/w/index8305.css]
[en.wikipedia.org/w/loada24d.css]
[en.wikipedia.org/static/apple-touch/wikipedia.png]
[en.wikipedia.org/static/favicon/wikipedia.ico]
[en.wikipedia.org/w/rest.php/v1/search]
[commons.wikimedia.org/wiki/File_Standard_Model_of_Elementary_Particles.html]
[creativecommons.org/licenses/by-sa/4.0/deed.html]
[en.wikipedia.org/static/images/icons/wikipedia.png]
[en.wikipedia.org/static/images/mobile/copyright/wikipedia-wordmark-en.svg]
[en.wikipedia.org/static/images/mobile/copyright/wikipedia-tagline-en.svg]
[upload.wikimedia.org/wikipedia/commons/thumb/2/2f/Standard_Model_of_Elementary_Particles_af.svg/120px-Standard_Model_of_Elementary_Particles_af.svg.png]
[upload.wikimedia.org/wikipedia/commons/thumb/1/18/Standard_Model_of_Elementary_Particles_afr.svg/120px-Standard_Model_of_Elementary_Particles_afr.svg.png]
[upload.wikimedia.org/wikipedia/commons/thumb/7/76/Standard_Model_of_Elementary_Particles-ca.svg/111px-Standard_Model_of_Elementary_Particles-ca.svg.png]
[upload.wikimedia.org/wikipedia/commons/thumb/1/1c/Standard_Model_of_Elementary_Particles-de.svg/120px-Standard_Model_of_Elementary_Particles-de.svg.png]
[upload.wikimedia.org/wikipedia/commons/thumb/2/20/Standard_Model_of_Elementary_Particles-et.svg/111px-Standard_Model_of_Elementary_Particles-et.svg.png]
[upload.wikimedia.org/wikipedia/commons/thumb/0/00/Standard_Model_of_Elementary_Particles.svg/120px-Standard_Model_of_Elementary_Particles.svg.png]
[upload.wikimedia.org/wikipedia/commons/thumb/2/2f/Partikloj_laŭ_Standarda_Modelo.svg/111px-Partikloj_laŭ_Standarda_Modelo.svg.png]
[upload.wikimedia.org/wikipedia/commons/thumb/f/fd/Standard_Model_of_Elementary_Particles-es.svg/111px-Standard_Model_of_Elementary_Particles-es.svg.png]
[upload.wikimedia.org/wikipedia/commons/thumb/0/00/Standard_Model_of_Elementary_Particles-fr.svg/120px-Standard_Model_of_Elementary_Particles-fr.svg.png]
[upload.wikimedia.org/wikipedia/commons/thumb/3/37/Modèle_standard_des_particules_élémentaires.svg/111px-Modèle_standard_des_particules_élémentaires.svg.png]
[upload.wikimedia.org/wikipedia/commons/thumb/6/68/Standard_Model_of_Elementary_Particles-ga.svg/111px-Standard_Model_of_Elementary_Particles-ga.svg.png]
[upload.wikimedia.org/wikipedia/commons/thumb/3/3a/Standard_Model_of_Elementary_Particles_hr.svg/120px-Standard_Model_of_Elementary_Particles_hr.svg.png]
[upload.wikimedia.org/wikipedia/commons/thumb/0/0a/Standard_Model_of_Elementary_Particles-id.svg/120px-Standard_Model_of_Elementary_Particles-id.svg.png]
[upload.wikimedia.org/wikipedia/commons/thumb/0/00/Standard_Model_of_Elementary_Particles.svg/langis-120px-Standard_Model_of_Elementary_Particles.svg.png]
[upload.wikimedia.org/wikipedia/commons/thumb/4/40/Modello_Standard_delle_Particelle_Elementari.svg/120px-Modello_Standard_delle_Particelle_Elementari.svg.png]
[upload.wikimedia.org/wikipedia/commons/thumb/2/2d/Standard_Model_of_Elementary_Particles_it.svg/111px-Standard_Model_of_Elementary_Particles_it.svg.png]
[upload.wikimedia.org/wikipedia/commons/thumb/d/da/Standard_Model_of_Elementary_Particles_with_Higgs_it.svg/120px-Standard_Model_of_Elementary_Particles_with_Higgs_it.svg.png]
[upload.wikimedia.org/wikipedia/commons/thumb/f/fb/Standard_Model_of_Elementary_Particles_hu.svg/120px-Standard_Model_of_Elementary_Particles_hu.svg.png]
[upload.wikimedia.org/wikipedia/commons/thumb/5/5f/Model_Piawai_Zarah_Keunsuran.svg/120px-Model_Piawai_Zarah_Keunsuran.svg.png]
[upload.wikimedia.org/wikipedia/commons/thumb/1/1f/Standard_Model_of_Elementary_Particles-nl.svg/120px-Standard_Model_of_Elementary_Particles-nl.svg.png]
[upload.wikimedia.org/wikipedia/commons/thumb/8/8a/Czastki_elementarne_modelu_standardowego.svg/120px-Czastki_elementarne_modelu_standardowego.svg.png]
[upload.wikimedia.org/wikipedia/commons/thumb/d/d1/Standard_Model_of_Elementary_Particles-pt-br.svg/120px-Standard_Model_of_Elementary_Particles-pt-br.svg.png]
[upload.wikimedia.org/wikipedia/commons/thumb/3/3a/Modelul_standard_al_particulelor_fundamentale.svg/120px-Modelul_standard_al_particulelor_fundamentale.svg.png]
[upload.wikimedia.org/wikipedia/commons/thumb/0/02/Standard_Model_of_Elementary_Particles_-_sk.svg/120px-Standard_Model_of_Elementary_Particles_-_sk.svg.png]
[upload.wikimedia.org/wikipedia/commons/thumb/2/2c/Standard_Model_of_Elementary_Particles_(fi).svg/111px-Standard_Model_of_Elementary_Particles_(fi).svg.png]
[upload.wikimedia.org/wikipedia/commons/thumb/3/32/Standard_Model_of_Elementary_Particles-sv.svg/111px-Standard_Model_of_Elementary_Particles-sv.svg.png]
[upload.wikimedia.org/wikipedia/commons/thumb/4/48/Standardmodellens-elementarpartiklar.svg/120px-Standardmodellens-elementarpartiklar.svg.png]
[upload.wikimedia.org/wikipedia/commons/thumb/1/15/Standardmodellens-elementarpartiklar-2019.svg/120px-Standardmodellens-elementarpartiklar-2019.svg.png]
[upload.wikimedia.org/wikipedia/commons/thumb/e/e2/Standard_Model_of_Elementary_Particles_tr.svg/102px-Standard_Model_of_Elementary_Particles_tr.svg.png]
[upload.wikimedia.org/wikipedia/commons/thumb/7/7d/Standard_Model_of_Elementary_Particles-tr.svg/120px-Standard_Model_of_Elementary_Particles-tr.svg.png]
[upload.wikimedia.org/wikipedia/commons/thumb/5/52/Standard_Model_of_Elementary_Particles-th.svg/120px-Standard_Model_of_Elementary_Particles-th.svg.png]
[upload.wikimedia.org/wikipedia/commons/thumb/6/6c/Standard_Model_of_Elementary_Particles-vi.svg/112px-Standard_Model_of_Elementary_Particles-vi.svg.png]
[upload.wikimedia.org/wikipedia/commons/thumb/d/d7/Mô_hình_Chuẩn_của_hạt_cơ_bản.svg/120px-Mô_hình_Chuẩn_của_hạt_cơ_bản.svg.png]
[upload.wikimedia.org/wikipedia/commons/thumb/5/57/Standard_Model_of_Elementary_Particles_mk.svg/120px-Standard_Model_of_Elementary_Particles_mk.svg.png]
[upload.wikimedia.org/wikipedia/commons/thumb/9/9e/Standard_Model_of_Elementary_Particles_ru.svg/120px-Standard_Model_of_Elementary_Particles_ru.svg.png]
[upload.wikimedia.org/wikipedia/commons/thumb/e/ea/मानक_प्रतिमान.svg/120px-मानक_प्रतिमान.svg.png]
[upload.wikimedia.org/wikipedia/commons/thumb/b/bd/Standard_Model_of_Elementary_Particles-ja.svg/120px-Standard_Model_of_Elementary_Particles-ja.svg.png]
[upload.wikimedia.org/wikipedia/commons/thumb/a/a5/Standard_Model_of_Elementary_Particles-zh.svg/120px-Standard_Model_of_Elementary_Particles-zh.svg.png]
[upload.wikimedia.org/wikipedia/commons/thumb/9/9d/Standard_Model_of_Elementary_Particles_zh-hans.svg/120px-Standard_Model_of_Elementary_Particles_zh-hans.svg.png]
[upload.wikimedia.org/wikipedia/commons/thumb/a/af/Standard_Model_of_Elementary_Particles_zh-hant.svg/120px-Standard_Model_of_Elementary_Particles_zh-hant.svg.png]
[upload.wikimedia.org/wikipedia/commons/thumb/6/6e/Standard_Model_of_Elementary_Particles-he.svg/120px-Standard_Model_of_Elementary_Particles-he.svg.png]
[upload.wikimedia.org/wikipedia/commons/thumb/0/0d/النموذج_المعياري_للجسيمات_الأولية.svg/110px-النموذج_المعياري_للجسيمات_الأولية.svg.png]
[upload.wikimedia.org/wikipedia/commons/thumb/4/4b/Standard_Model_of_Elementary_Particles_modified_version.svg/120px-Standard_Model_of_Elementary_Particles_modified_version.svg.png]
[upload.wikimedia.org/wikipedia/commons/thumb/2/2b/Standard_Model_of_Elementary_Particles_dark.svg/120px-Standard_Model_of_Elementary_Particles_dark.svg.png]
[upload.wikimedia.org/wikipedia/commons/thumb/b/b7/Standard_Model_of_Elementary_Particles_+_Gravity.svg/120px-Standard_Model_of_Elementary_Particles_+_Gravity.svg.png]
[upload.wikimedia.org/wikipedia/commons/thumb/a/a3/Standard_Model_of_Elementary_Particles_Anti.svg/120px-Standard_Model_of_Elementary_Particles_Anti.svg.png]
[upload.wikimedia.org/wikipedia/commons/thumb/0/0f/Standard_Model_of_Elementary_Particles_Gravity_Hadron.svg/84px-Standard_Model_of_Elementary_Particles_Gravity_Hadron.svg.png]
[upload.wikimedia.org/wikipedia/commons/thumb/b/ba/Standard_Model_of_Elementary_Particles_and_Gravity.svg/120px-Standard_Model_of_Elementary_Particles_and_Gravity.svg.png]
[upload.wikimedia.org/wikipedia/commons/thumb/5/54/Standard_Model_of_Elementary_Particles_+_hyperc/120px-Standard_Model_of_Elementary_Particles_+_hypercharge_and_isospin.svg.png]
[upload.wikimedia.org/wikipedia/commons/thumb/1/15/Standard_Model_Deuterium.svg/120px-Standard_Model_Deuterium.svg.png]
[upload.wikimedia.org/wikipedia/commons/thumb/5/57/Standard_Modellen.png/120px-Standard_Modellen.png]
[upload.wikimedia.org/wikipedia/commons/thumb/1/1d/Generaciones_de_la_materia.png/104px-Generaciones_de_la_materia.png]
[upload.wikimedia.org/wikipedia/commons/thumb/d/dd/Generaciones_delamateria.png/104px-Generaciones_delamateria.png]
[upload.wikimedia.org/wikipedia/commons/thumb/1/1e/Modelo_standard_particulas_subatómicas.png/120px-Modelo_standard_particulas_subatómicas.png]
[upload.wikimedia.org/wikipedia/commons/thumb/d/d0/Standardmodellens-elementarpartiklar-png.png/120px-Standardmodellens-elementarpartiklar-png.png]
[upload.wikimedia.org/wikipedia/commons/thumb/f/fb/Standard_Model_of_Elementary_Particles_uk.png/120px-Standard_Model_of_Elementary_Particles_uk.png]
[upload.wikimedia.org/wikipedia/commons/thumb/c/cf/Standard_Model_of_Elementary_Particles_hy_png.png/120px-Standard_Model_of_Elementary_Particles_hy_png.png]
[upload.wikimedia.org/wikipedia/commons/thumb/f/f8/Lepton.png/111px-Lepton.png]
[upload.wikimedia.org/wikipedia/commons/thumb/8/85/Standard_Model_of_Elementary_Particles-ml.png/112px-Standard_Model_of_Elementary_Particles-ml.png]
[upload.wikimedia.org/wikipedia/commons/thumb/0/0a/Standard_Model_of_Elementary_Particles_zh-hant.png/120px-Standard_Model_of_Elementary_Particles_zh-hant.png]
[upload.wikimedia.org/wikipedia/commons/thumb/4/49/Standard_Model_of_Elementary_Particles_ar.png/120px-Standard_Model_of_Elementary_Particles_ar.png]
[upload.wikimedia.org/wikipedia/commons/thumb/c/c4/مدل_استاندارد_ذرات_بنیادی_نسخه_تغییریافته.png/120px-مدل_استاندارد_ذرات_بنیادی_نسخه_تغییریافته.png]
[upload.wikimedia.org/wikipedia/commons/thumb/4/43/OOjs_UI_icon_language-ltr.svg/80px-OOjs_UI_icon_language-ltr.svg.png]
[upload.wikimedia.org/wikipedia/commons/thumb/6/62/PD-icon.svg/64px-PD-icon.svg.png]
[upload.wikimedia.org/wikipedia/commons/thumb/5/58/Anti-Inkscape.svg/56px-Anti-Inkscape.svg.png]
[upload.wikimedia.org/wikipedia/commons/thumb/7/79/CC_some_rights_reserved.svg/90px-CC_some_rights_reserved.svg.png]
[upload.wikimedia.org/wikipedia/commons/thumb/1/11/Cc-by_new_white.svg/24px-Cc-by_new_white.svg.png]
[login.wikimedia.org/wiki/Special_CentralAutoLogin/start68a4.png]
[en.wikipedia.org/static/images/footer/wikimedia.svg]
[en.wikipedia.org/w/resources/assets/mediawiki_compact.svg]
[en.wikipedia.org/wiki/File_Standard_Model_of_Elementary_Particles.html]
[archive.org/includes/build/BookReader/BookReader1728.css]
[archive.org/bookreader/BookReader-ia1728.css]
[archive.org/details/beatlesunsurpassedmasters1.html]
[archive.org/includes/build/css/archive.min1728.css]
[archive.org/images/glogo.jpg]
[archive.org/services/img/etree.jpg]
[archive.org/services/img/librivoxaudio.jpg]
[archive.org/services/img/metropolitanmuseumofart-gallery.jpg]
[archive.org/services/img/clevelandart.jpg]
[archive.org/services/img/internetarcade.jpg]
[archive.org/services/img/consolelivingroom.jpg]
[archive.org/images/widgetOL.png]
[archive.org/services/img/americana.jpg]
[archive.org/services/img/tv.jpg]
[archive.org/services/img/911.jpg]
[archive.org/services/img/beatlesunsurpassedmasters1.jpg]
[ia601808.us.archive.org/26/items/beatlesunsurpassedmasters1/b3at13sUnsurpMastVol1of7-YUP/00 Back Coverca99.jpg]
[archive.org/services/img/roiocollection.jpg]
[ia601808.us.archive.org/26/items/beatlesunsurpassedmasters1/b3at13sUnsurpMastVol1of7-YUP/00 Back Coverca99.jpg]
[archive.org/services/img/folksoundomy.jpg]
[athena.archive.org/06975.gif]
[athena.archive.org/0eef7.gif]
[archive.org/details/beatlesunsurpassedmasters1/b3at13sUnsurpMastVol1of7-YUP/11-From+Me+To+You.html]
[unfccc.int/files/paris_agreement/application/pdf/qa_paris_agreement_entry_into_force.html]
[www4.unfccc.int/sites/submissions/INDC/Published Documents/Bhutan/1/Bhutan-INDC-20150930.html]
[assets.publishing.service.gov.uk/government/uploads/system/uploads/attachment_data/file/383903/England_summary_2014_finalv2.json]
[www.nhm.ac.uk/content/dam/nhmwww/take-part/Citizenscience/orchid-observers/orchid-observers-id-guide.html]
[www.nhm.ac.uk/content/dam/nhmwww/take-part/identify-nature/tree-identification-key.html]
[nbn.org.uk/wp-content/uploads/2019/09/State-of-Nature-2019-UK-full-report.html]
[www.parliament.uk/documents/post/postpn_379-Evidence-Based-Conservation.html]
[www.southampton.ac.uk/_cpd/96org_files/themedata.thmx]
[www.rspb.org.uk/globalassets/downloads/get-involved/campaigning/lobbying-your-local-council.html]
[www.southampton.ac.uk/_cpd/programs/index_files/item0006.html]
[www.rspb.org.uk/error/404.html]
[www.southampton.ac.uk/_cpd/programs/DYNAMIC.exe]
[www.southampton.ac.uk/_cpd/interact_files/filelist.html]
[www.southampton.ac.uk/_cpd/interact_files/colorschememapping.html]
[www.southampton.ac.uk/_cpd/anovas/datasets/Residual_files/filelist.html]
[www.southampton.ac.uk/_cpd/anovas/datasets/Notation_files/filelist.html]
[www.southampton.ac.uk/_cpd/anovas/datasets/Pooling_files/filelist.html]
[www.southampton.ac.uk/_cpd/anovas/datasets/Quasi F_files/filelist.html]
[www.southampton.ac.uk/_cpd/anovas/datasets/Assumptions_files/filelist.html]
[www.southampton.ac.uk/_cpd/anovas/datasets/Blocked sampling units_files/filelist.html]
[www.southampton.ac.uk/_cpd/anovas/datasets/Split-plot sampling units_files/filelist.html]
[www.southampton.ac.uk/_cpd/anovas/datasets/Repeated-measures sampling units_files/filelist.html]
[www.southampton.ac.uk/_cpd/anovas/datasets/Critical F_files/editdata.html]
[www.southampton.ac.uk/_cpd/anovas/datasets/Contrast sets_files/editdata.html]
[www.southampton.ac.uk/_cpd/anovas/datasets/Density function of central F_files/editdata.html]
[www.southampton.ac.uk/_cpd/pies/1640mya-tectonics.svg]
[www.southampton.ac.uk/_cpd/pies/1500mya-tectonics.svg]
[www.southampton.ac.uk/_cpd/pies/1000mya-tectonics.svg]
[www.southampton.ac.uk/_cpd/pies/Comb-jelly.svg]
[www.southampton.ac.uk/_cpd/pies/717mya-tectonics.svg]
[www.southampton.ac.uk/_cpd/pies/635mya-tectonics.svg]
[www.southampton.ac.uk/_cpd/pies/540mya-tectonics.svg]
[www.southampton.ac.uk/_cpd/pies/500mya-tectonics.svg]
[www.southampton.ac.uk/_cpd/pies/445mya-tectonics.svg]
[www.southampton.ac.uk/_cpd/pies/407mya-tectonics.svg]
[www.southampton.ac.uk/_cpd/pies/395mya-tectonics.svg]
[www.southampton.ac.uk/_cpd/pies/390mya-tectonics.svg]
[www.southampton.ac.uk/_cpd/pies/380mya-tectonics.svg]
[www.southampton.ac.uk/_cpd/pies/375mya-tectonics.svg]
[www.southampton.ac.uk/_cpd/pies/350mya-tectonics.svg]
[www.southampton.ac.uk/_cpd/pies/340mya-tectonics.svg]
[www.southampton.ac.uk/_cpd/pies/305mya-tectonics.svg]
[www.southampton.ac.uk/_cpd/pies/289mya-tectonics.svg]
[www.southampton.ac.uk/_cpd/pies/252mya-tectonics.svg]
[www.southampton.ac.uk/_cpd/pies/233mya-tectonics.svg]
[www.southampton.ac.uk/_cpd/pies/210mya-tectonics.svg]
[www.southampton.ac.uk/_cpd/pies/201mya-tectonics.svg]
[www.southampton.ac.uk/_cpd/pies/178mya-tectonics.svg]
[www.southampton.ac.uk/_cpd/pies/150mya-tectonics.svg]
[www.southampton.ac.uk/_cpd/pies/135mya-tectonics.svg]
[www.southampton.ac.uk/_cpd/pies/101mya-tectonics.svg]
[www.southampton.ac.uk/_cpd/pies/92mya-tectonics.svg]
[www.southampton.ac.uk/_cpd/pies/66mya-tectonics.svg]
[www.southampton.ac.uk/_cpd/pies/55mya-tectonics.svg]
[www.southampton.ac.uk/_cpd/pies/44mya-tectonics.svg]
[www.southampton.ac.uk/_cpd/pies/34mya-tectonics.svg]
[www.southampton.ac.uk/_cpd/pies/25mya-tectonics.svg]
[www.southampton.ac.uk/_cpd/pies/16mya-tectonics.svg]
[www.southampton.ac.uk/_cpd/pies/13mya-tectonics.svg]
[www.southampton.ac.uk/_cpd/pies/7mya-tectonics.svg]
[www.southampton.ac.uk/_cpd/pies/3mya-tectonics.svg]
[www.southampton.ac.uk/_cpd/pies/Music.svg]
[www.southampton.ac.uk/_cpd/pies/grove.js]
[www.southampton.ac.uk/_cpd/pies/grove.svg]
[www.southampton.ac.uk/_cpd/pies/88mya-tectonics.svg]
[www.southampton.ac.uk/_cpd/pies/200mya-tectonics.svg]
[en.wikipedia.org/w/load9ff2.css]
[commons.wikimedia.org/w/index8305.css]
[en.wikipedia.org/w/loada24d.css]
[upload.wikimedia.org/index.html]
[commons.wikimedia.org/wiki/File_Standard_Model_of_Elementary_Particles.html]
[creativecommons.org/licenses/by-sa/4.0/deed.html]
[meta.wikimedia.org/index.html]
[en.wikipedia.org/static/images/mobile/copyright/wikipedia-wordmark-en.svg]
[en.wikipedia.org/static/images/mobile/copyright/wikipedia-tagline-en.svg]
[en.wikipedia.org/static/images/footer/wikimedia.svg]
[en.wikipedia.org/w/resources/assets/mediawiki_compact.svg]
[archive.org/includes/build/BookReader/BookReader1728.css]
[archive.org/bookreader/BookReader-ia1728.css]
[archive.org/details/beatlesunsurpassedmasters1.html]
[archive.org/includes/build/css/archive.min1728.css]
[www.southampton.ac.uk/_cpd/96org_files/themedata.thmx]
[use.typekit.net/index.html]
[www.rspb.org.uk/error/404.html]
[www.southampton.ac.uk/_cpd/anovas/index.html]
[www.southampton.ac.uk/_cpd/mean2.html]
[www.southampton.ac.uk/_cpd/term.html]
[www.southampton.ac.uk/_cpd/HowWeCanHaltBiodiversityLoss.html]
[www.southampton.ac.uk/_cpd/anovas/datasets/Replication.html]
[www.southampton.ac.uk/_cpd/anovas/datasets/Blocked sampling units.html]
[www.southampton.ac.uk/_cpd/anovas/datasets/Split-plot sampling units.html]
[www.southampton.ac.uk/_cpd/anovas/datasets/Repeated-measures sampling units.html]
[www.southampton.ac.uk/_cpd/anovas/datasets/Critical F.html]
[www.southampton.ac.uk/_cpd/anovas/datasets/PlotMeans.html]
[www.southampton.ac.uk/_cpd/pies/1000mya-tectonics.html]
[www.southampton.ac.uk/_cpd/pies/Colour-green.html]
[www.southampton.ac.uk/_cpd/pies/445mya-tectonics.html]
[www.southampton.ac.uk/_cpd/pies/375mya-tectonics.html]
[www.southampton.ac.uk/_cpd/pies/340mya-tectonics.html]
[www.southampton.ac.uk/_cpd/pies/252mya-tectonics.html]
[www.southampton.ac.uk/_cpd/pies/233mya-tectonics.html]
[www.southampton.ac.uk/_cpd/pies/201mya-tectonics.html]
[www.southampton.ac.uk/_cpd/pies/150mya-tectonics.html]
[www.southampton.ac.uk/_cpd/pies/66mya-tectonics.html]
[www.southampton.ac.uk/_cpd/pies/Colour-hematite.html]
[www.southampton.ac.uk/_cpd/pies/Bach.html]
[www.southampton.ac.uk/_cpd/pies/Grove.html]
[www.southampton.ac.uk/_cpd/pies/Waves.html]
[stillmed.olympic.org/Documents/IOC_Marketing/Broadcasting/London_2012_Global_ Broadcast_Report.pdf]
[www.southampton.ac.uk/_cpd/pies/AI.html]
[www.wildlifeact.com/wp-content/uploads/2015/10/Smells-of-Nature.html]
[www.southampton.ac.uk/_cpd/index-2.html]
