[backblue.gif]
[fade.gif]
[index.html]
[www.southampton.ac.uk/_cpd/index.html]
[www.southampton.ac.uk/_cpd/Sample mean and CI with plotmeans.R]
[www.southampton.ac.uk/_cpd/anovas/index_files/editdata.18.delayed]
[www.southampton.ac.uk/_cpd/history.html]
[www.southampton.ac.uk/_cpd/anovas/index.html]
[www.southampton.ac.uk/_cpd/mean2_files/editdata.1c.delayed]
[www.southampton.ac.uk/_cpd/mean2.html]
[www.southampton.ac.uk/_cpd/term_files/editdata.34.delayed]
[www.southampton.ac.uk/_cpd/term.html]
[www.southampton.ac.uk/_cpd/anovas/datasets/index_files/editdata.mso]
[www.southampton.ac.uk/_cpd/anovas/datasets/Youden square]
[www.southampton.ac.uk/_cpd/anovas/datasets/index.html]
[www.southampton.ac.uk/_cpd/anovas/datasets/Orthogonal contrasts_files/editdata.9c.delayed]
[www.southampton.ac.uk/_cpd/anovas/datasets/Orthogonal contrasts.html]
[www.southampton.ac.uk/_cpd/anovas/datasets/Power_files/editdata.a1.delayed]
[www.southampton.ac.uk/_cpd/anovas/datasets/Power.html]
[cran.r-project.org/doc/contrib/Short-refcard.pdf]
[cran.r-project.org/doc/contrib/Baggott-refcard-v2.pdf]
[www.southampton.ac.uk/_cpd/anovas/datasets/ANOVA in R.html]
[www.southampton.ac.uk/_cpd/repmod2_files/filelist.b5.delayed]
[www.southampton.ac.uk/_cpd/repmod.html]
[www.southampton.ac.uk/_cpd/anovas/datasets/LatinSquare.exe]
[www.southampton.ac.uk/_cpd/anovas/datasets/CritiF.exe]
[www.southampton.ac.uk/_cpd/anovas/datasets/Terms.exe]
[www.southampton.ac.uk/_cpd/pies/Magnifyer.png]
[www.southampton.ac.uk/_cpd/anovas/datasets/Power.exe]
[www.southampton.ac.uk/_cpd/anovas/datasets/Performance.exe]
[www.nature.com/immersive/d42859-024-00060-5/assets/XJJzBVVnRK/hca-body-18nov-900x1006.jpg]
[www.southampton.ac.uk/_cpd/anovas/datasets/Ftable.exe]
[www.southampton.ac.uk/_cpd/pies/Personality.html]
[www.southampton.ac.uk/_cpd/anovas/datasets/Orthogonal contrasts_files/themedata.thmx]
[www.southampton.ac.uk/_cpd/anovas/datasets/Contrasts.exe]
[www.southampton.ac.uk/_cpd/anovas/datasets/Power_files/themedata.thmx]
[oi-idb-static.uchicago.edu/multimedia/1234/AF_2.pdf]
[c.statcounter.com/8377924/0/9b2cec0c/1/index.html]
[blog.smb.museum/wp-content/uploads/2020/11/h_00087532-1095x1400.jpg]
[www.southampton.ac.uk/_cpd/history-summary.html]
[www.nationalarchives.gov.uk/wp-content/uploads/2015/01/magna-carta-1215-salisbury-cathedral1.jpg]
[upload.wikimedia.org/wikipedia/commons/7/7a/Catalan_Atlas_BNF_Sheet_6_Western_Sahara.jpg]
[upload.wikimedia.org/wikipedia/commons/5/5c/View_from_the_Window_at_Le_Gras,_Joseph_Nicéphore_Niépce.jpg]
[upload.wikimedia.org/wikipedia/commons/d/d3/Boulevard_du_Temple_by_Daguerre.jpg]
[airandspace.si.edu/sites/default/files/images/stories/Bell X-1 NASM-9A02391.jpg]
[www.un.org/en/genocideprevention/documents/atrocity-crimes/Doc.1_Convention on the Prevention and Punishment of the Crime of Genocide.pdf]
[sustainabledevelopment.un.org/content/documents/5987our-common-future.pdf]
[www.oregon.gov/oha/PH/PROVIDERPARTNERRESOURCES/EVALUATIONRESEARCH/DEATHWITHDIGNITYACT/Documents/statute.pdf]
[tools.bitbo.io/assets/bitcoin.pdf]
[www.southampton.ac.uk/_cpd/pies/Music.html]
[www.southampton.ac.uk/_cpd/pies/Grove.html]
[www.southampton.ac.uk/_cpd/pies/Antibiotic-resistance.html]
[www.southampton.ac.uk/_cpd/history.html]
[www.southampton.ac.uk/_cpd/pies/AI.html]
[c.statcounter.com/12416706/0/f34a44cb/1/index.html]
[www.southampton.ac.uk/_cpd/96org.html]
[www.wildlifeact.com/wp-content/uploads/2015/10/Smells-of-Nature.1f5.delayed]
[www.parliament.uk/documents/post/postpn_379-Evidence-Based-Conservation.1fd.delayed]
[www.southampton.ac.uk/_cpd/HowWeCanHaltBiodiversityLoss.html]
[www.southampton.ac.uk/_cpd/anovas/datasets/index-2.html]
[c.statcounter.com/12801671/0/6c0e4bb3/1/index.html]
[www.southampton.ac.uk/_cpd/programs/index_files/item0006.203.delayed]
[www.southampton.ac.uk/_cpd/programs/index.html]
[www.southampton.ac.uk/_cpd/programs/index_files/themedata.thmx]
[www.southampton.ac.uk/_cpd/programs/Alarm.exe]
[www.southampton.ac.uk/_cpd/programs/BIFURCATpreWindows7.EXE]
[www.southampton.ac.uk/_cpd/interact_files/filelist.233.delayed]
[www.southampton.ac.uk/_cpd/programs/BONFERRO.exe]
[www.southampton.ac.uk/_cpd/programs/CHI.exe]
[www.southampton.ac.uk/_cpd/programs/BOX_COXpreWindows7.EXE]
[www.southampton.ac.uk/_cpd/programs/CALCULAT.exe]
[www.southampton.ac.uk/_cpd/interact_files/themedata.234.delayed]
[www.southampton.ac.uk/_cpd/programs/CHR$CHAR.exe]
[www.southampton.ac.uk/_cpd/programs/CURVE.exe]
[www.southampton.ac.uk/_cpd/programs/TILES.exe]
[www.southampton.ac.uk/_cpd/programs/CONES.EXE]
[www.southampton.ac.uk/_cpd/interact_files/colorschememapping.xml]
[www.southampton.ac.uk/_cpd/programs/DYNAMIC.exe]
[www.southampton.ac.uk/_cpd/programs/CTILES.exe]
[www.southampton.ac.uk/_cpd/programs/DRIFT.exe]
[www.southampton.ac.uk/_cpd/programs/ESP.exe]
[www.southampton.ac.uk/_cpd/interact_files/header.htm]
[www.southampton.ac.uk/_cpd/programs/CONTIN.exe]
[www.southampton.ac.uk/_cpd/programs/EXACT.exe]
[www.southampton.ac.uk/_cpd/programs/FISHER.exe]
[www.southampton.ac.uk/_cpd/programs/FACTOR.exe]
[www.southampton.ac.uk/_cpd/interact.html]
[www.southampton.ac.uk/_cpd/Ecal2013.html]
