[backblue.gif]
[fade.gif]
[index.html]
[www.bio.ic.ac.uk/research/crawley/statistics/index.html]
[www.bio.ic.ac.uk/research/crawley/statistics/data.html]
[www.bio.ic.ac.uk/research/crawley/statistics/exercises.html]
[www.bio.ic.ac.uk/research/crawley/statistics/execode.html]
[www.bio.ic.ac.uk/research/crawley/statistics/cover.jpg]
[www.bio.ic.ac.uk/images/gifs/smalllogo.html]
[www.bio.ic.ac.uk/research/crawley/statistics/data/zipped.html]
[www.bio.ic.ac.uk/research/crawley/statistics/exercises/R1Plots.html]
[www.bio.ic.ac.uk/research/crawley/statistics/data.html]
[www.bio.ic.ac.uk/research/crawley/statistics/exercises/R2Calculations.html]
[www.bio.ic.ac.uk/research/crawley/statistics/data.html]
[www.bio.ic.ac.uk/research/crawley/statistics/exercises/R4Regression.html]
[www.bio.ic.ac.uk/research/crawley/statistics/exercises/R3Statistics.html]
[www.bio.ic.ac.uk/research/crawley/statistics/exercises/R5Anova.html]
[www.bio.ic.ac.uk/research/crawley/statistics/exercises/R6Ancova.html]
[www.bio.ic.ac.uk/research/crawley/statistics/exercises/R7Nesteddesigns.html]
[www.bio.ic.ac.uk/research/crawley/statistics/exercises/R8Multipleregression.html]
[www.bio.ic.ac.uk/research/crawley/statistics/exercises/R9Glims.html]
[www.bio.ic.ac.uk/research/crawley/statistics/exercises/R10Proportiondata.html]
[www.bio.ic.ac.uk/research/crawley/statistics/exercises/R11Countdata.html]
[www.bio.ic.ac.uk/research/crawley/statistics/exercises/R12Survivalanalysis.html]
[www.bio.ic.ac.uk/research/crawley/statistics/exercises/zipped.zip]
[www.bio.ic.ac.uk/research/crawley/statistics/execode/code 1.html]
[www.bio.ic.ac.uk/research/crawley/statistics/execode/code 2.html]
[www.bio.ic.ac.uk/research/crawley/statistics/execode/code 3.html]
[www.bio.ic.ac.uk/research/crawley/statistics/execode/code 4.html]
[www.bio.ic.ac.uk/research/crawley/statistics/execode/code 5.html]
[www.bio.ic.ac.uk/research/crawley/statistics/execode/code 7.html]
[www.bio.ic.ac.uk/research/crawley/statistics/execode/code 8.html]
[www.bio.ic.ac.uk/research/crawley/statistics/execode/code 9.html]
[www.bio.ic.ac.uk/research/crawley/statistics/execode/code 10.html]
[www.bio.ic.ac.uk/research/crawley/statistics/execode/code 6.html]
[www.bio.ic.ac.uk/research/crawley/statistics/execode/code 11.html]
[www.bio.ic.ac.uk/research/crawley/statistics/execode/code 12.html]
[www.bio.ic.ac.uk/research/crawley/statistics/execode/code 13.html]
[www.bio.ic.ac.uk/research/crawley/statistics/execode/code 14.html]
[www.bio.ic.ac.uk/research/crawley/statistics/execode/code 15.html]
[www.bio.ic.ac.uk/research/crawley/statistics/execode/zipped.html]
