[www.bio.ic.ac.uk/research/crawley/statistics/index.html]
[backblue.gif]
[fade.gif]
[index.html]
[www.bio.ic.ac.uk/research/crawley/statistics/cover.jpg]
[www.bio.ic.ac.uk/images/gifs/smalllogo.gif]
[www.bio.ic.ac.uk/research/crawley/statistics/data.html]
[www.bio.ic.ac.uk/research/crawley/statistics/exercises.html]
[www.bio.ic.ac.uk/research/crawley/statistics/index.html]
[www.bio.ic.ac.uk/research/crawley/statistics/execode.html]
[www.bio.ic.ac.uk/research/crawley/statistics/data.html]
[www.bio.ic.ac.uk/research/crawley/statistics/data/zipped.zip]
[www.bio.ic.ac.uk/research/crawley/statistics/exercises/R1Plots.pdf]
[www.bio.ic.ac.uk/research/crawley/statistics/exercises/R2Calculations.pdf]
[www.bio.ic.ac.uk/research/crawley/statistics/exercises/R3Statistics.pdf]
[www.bio.ic.ac.uk/research/crawley/statistics/exercises/R4Regression.pdf]
[www.bio.ic.ac.uk/research/crawley/statistics/exercises/R5Anova.pdf]
[www.bio.ic.ac.uk/research/crawley/statistics/exercises/R6Ancova.pdf]
[www.bio.ic.ac.uk/research/crawley/statistics/exercises/R7Nesteddesigns.pdf]
[www.bio.ic.ac.uk/research/crawley/statistics/exercises/R8Multipleregression.pdf]
[www.bio.ic.ac.uk/research/crawley/statistics/exercises/R9Glims.pdf]
[www.bio.ic.ac.uk/research/crawley/statistics/exercises/R10Proportiondata.pdf]
[www.bio.ic.ac.uk/research/crawley/statistics/exercises/R11Countdata.pdf]
[www.bio.ic.ac.uk/research/crawley/statistics/exercises/R12Survivalanalysis.pdf]
[www.bio.ic.ac.uk/research/crawley/statistics/exercises/zipped.zip]
[www.bio.ic.ac.uk/research/crawley/statistics/exercises.html]
[www.bio.ic.ac.uk/research/crawley/statistics/execode/code 1.docx]
[www.bio.ic.ac.uk/research/crawley/statistics/execode/code 2.docx]
[www.bio.ic.ac.uk/research/crawley/statistics/execode/code 3.docx]
[www.bio.ic.ac.uk/research/crawley/statistics/execode/code 4.docx]
[www.bio.ic.ac.uk/research/crawley/statistics/execode/code 5.docx]
[www.bio.ic.ac.uk/research/crawley/statistics/execode/code 7.docx]
[www.bio.ic.ac.uk/research/crawley/statistics/execode/code 8.docx]
[www.bio.ic.ac.uk/research/crawley/statistics/execode/code 9.docx]
[www.bio.ic.ac.uk/research/crawley/statistics/execode/code 10.docx]
[www.bio.ic.ac.uk/research/crawley/statistics/execode/code 11.docx]
[www.bio.ic.ac.uk/research/crawley/statistics/execode/code 12.docx]
[www.bio.ic.ac.uk/research/crawley/statistics/execode/code 13.docx]
[www.bio.ic.ac.uk/research/crawley/statistics/execode/code 14.docx]
[www.bio.ic.ac.uk/research/crawley/statistics/execode/code 15.docx]
[www.bio.ic.ac.uk/research/crawley/statistics/execode.html]
[www.bio.ic.ac.uk/research/crawley/statistics/execode/zipped.zip]
[www.bio.ic.ac.uk/research/crawley/statistics/data.html]
[www.bio.ic.ac.uk/research/crawley/statistics/execode/code 6.html]
