[backblue.gif]
[fade.gif]
[index.html]
[biostat.jhsph.edu/_iruczins/urlfrog.ico]
[biostat.jhsph.edu/_iruczins/html/ruczinski.cv.pdf]
[biostat.jhsph.edu/_iruczins/index.html]
[biostat.jhsph.edu/_iruczins/html/contact.html]
[biostat.jhsph.edu/_iruczins/gif/froggie2.jpg]
[biostat.jhsph.edu/_iruczins/teaching/index.html]
[www.uv.es/bernardo/bayes9.pdf]
[biostat.jhsph.edu/_iruczins/publications/index.html]
[biostat.jhsph.edu/_iruczins/software/index.html]
[biostat.jhsph.edu/_iruczins/teaching/kogo/notes/n.introstatgenomics.pdf]
[biostat.jhsph.edu/_iruczins/teaching/kogo/jpg/pdf.logo.jpg]
[biostat.jhsph.edu/_iruczins/teaching/kogo/notes/n.summarizing.pdf]
[biostat.jhsph.edu/_iruczins/teaching/kogo/notes/n.statmodel.twogroup.pdf]
[biostat.jhsph.edu/_iruczins/teaching/kogo/notes/n.multiplecomp.pdf]
[biostat.jhsph.edu/_iruczins/teaching/kogo/notes/n.diffexpression.pdf]
[biostat.jhsph.edu/_iruczins/teaching/kogo/notes/n.pathway.genesets.pdf]
[biostat.jhsph.edu/_iruczins/teaching/kogo/notes/n.design.batch.pdf]
[biostat.jhsph.edu/_iruczins/teaching/kogo/notes/n.dimensionreduction.pdf]
[biostat.jhsph.edu/_iruczins/teaching/kogo/notes/n.batcheffects.pdf]
[biostat.jhsph.edu/_iruczins/teaching/kogo/notes/n.statmodel.linearmodels.pdf]
[biostat.jhsph.edu/_iruczins/teaching/kogo/index.html]
[biostat.jhsph.edu/_iruczins/teaching/kogo/notes/n.statmodel.preprocessing.pdf]
[biostat.jhsph.edu/_iruczins/teaching/260.655/final.takehome.doc]
[biostat.jhsph.edu/_iruczins/teaching/260.655/final.takehome.pdf]
[biostat.jhsph.edu/_iruczins/teaching/260.655/transparent.gif]
[biostat.jhsph.edu/_iruczins/teaching/260.655/notes/pevsner1.3.pdf]
[biostat.jhsph.edu/_iruczins/teaching/260.655/blueshim.gif]
[biostat.jhsph.edu/_iruczins/teaching/260.655/notes/pevsner2.3.pdf]
[biostat.jhsph.edu/_iruczins/teaching/260.655/notes/prigge1.3.pdf]
[biostat.jhsph.edu/_iruczins/teaching/260.655/hwk/hwk1.pdf]
[biostat.jhsph.edu/_iruczins/teaching/260.655/han/han.prigge1.pdf]
[biostat.jhsph.edu/_iruczins/teaching/260.655/notes/prigge2.3.pdf]
[biostat.jhsph.edu/_iruczins/teaching/260.655/hwk/hwk2.pdf]
[biostat.jhsph.edu/_iruczins/teaching/260.655/han/han.prigge2.pdf]
[biostat.jhsph.edu/_iruczins/teaching/260.655/han/han.prigge3.pdf]
[biostat.jhsph.edu/_iruczins/teaching/260.655/han/Cn3D-4.1.OSX.zip]
[biostat.jhsph.edu/_iruczins/teaching/260.655/notes/prigge3.3.pdf]
[biostat.jhsph.edu/_iruczins/teaching/260.655/notes/prigge3.1.pdf]
[biostat.jhsph.edu/_iruczins/teaching/260.655/hwk/hwk3.pdf]
[biostat.jhsph.edu/_iruczins/teaching/260.655/notes/prigge4.3.pdf]
[biostat.jhsph.edu/_iruczins/teaching/260.655/notes/prigge4.1.pdf]
[biostat.jhsph.edu/_iruczins/teaching/260.655/hwk/hwk4.pdf]
[biostat.jhsph.edu/_iruczins/teaching/260.655/han/han.prigge4.pdf]
[biostat.jhsph.edu/_iruczins/teaching/260.655/notes/cole1.3.pdf]
[biostat.jhsph.edu/_iruczins/teaching/260.655/notes/cole1.1.pdf]
[biostat.jhsph.edu/_iruczins/teaching/260.655/notes/bosch1.3.pdf]
[biostat.jhsph.edu/_iruczins/teaching/260.655/notes/bosch1.1.pdf]
[biostat.jhsph.edu/_iruczins/teaching/260.655/hwk/hwk5.pdf]
[biostat.jhsph.edu/_iruczins/teaching/260.655/index.html]
[biostat.jhsph.edu/_iruczins/teaching/140.652/index.html]
[biostat.jhsph.edu/_iruczins/teaching/140.751/index.html]
[biostat.jhsph.edu/_iruczins/teaching/140.752/index.html]
[biostat.jhsph.edu/_iruczins/teaching/390.672/index.html]
[biostat.jhsph.edu/_iruczins/teaching/140.615/index.html]
[biostat.jhsph.edu/_iruczins/teaching/misc/misc.html]
[biostat.jhsph.edu/_iruczins/software/phi.html]
[biostat.jhsph.edu/_iruczins/software/rosetta.html]
[biostat.jhsph.edu/_iruczins/teaching/kogo/html/materials.html]
[biostat.jhsph.edu/_iruczins/teaching/260.655/files/AT_pH5.html]
[biostat.jhsph.edu/_iruczins/teaching/260.655/files/AT_pH7.html]
[biostat.jhsph.edu/_iruczins/teaching/260.655/files/AT_pH7_5.html]
[biostat.jhsph.edu/_iruczins/ingo.css]
[biostat.jhsph.edu/_iruczins/software/index.html]
[biostat.jhsph.edu/_iruczins/teaching/kogo/index.html]
[biostat.jhsph.edu/_iruczins/ingo.frame.css]
[biostat.jhsph.edu/_iruczins/software/phi.html]
[biostat.jhsph.edu/_iruczins/teaching/kogo/ingo.css]
[biostat.jhsph.edu/_iruczins/teaching/260.655/files/AT_pH5.html]
