[www.medicine.mcgill.ca/epidemiology/Joseph/index.html]
[backblue.gif]
[fade.gif]
[index.html]
[www.medicine.mcgill.ca/epidemiology/Joseph/img/homepage/idea4.jpg]
[www.medicine.mcgill.ca/epidemiology/Joseph/img/homepage/idea4a.jpg]
[www.medicine.mcgill.ca/epidemiology/Joseph/img/homepage/idea4b.jpg]
[www.medicine.mcgill.ca/epidemiology/Joseph/img/homepage/idea4c.jpg]
[www.medicine.mcgill.ca/epidemiology/Joseph/img/homepage/idea4d.jpg]
[www.medicine.mcgill.ca/epidemiology/Joseph/img/homepage/idea4e.jpg]
[www.medicine.mcgill.ca/epidemiology/Joseph/img/homepage/idea4f.jpg]
[www.medicine.mcgill.ca/epidemiology/Joseph/img/homepage/idea4g.jpg]
[www.medicine.mcgill.ca/epidemiology/Joseph/img/homepage/idea4h.jpg]
[www.medicine.mcgill.ca/epidemiology/Joseph/img/homepage/idea4i.jpg]
[www.medicine.mcgill.ca/epidemiology/Joseph/img/homepage/idea4j.jpg]
[www.medicine.mcgill.ca/epidemiology/Joseph/img/homepage/idea4k.jpg]
[www.medicine.mcgill.ca/epidemiology/Joseph/img/homepage/idea4l.jpg]
[www.medicine.mcgill.ca/epidemiology/Joseph/img/homepage/idea4m.jpg]
[www.medicine.mcgill.ca/epidemiology/Joseph/img/homepage/idea4n.jpg]
[www.medicine.mcgill.ca/epidemiology/Joseph/SiteMap.html]
[www.medicine.mcgill.ca/epidemiology/Joseph/pdf/ljcv.pdf]
[www.medicine.mcgill.ca/epidemiology/Joseph/Research-Interests.html]
[www.medicine.mcgill.ca/epidemiology/Joseph/courses/EPIB-607/main.html]
[www.medicine.mcgill.ca/epidemiology/Joseph/courses/EPIB-613/main.html]
[www.medicine.mcgill.ca/epidemiology/Joseph/courses/EPIB-621/main.html]
[www.medicine.mcgill.ca/epidemiology/Joseph/courses/EPIB-651/main.html]
[www.medicine.mcgill.ca/epidemiology/Joseph/courses/EPIB-668/main.html]
[www.medicine.mcgill.ca/epidemiology/Joseph/courses/EPIB-669/main.html]
[www.medicine.mcgill.ca/epidemiology/Joseph/courses/EPIB-675/main.html]
[www.medicine.mcgill.ca/epidemiology/Joseph/courses/EPIB-682/main.html]
[www.medicine.mcgill.ca/epidemiology/Joseph/courses/EPIB-683/main.html]
[www.medicine.mcgill.ca/epidemiology/Joseph/publications/Methodological/Bayesian-Sample-Size.html]
[www.medicine.mcgill.ca/epidemiology/Joseph/publications/Methodological/Change-point-Methods-And-Applications.html]
[www.medicine.mcgill.ca/epidemiology/Joseph/publications/Methodological/Diagnostic-Testing.html]
[www.medicine.mcgill.ca/epidemiology/Joseph/publications/Methodological/Meta-Analysis.html]
[www.medicine.mcgill.ca/epidemiology/Joseph/publications/Methodological/Other-Topics.html]
[www.medicine.mcgill.ca/epidemiology/Joseph/publications/Medical/Allergy-And-Immunology.html]
[www.medicine.mcgill.ca/epidemiology/Joseph/publications/Medical/Asthma.html]
[www.medicine.mcgill.ca/epidemiology/Joseph/publications/Medical/Cardiology.html]
[www.medicine.mcgill.ca/epidemiology/Joseph/publications/Medical/Gastroenterology.html]
[www.medicine.mcgill.ca/epidemiology/Joseph/publications/Medical/Osteoporosis.html]
[www.medicine.mcgill.ca/epidemiology/Joseph/publications/Medical/Quality-Of-Life.html]
[www.medicine.mcgill.ca/epidemiology/Joseph/publications/Medical/Rheumatology.html]
[www.medicine.mcgill.ca/epidemiology/Joseph/publications/Medical/Other.html]
[www.medicine.mcgill.ca/epidemiology/Joseph/publications/Book.html]
[www.medicine.mcgill.ca/epidemiology/Joseph/software/Bayesian-Sample-Size.html]
[www.medicine.mcgill.ca/epidemiology/Joseph/software/Change-point-Methods-And-Applications.html]
[www.medicine.mcgill.ca/epidemiology/Joseph/software/Diagnostic-Testing.html]
[www.medicine.mcgill.ca/epidemiology/Joseph/software/Diagnostic-Testing-In-Genetics.html]
[www.medicine.mcgill.ca/epidemiology/Joseph/index.html]
[www.medicine.mcgill.ca/epidemiology/Joseph/SiteMap.html]
[www.medicine.mcgill.ca/epidemiology/Joseph/Research-Interests.html]
[www.medicine.mcgill.ca/epidemiology/Joseph/Courses-Taught.html]
[www.medicine.mcgill.ca/epidemiology/Joseph/Links.html]
[www.medicine.mcgill.ca/epidemiology/Joseph/courses/EPIB-607/CourseOutline.html]
[www.medicine.mcgill.ca/epidemiology/Joseph/courses/EPIB-607/notes.pdf]
[www.medicine.mcgill.ca/epidemiology/Joseph/courses/EPIB-607/BayesEx.pdf]
[www.medicine.mcgill.ca/epidemiology/Joseph/courses/EPIB-607/bayesref.pdf]
[www.medicine.mcgill.ca/epidemiology/Joseph/software/SampleSizeCalculator/sampsize.zip]
[www.medicine.mcgill.ca/epidemiology/Joseph/pdf/First.Bayes.pdf]
[www.medicine.mcgill.ca/epidemiology/Joseph/courses/EPIB-607/mid60798shrt.pdf]
[www.medicine.mcgill.ca/epidemiology/Joseph/courses/EPIB-607/mid60799shrt.pdf]
[www.medicine.mcgill.ca/epidemiology/Joseph/courses/EPIB-607/mid60700shrt.pdf]
[www.medicine.mcgill.ca/epidemiology/Joseph/courses/EPIB-607/mid60702shrt.pdf]
[www.medicine.mcgill.ca/epidemiology/Joseph/courses/EPIB-607/fin60798shrt.pdf]
[www.medicine.mcgill.ca/epidemiology/Joseph/courses/EPIB-607/fin60799shrt.pdf]
[www.medicine.mcgill.ca/epidemiology/Joseph/courses/EPIB-607/fin60700shrt.pdf]
[www.medicine.mcgill.ca/epidemiology/Joseph/courses/EPIB-607/fin60702shrt.pdf]
[www.medicine.mcgill.ca/epidemiology/Joseph/courses/EPIB-607/solutions.pdf]
[www.medicine.mcgill.ca/epidemiology/Joseph/courses/EPIB-607/main.html]
[www.medicine.mcgill.ca/epidemiology/Joseph/courses/EPIB-613/CourseOutline.html]
[www.medicine.mcgill.ca/epidemiology/Joseph/courses/EPIB-613/BasicInfo.html]
[www.medicine.mcgill.ca/epidemiology/Joseph/courses/EPIB-613/assignment1.pdf]
[www.medicine.mcgill.ca/epidemiology/Joseph/courses/EPIB-613/assignment2.pdf]
[www.medicine.mcgill.ca/epidemiology/Joseph/courses/EPIB-613/assignment3.pdf]
[www.medicine.mcgill.ca/epidemiology/Joseph/courses/EPIB-613/assignment4.pdf]
[www.medicine.mcgill.ca/epidemiology/Joseph/courses/EPIB-613/assign1_oct4.pdf]
[www.medicine.mcgill.ca/epidemiology/Joseph/courses/EPIB-613/assign2_oct11.pdf]
[www.medicine.mcgill.ca/epidemiology/Joseph/courses/EPIB-613/assign3_oct18.pdf]
[www.medicine.mcgill.ca/epidemiology/Joseph/courses/EPIB-613/assign4_oct25.pdf]
[www.medicine.mcgill.ca/epidemiology/Joseph/courses/EPIB-613/assign5_nov1.pdf]
[www.medicine.mcgill.ca/epidemiology/Joseph/courses/EPIB-613/assign6_nov8.pdf]
[www.medicine.mcgill.ca/epidemiology/Joseph/courses/EPIB-613/assign7_nov15.pdf]
[www.medicine.mcgill.ca/epidemiology/Joseph/courses/EPIB-613/assign8_nov22.pdf]
[www.medicine.mcgill.ca/epidemiology/Joseph/courses/EPIB-613/assign9_nov29.pdf]
[www.medicine.mcgill.ca/epidemiology/Joseph/courses/EPIB-613/ishr3.zip]
[www.medicine.mcgill.ca/epidemiology/Joseph/courses/EPIB-613/bkup.hlp]
[www.medicine.mcgill.ca/epidemiology/Joseph/courses/EPIB-613/ecmd.hlp]
[www.medicine.mcgill.ca/epidemiology/Joseph/courses/EPIB-613/lprob.hlp]
[www.medicine.mcgill.ca/epidemiology/Joseph/courses/EPIB-613/MMR_2002_2011.xls]
[www.medicine.mcgill.ca/epidemiology/Joseph/courses/EPIB-613/newlog.hlp]
[www.medicine.mcgill.ca/epidemiology/Joseph/courses/EPIB-613/nlog.hlp]
[pped.org/stata/IntroSt.pdf]
[www.medicine.mcgill.ca/epidemiology/Joseph/courses/EPIB-613/main.html]
[www.medicine.mcgill.ca/epidemiology/Joseph/courses/EPIB-621/BasicInfo.html]
[www.medicine.mcgill.ca/epidemiology/Joseph/courses/EPIB-621/CourseOutline.html]
[www.medicine.mcgill.ca/epidemiology/Joseph/courses/EPIB-621/assign2num3.txt]
[www.medicine.mcgill.ca/epidemiology/Joseph/courses/EPIB-621/assign2num6.txt]
[www.medicine.mcgill.ca/epidemiology/Joseph/courses/EPIB-621/assign3num1.txt]
[www.medicine.mcgill.ca/epidemiology/Joseph/courses/common/brain.data.txt]
[www.medicine.mcgill.ca/epidemiology/Joseph/courses/common/calcium.missing.txt]
[www.medicine.mcgill.ca/epidemiology/Joseph/courses/common/calcium.txt]
[www.medicine.mcgill.ca/epidemiology/Joseph/courses/EPIB-621/dosedat.txt]
[www.medicine.mcgill.ca/epidemiology/Joseph/courses/EPIB-621/drugfree.bugs.txt]
[www.medicine.mcgill.ca/epidemiology/Joseph/courses/EPIB-621/drugfree.txt]
[www.medicine.mcgill.ca/epidemiology/Joseph/courses/common/fimdata.txt]
[www.medicine.mcgill.ca/epidemiology/Joseph/courses/EPIB-621/fish.bugs.txt]
[www.medicine.mcgill.ca/epidemiology/Joseph/courses/EPIB-621/fish.txt]
[www.medicine.mcgill.ca/epidemiology/Joseph/courses/EPIB-621/heart.txt]
[www.medicine.mcgill.ca/epidemiology/Joseph/courses/EPIB-621/kidney.txt]
[www.medicine.mcgill.ca/epidemiology/Joseph/courses/EPIB-621/plasma.txt]
[www.medicine.mcgill.ca/epidemiology/Joseph/courses/EPIB-621/satisfaction.txt]
[www.medicine.mcgill.ca/epidemiology/Joseph/courses/EPIB-621/post.normal.mean.txt]
[www.medicine.mcgill.ca/epidemiology/Joseph/courses/EPIB-621/multiple.regression.with.ci.txt]
[www.medicine.mcgill.ca/epidemiology/Joseph/courses/EPIB-621/logistic.regression.or.ci.txt]
[www.medicine.mcgill.ca/epidemiology/Joseph/courses/EPIB-621/bic.or.txt]
[www.medicine.mcgill.ca/epidemiology/Joseph/courses/EPIB-621/FAQ.html]
[www.medicine.mcgill.ca/epidemiology/Joseph/courses/EPIB-621/WinBUGS_Mac.pdf]
[cran.r-project.org/doc/contrib/Epicalc_Book.pdf]
[www.medicine.mcgill.ca/epidemiology/Joseph/courses/EPIB-621/rosenberg.joseph.barkun.pdf]
[www.medicine.mcgill.ca/epidemiology/Joseph/courses/EPIB-621/main.html]
[www.medicine.mcgill.ca/epidemiology/Joseph/courses/EPIB-651/main.html]
[www.medicine.mcgill.ca/epidemiology/Joseph/courses/WinBUGS/BugsExamples.html]
[www.medicine.mcgill.ca/epidemiology/Joseph/courses/EPIB-668/BasicInfo.html]
[www.medicine.mcgill.ca/epidemiology/Joseph/courses/EPIB-668/CourseOutline.html]
[www.medicine.mcgill.ca/epidemiology/Joseph/courses/EPIB-668/assignment1.pdf]
[www.medicine.mcgill.ca/epidemiology/Joseph/courses/EPIB-668/assignment2.pdf]
[www.medicine.mcgill.ca/epidemiology/Joseph/courses/EPIB-668/assignment3.pdf]
[www.medicine.mcgill.ca/epidemiology/Joseph/courses/EPIB-668/assignment4.pdf]
[www.medicine.mcgill.ca/epidemiology/Joseph/courses/EPIB-668/assignment5.pdf]
[www.medicine.mcgill.ca/epidemiology/Joseph/courses/common/crpdata.txt]
[www.medicine.mcgill.ca/epidemiology/Joseph/courses/common/infant.dat.txt]
[www.medicine.mcgill.ca/epidemiology/Joseph/courses/EPIB-668/meta.reg.txt]
[www.medicine.mcgill.ca/epidemiology/Joseph/courses/EPIB-668/meta.txt]
[www.medicine.mcgill.ca/epidemiology/Joseph/courses/common/nonlinear.dat.txt]
[www.medicine.mcgill.ca/epidemiology/Joseph/courses/EPIB-668/main.html]
[www.medicine.mcgill.ca/epidemiology/Joseph/courses/EPIB-621/Gelman.pdf]
[www.medicine.mcgill.ca/epidemiology/Joseph/courses/EPIB-669/BasicInfo.html]
[www.medicine.mcgill.ca/epidemiology/Joseph/courses/EPIB-669/CourseOutline.html]
[www.medicine.mcgill.ca/epidemiology/Joseph/courses/EPIB-669/assignment1.pdf]
[www.medicine.mcgill.ca/epidemiology/Joseph/courses/EPIB-669/assignment2.pdf]
[www.medicine.mcgill.ca/epidemiology/Joseph/courses/EPIB-669/assignment3.pdf]
[www.medicine.mcgill.ca/epidemiology/Joseph/courses/EPIB-669/assignment4.pdf]
[www.medicine.mcgill.ca/epidemiology/Joseph/courses/EPIB-669/assignment5.pdf]
[www.medicine.mcgill.ca/epidemiology/Joseph/courses/EPIB-669/meta.reg.txt]
[www.medicine.mcgill.ca/epidemiology/Joseph/courses/EPIB-669/meta.txt]
[www.medicine.mcgill.ca/epidemiology/Joseph/courses/EPIB-669/main.html]
[www.medicine.mcgill.ca/epidemiology/Joseph/courses/EPIB-669/unmeasured.txt]
[www.medicine.mcgill.ca/epidemiology/Joseph/courses/EPIB-675/BasicInfo.html]
[www.medicine.mcgill.ca/epidemiology/Joseph/courses/EPIB-675/CourseOutline.html]
[www.medicine.mcgill.ca/epidemiology/Joseph/courses/EPIB-675/assignment1.pdf]
[www.medicine.mcgill.ca/epidemiology/Joseph/courses/EPIB-675/assignment2.pdf]
[www.medicine.mcgill.ca/epidemiology/Joseph/courses/EPIB-675/assignment3.pdf]
[www.medicine.mcgill.ca/epidemiology/Joseph/courses/EPIB-675/assignment4.pdf]
[www.medicine.mcgill.ca/epidemiology/Joseph/courses/EPIB-675/assignment5.pdf]
[www.medicine.mcgill.ca/epidemiology/Joseph/courses/EPIB-675/assignment6.pdf]
[www.medicine.mcgill.ca/epidemiology/Joseph/courses/EPIB-675/assignment7.pdf]
[www.medicine.mcgill.ca/epidemiology/Joseph/courses/EPIB-675/assignment8.pdf]
[www.medicine.mcgill.ca/epidemiology/Joseph/courses/EPIB-675/assignment9.pdf]
[www.medicine.mcgill.ca/epidemiology/Joseph/courses/EPIB-675/assignment10.pdf]
[www.medicine.mcgill.ca/epidemiology/Joseph/courses/EPIB-675/meta.reg.txt]
[www.medicine.mcgill.ca/epidemiology/Joseph/courses/EPIB-675/main.html]
[www.medicine.mcgill.ca/epidemiology/Joseph/courses/EPIB-675/meta.txt]
[www.medicine.mcgill.ca/epidemiology/Joseph/courses/EPIB-682/BasicInfo.html]
[www.medicine.mcgill.ca/epidemiology/Joseph/courses/EPIB-682/CourseOutline.html]
[www.medicine.mcgill.ca/epidemiology/Joseph/courses/EPIB-682/meta.reg.txt]
[www.medicine.mcgill.ca/epidemiology/Joseph/courses/EPIB-682/main.html]
[www.medicine.mcgill.ca/epidemiology/Joseph/courses/EPIB-682/meta.txt]
[www.medicine.mcgill.ca/epidemiology/Joseph/courses/EPIB-683/BasicInfo.html]
[www.medicine.mcgill.ca/epidemiology/Joseph/courses/EPIB-683/CourseOutline.html]
[www.medicine.mcgill.ca/epidemiology/Joseph/courses/EPIB-683/asthma.txt]
[www.medicine.mcgill.ca/epidemiology/Joseph/courses/EPIB-683/meta.reg.txt]
[www.medicine.mcgill.ca/epidemiology/Joseph/courses/EPIB-683/meta.txt]
[www.medicine.mcgill.ca/epidemiology/Joseph/courses/EPIB-683/osteo.txt]
[www.medicine.mcgill.ca/epidemiology/Joseph/courses/EPIB-683/main.html]
[www.medicine.mcgill.ca/epidemiology/Joseph/courses/EPIB-683/unmeasured.txt]
[www.medicine.mcgill.ca/epidemiology/Joseph/publications/Methodological/main.html]
[www.medicine.mcgill.ca/epidemiology/Joseph/publications/Methodological/Joseph2019.pdf]
[www.medicine.mcgill.ca/epidemiology/Joseph/publications/Methodological/Wang.pdf]
[www.medicine.mcgill.ca/epidemiology/Joseph/publications/Methodological/joseph2013.pdf]
[www.medicine.mcgill.ca/epidemiology/Joseph/publications/Methodological/dendukuti2010.pdf]
[www.medicine.mcgill.ca/epidemiology/Joseph/publications/Methodological/mlan2008.pdf]
[www.medicine.mcgill.ca/epidemiology/Joseph/publications/Methodological/mlan2006.pdf]
[www.medicine.mcgill.ca/epidemiology/Joseph/publications/Methodological/sstest.pdf]
[www.medicine.mcgill.ca/epidemiology/Joseph/publications/Methodological/Rahme2000.pdf]
[www.medicine.mcgill.ca/epidemiology/Joseph/publications/Methodological/moore1999.pdf]
[www.medicine.mcgill.ca/epidemiology/Joseph/publications/Methodological/binexact.pdf]
[www.medicine.mcgill.ca/epidemiology/Joseph/publications/Methodological/bin2samp.pdf]
[www.medicine.mcgill.ca/epidemiology/Joseph/publications/Methodological/normsize.pdf]
[www.medicine.mcgill.ca/epidemiology/Joseph/publications/Methodological/decisamp.pdf]
[www.medicine.mcgill.ca/epidemiology/Joseph/publications/Methodological/ss_hpd.pdf]
[www.medicine.mcgill.ca/epidemiology/Joseph/publications/Methodological/Bayesian-Sample-Size.html]
[www.medicine.mcgill.ca/epidemiology/Joseph/publications/Methodological/ss_binom.pdf]
[www.medicine.mcgill.ca/epidemiology/Joseph/publications/Methodological/Bellera2016.pdf]
[www.medicine.mcgill.ca/epidemiology/Joseph/publications/Methodological/atherton2009.pdf]
[www.medicine.mcgill.ca/epidemiology/Joseph/publications/Methodological/Bellera20092.pdf]
[www.medicine.mcgill.ca/epidemiology/Joseph/publications/Methodological/AnnalsEpi2008.pdf]
[www.medicine.mcgill.ca/epidemiology/Joseph/publications/Methodological/Bellera2008.pdf]
[www.medicine.mcgill.ca/epidemiology/Joseph/publications/Methodological/nph_1991_LOW.pdf]
[www.medicine.mcgill.ca/epidemiology/Joseph/publications/Methodological/robust.pdf]
[www.medicine.mcgill.ca/epidemiology/Joseph/publications/Methodological/ad1.pdf]
[www.medicine.mcgill.ca/epidemiology/Joseph/publications/Methodological/ad1999.pdf]
[www.medicine.mcgill.ca/epidemiology/Joseph/publications/Methodological/cp1998.pdf]
[www.medicine.mcgill.ca/epidemiology/Joseph/publications/Methodological/panel.pdf]
[www.medicine.mcgill.ca/epidemiology/Joseph/publications/Methodological/change-point1996.pdf]
[www.medicine.mcgill.ca/epidemiology/Joseph/publications/Methodological/Change-point-Methods-And-Applications.html]
[www.medicine.mcgill.ca/epidemiology/Joseph/publications/Methodological/change-point1993.pdf]
[www.medicine.mcgill.ca/epidemiology/Joseph/publications/Methodological/Lu2019.pdf]
[www.medicine.mcgill.ca/epidemiology/Joseph/publications/Methodological/Blouin2018.pdf]
[www.medicine.mcgill.ca/epidemiology/Joseph/publications/Methodological/Blouin22018.pdf]
[www.medicine.mcgill.ca/epidemiology/Joseph/publications/Methodological/oskoui2017.pdf]
[www.medicine.mcgill.ca/epidemiology/Joseph/publications/Methodological/Wang20172.pdf]
[www.medicine.mcgill.ca/epidemiology/Joseph/publications/Methodological/Lu2016.pdf]
[www.medicine.mcgill.ca/epidemiology/Joseph/publications/Methodological/Schumacher2016.pdf]
[www.medicine.mcgill.ca/epidemiology/Joseph/publications/Methodological/Bernatsky2016.pdf]
[www.medicine.mcgill.ca/epidemiology/Joseph/publications/Methodological/Smallwood2016.pdf]
[www.medicine.mcgill.ca/epidemiology/Joseph/publications/Methodological/Postuma2016.pdf]
[www.medicine.mcgill.ca/epidemiology/Joseph/publications/Methodological/Vinet2015.pdf]
[www.medicine.mcgill.ca/epidemiology/Joseph/publications/Methodological/Laliberte2015.pdf]
[www.medicine.mcgill.ca/epidemiology/Joseph/publications/Methodological/bernatsky2015.pdf]
[www.medicine.mcgill.ca/epidemiology/Joseph/publications/Methodological/soller2015.pdf]
[www.medicine.mcgill.ca/epidemiology/Joseph/publications/Methodological/Shiff2014a.pdf]
[www.medicine.mcgill.ca/epidemiology/Joseph/publications/Methodological/shiff2014b.pdf]
[www.medicine.mcgill.ca/epidemiology/Joseph/publications/Methodological/bernatsky2-2014.pdf]
[www.medicine.mcgill.ca/epidemiology/Joseph/publications/Methodological/Pai_2014.pdf]
[www.medicine.mcgill.ca/epidemiology/Joseph/publications/Methodological/champlain2013.pdf]
[www.medicine.mcgill.ca/epidemiology/Joseph/publications/Methodological/sewitch2013.pdf]
[www.medicine.mcgill.ca/epidemiology/Joseph/publications/Methodological/jafari2013.pdf]
[www.medicine.mcgill.ca/epidemiology/Joseph/publications/Methodological/oskoui2013.pdf]
[www.medicine.mcgill.ca/epidemiology/Joseph/publications/Methodological/speybroeck2012.pdf]
[www.medicine.mcgill.ca/epidemiology/Joseph/publications/Methodological/dendukuri2012.pdf]
[www.medicine.mcgill.ca/epidemiology/Joseph/publications/Methodological/barnabe2012b.pdf]
[www.medicine.mcgill.ca/epidemiology/Joseph/publications/Methodological/barnabe2012a.pdf]
[www.medicine.mcgill.ca/epidemiology/Joseph/publications/Methodological/ladouceur2011.pdf]
[www.medicine.mcgill.ca/epidemiology/Joseph/publications/Methodological/bernatsjy2010.pdf]
[www.medicine.mcgill.ca/epidemiology/Joseph/publications/Methodological/mushfiq2011.pdf]
[www.medicine.mcgill.ca/epidemiology/Joseph/publications/Methodological/lu2010.pdf]
[www.medicine.mcgill.ca/epidemiology/Joseph/publications/Methodological/tarafter2010.pdf]
[www.medicine.mcgill.ca/epidemiology/Joseph/publications/Methodological/weichenthal2010.pdf]
[www.medicine.mcgill.ca/epidemiology/Joseph/publications/Methodological/Diagnostic-Testing.html]
[www.medicine.mcgill.ca/epidemiology/Joseph/publications/Methodological/Meta-Analysis.html]
[www.medicine.mcgill.ca/epidemiology/Joseph/publications/Methodological/Other-Topics.html]
[www.medicine.mcgill.ca/epidemiology/Joseph/publications/Medical/Allergy-And-Immunology.html]
[www.medicine.mcgill.ca/epidemiology/Joseph/publications/Medical/Asthma.html]
[www.medicine.mcgill.ca/epidemiology/Joseph/publications/Medical/Cardiology.html]
[www.medicine.mcgill.ca/epidemiology/Joseph/publications/Medical/Gastroenterology.html]
[www.medicine.mcgill.ca/epidemiology/Joseph/publications/Medical/Osteoporosis.html]
[www.medicine.mcgill.ca/epidemiology/Joseph/publications/Medical/Quality-Of-Life.html]
[www.medicine.mcgill.ca/epidemiology/Joseph/publications/Medical/Rheumatology.html]
[www.medicine.mcgill.ca/epidemiology/Joseph/publications/Medical/Other.html]
[www.medicine.mcgill.ca/epidemiology/Joseph/publications/Book.html]
[www.medicine.mcgill.ca/epidemiology/Joseph/software/Bayesian-Sample-Size.html]
[www.medicine.mcgill.ca/epidemiology/Joseph/software/Change-point-Methods-And-Applications.html]
[www.medicine.mcgill.ca/epidemiology/Joseph/software/Diagnostic-Testing.html]
[www.medicine.mcgill.ca/epidemiology/Joseph/software/Diagnostic-Testing-In-Genetics.html]
[www.medicine.mcgill.ca/epidemiology/Joseph/Links.html]
[www.medicine.mcgill.ca/epidemiology/Joseph/courses/EPIB-607/CourseOutline.html]
[www.medicine.mcgill.ca/epidemiology/Joseph/courses/EPIB-613/CourseOutline.html]
[www.medicine.mcgill.ca/epidemiology/Joseph/courses/EPIB-613/BasicInfo.html]
[www.medicine.mcgill.ca/epidemiology/Joseph/courses/EPIB-613/admissions.html]
[www.medicine.mcgill.ca/epidemiology/Joseph/courses/EPIB-613/agemort.html]
[www.medicine.mcgill.ca/epidemiology/Joseph/courses/EPIB-613/ankle-bp-1.html]
[www.medicine.mcgill.ca/epidemiology/Joseph/courses/EPIB-613/ankle-bp-2.html]
[www.medicine.mcgill.ca/epidemiology/Joseph/courses/EPIB-613/anklebp1.html]
[www.medicine.mcgill.ca/epidemiology/Joseph/courses/EPIB-613/anklebp2.html]
[www.medicine.mcgill.ca/epidemiology/Joseph/courses/EPIB-613/auto2.html]
[www.medicine.mcgill.ca/epidemiology/Joseph/courses/EPIB-613/autolab.html]
[www.medicine.mcgill.ca/epidemiology/Joseph/courses/EPIB-613/bkup.html]
[www.medicine.mcgill.ca/epidemiology/Joseph/courses/EPIB-613/bkup-2.html]
[www.medicine.mcgill.ca/epidemiology/Joseph/courses/EPIB-613/cisd1.html]
[www.medicine.mcgill.ca/epidemiology/Joseph/courses/EPIB-613/cisd2.html]
[www.medicine.mcgill.ca/epidemiology/Joseph/courses/EPIB-613/cisd.html]
[www.medicine.mcgill.ca/epidemiology/Joseph/courses/EPIB-613/cisd-2.html]
[www.medicine.mcgill.ca/epidemiology/Joseph/courses/EPIB-613/clslowbwt.html]
[www.medicine.mcgill.ca/epidemiology/Joseph/courses/EPIB-613/compliance1.html]
[www.medicine.mcgill.ca/epidemiology/Joseph/courses/EPIB-613/compliance2.html]
[www.medicine.mcgill.ca/epidemiology/Joseph/courses/EPIB-613/compliance3.html]
[www.medicine.mcgill.ca/epidemiology/Joseph/courses/EPIB-613/CountryNames.html]
[www.medicine.mcgill.ca/epidemiology/Joseph/courses/EPIB-613/dates.html]
[www.medicine.mcgill.ca/epidemiology/Joseph/courses/EPIB-613/demographic.html]
[www.medicine.mcgill.ca/epidemiology/Joseph/courses/EPIB-613/dk1975-2004.html]
[www.medicine.mcgill.ca/epidemiology/Joseph/courses/EPIB-613/dk1991-95.html]
[www.medicine.mcgill.ca/epidemiology/Joseph/courses/EPIB-613/dx1.html]
[www.medicine.mcgill.ca/epidemiology/Joseph/courses/EPIB-613/dx2.html]
[www.medicine.mcgill.ca/epidemiology/Joseph/courses/EPIB-613/ecmd.html]
[www.medicine.mcgill.ca/epidemiology/Joseph/courses/EPIB-613/Education_2000_2009.html]
[www.medicine.mcgill.ca/epidemiology/Joseph/courses/EPIB-613/esoph.html]
[www.medicine.mcgill.ca/epidemiology/Joseph/courses/EPIB-613/gen_auto2.html]
[www.medicine.mcgill.ca/epidemiology/Joseph/courses/EPIB-613/gen_compliance2.html]
[www.medicine.mcgill.ca/epidemiology/Joseph/courses/EPIB-613/gen_compliance3.html]
[www.medicine.mcgill.ca/epidemiology/Joseph/courses/EPIB-613/gen_dx2.html]
[www.medicine.mcgill.ca/epidemiology/Joseph/courses/EPIB-613/gen_lbw1.html]
[www.medicine.mcgill.ca/epidemiology/Joseph/courses/EPIB-613/gen_lbw1_p.html]
[www.medicine.mcgill.ca/epidemiology/Joseph/courses/EPIB-613/gen_oppatients2.html]
[www.medicine.mcgill.ca/epidemiology/Joseph/courses/EPIB-613/gen_patnumbers.html]
[www.medicine.mcgill.ca/epidemiology/Joseph/courses/EPIB-613/gen_std_europe.html]
[www.medicine.mcgill.ca/epidemiology/Joseph/courses/EPIB-613/gph_fig11_1.html]
[www.medicine.mcgill.ca/epidemiology/Joseph/courses/EPIB-613/gph_fig11_2.html]
[www.medicine.mcgill.ca/epidemiology/Joseph/courses/EPIB-613/gph_fig11_3.html]
[www.medicine.mcgill.ca/epidemiology/Joseph/courses/EPIB-613/gph_fig11_4.html]
[www.medicine.mcgill.ca/epidemiology/Joseph/courses/EPIB-613/gph_fig13_1.html]
[www.medicine.mcgill.ca/epidemiology/Joseph/courses/EPIB-613/gph_fig13_2.html]
[www.medicine.mcgill.ca/epidemiology/Joseph/courses/EPIB-613/gph_fig13_3.html]
[www.medicine.mcgill.ca/epidemiology/Joseph/courses/EPIB-613/gph_fig13_4.html]
[www.medicine.mcgill.ca/epidemiology/Joseph/courses/EPIB-613/gph_fig13_5.html]
[www.medicine.mcgill.ca/epidemiology/Joseph/courses/EPIB-613/gph_fig13_6.html]
[www.medicine.mcgill.ca/epidemiology/Joseph/courses/EPIB-613/gph_fig13_7.html]
[www.medicine.mcgill.ca/epidemiology/Joseph/courses/EPIB-613/gph_fig14_1.html]
[www.medicine.mcgill.ca/epidemiology/Joseph/courses/EPIB-613/gph_fig14_2.html]
[www.medicine.mcgill.ca/epidemiology/Joseph/courses/EPIB-613/gph_fig14_3.html]
[www.medicine.mcgill.ca/epidemiology/Joseph/courses/EPIB-613/gph_fig14_4.html]
[www.medicine.mcgill.ca/epidemiology/Joseph/courses/EPIB-613/gph_fig15_1.html]
[www.medicine.mcgill.ca/epidemiology/Joseph/courses/EPIB-613/gph_fig15_2.html]
[www.medicine.mcgill.ca/epidemiology/Joseph/courses/EPIB-613/gph_fig15_3.html]
[www.medicine.mcgill.ca/epidemiology/Joseph/courses/EPIB-613/gph_fig15_4.html]
[www.medicine.mcgill.ca/epidemiology/Joseph/courses/EPIB-613/gph_fig15_5.html]
[www.medicine.mcgill.ca/epidemiology/Joseph/courses/EPIB-613/gph_fig15_6.html]
[www.medicine.mcgill.ca/epidemiology/Joseph/courses/EPIB-613/gph_fig15_7.html]
[www.medicine.mcgill.ca/epidemiology/Joseph/courses/EPIB-613/gph_fig17_1.html]
[www.medicine.mcgill.ca/epidemiology/Joseph/courses/EPIB-613/gph_fig17_2.html]
[www.medicine.mcgill.ca/epidemiology/Joseph/courses/EPIB-613/gph_fig17_3.html]
[www.medicine.mcgill.ca/epidemiology/Joseph/courses/EPIB-613/gph_fig17_4.html]
[www.medicine.mcgill.ca/epidemiology/Joseph/courses/EPIB-613/gph_fig17_5.html]
[www.medicine.mcgill.ca/epidemiology/Joseph/courses/EPIB-613/gph_fig17_6.html]
[www.medicine.mcgill.ca/epidemiology/Joseph/courses/EPIB-613/gph_fig17_7.html]
[www.medicine.mcgill.ca/epidemiology/Joseph/courses/EPIB-613/gph_fig17_8.html]
[www.medicine.mcgill.ca/epidemiology/Joseph/courses/EPIB-613/gph_fig17_9.html]
[www.medicine.mcgill.ca/epidemiology/Joseph/courses/EPIB-613/gph_fig17_10.html]
[www.medicine.mcgill.ca/epidemiology/Joseph/courses/EPIB-613/gph_fig17_11.html]
[www.medicine.mcgill.ca/epidemiology/Joseph/courses/EPIB-613/gph_fig17_12.html]
[www.medicine.mcgill.ca/epidemiology/Joseph/courses/EPIB-613/gph_fig17_13.html]
[www.medicine.mcgill.ca/epidemiology/Joseph/courses/EPIB-613/gph_fig17_14.html]
[www.medicine.mcgill.ca/epidemiology/Joseph/courses/EPIB-613/gph_fig17_15.html]
[www.medicine.mcgill.ca/epidemiology/Joseph/courses/EPIB-613/gph_fig17_16.html]
[www.medicine.mcgill.ca/epidemiology/Joseph/courses/EPIB-613/gph_fig17_17.html]
[www.medicine.mcgill.ca/epidemiology/Joseph/courses/EPIB-613/gph_fig17_18.html]
[www.medicine.mcgill.ca/epidemiology/Joseph/courses/EPIB-613/gph_fig17_19.html]
[www.medicine.mcgill.ca/epidemiology/Joseph/courses/EPIB-613/gph_fig17_20.html]
[www.medicine.mcgill.ca/epidemiology/Joseph/courses/EPIB-613/gph_fig17_21.html]
[www.medicine.mcgill.ca/epidemiology/Joseph/courses/EPIB-613/gph_fig17_22.html]
[www.medicine.mcgill.ca/epidemiology/Joseph/courses/EPIB-613/gph_fig17_23.html]
[www.medicine.mcgill.ca/epidemiology/Joseph/courses/EPIB-613/gph_fig17_24.html]
[www.medicine.mcgill.ca/epidemiology/Joseph/courses/EPIB-613/gph_fig17_25.html]
[www.medicine.mcgill.ca/epidemiology/Joseph/courses/EPIB-613/gph_fig17_26.html]
[www.medicine.mcgill.ca/epidemiology/Joseph/courses/EPIB-613/gph_fig17_27.html]
[www.medicine.mcgill.ca/epidemiology/Joseph/courses/EPIB-613/gph_fig17_28.html]
[www.medicine.mcgill.ca/epidemiology/Joseph/courses/EPIB-613/gph_fig17_29.html]
[www.medicine.mcgill.ca/epidemiology/Joseph/courses/EPIB-613/gph_fig17_30.html]
[www.medicine.mcgill.ca/epidemiology/Joseph/courses/EPIB-613/gph_fig17_31.html]
[www.medicine.mcgill.ca/epidemiology/Joseph/courses/EPIB-613/gph_fig17_32.html]
[www.medicine.mcgill.ca/epidemiology/Joseph/courses/EPIB-613/gph_fig17_32b.html]
[www.medicine.mcgill.ca/epidemiology/Joseph/courses/EPIB-613/gph_fig17_33.html]
[www.medicine.mcgill.ca/epidemiology/Joseph/courses/EPIB-613/gph_fig17_34.html]
[www.medicine.mcgill.ca/epidemiology/Joseph/courses/EPIB-613/gph_fig17_35.html]
[www.medicine.mcgill.ca/epidemiology/Joseph/courses/EPIB-613/gph_fig17_36.html]
[www.medicine.mcgill.ca/epidemiology/Joseph/courses/EPIB-613/gph_fig17_37.html]
[www.medicine.mcgill.ca/epidemiology/Joseph/courses/EPIB-613/gph_fig17_38.html]
[www.medicine.mcgill.ca/epidemiology/Joseph/courses/EPIB-613/gph_fig17_43.html]
[www.medicine.mcgill.ca/epidemiology/Joseph/courses/EPIB-613/gph_fig17_47.html]
[www.medicine.mcgill.ca/epidemiology/Joseph/courses/EPIB-613/gph_fig18_1.html]
[www.medicine.mcgill.ca/epidemiology/Joseph/courses/EPIB-613/hip.html]
[www.medicine.mcgill.ca/epidemiology/Joseph/courses/EPIB-613/kidney.html]
[www.medicine.mcgill.ca/epidemiology/Joseph/courses/EPIB-613/lbw1.html]
[www.medicine.mcgill.ca/epidemiology/Joseph/courses/EPIB-613/lbw1_p.html]
[www.medicine.mcgill.ca/epidemiology/Joseph/courses/EPIB-613/lbw_parity.html]
[www.medicine.mcgill.ca/epidemiology/Joseph/courses/EPIB-613/lowbwt.html]
[www.medicine.mcgill.ca/epidemiology/Joseph/courses/EPIB-613/lprob1.html]
[www.medicine.mcgill.ca/epidemiology/Joseph/courses/EPIB-613/lprob2.html]
[www.medicine.mcgill.ca/epidemiology/Joseph/courses/EPIB-613/lprob.html]
[www.medicine.mcgill.ca/epidemiology/Joseph/courses/EPIB-613/metricauto.html]
[www.medicine.mcgill.ca/epidemiology/Joseph/courses/EPIB-613/neonatal.html]
[www.medicine.mcgill.ca/epidemiology/Joseph/courses/EPIB-613/newlog.html]
[www.medicine.mcgill.ca/epidemiology/Joseph/courses/EPIB-613/newlog-2.html]
[www.medicine.mcgill.ca/epidemiology/Joseph/courses/EPIB-613/nlog.html]
[www.medicine.mcgill.ca/epidemiology/Joseph/courses/EPIB-613/nlog-2.html]
[www.medicine.mcgill.ca/epidemiology/Joseph/courses/EPIB-613/nlsw88.html]
[www.medicine.mcgill.ca/epidemiology/Joseph/courses/EPIB-613/oppatients1.html]
[www.medicine.mcgill.ca/epidemiology/Joseph/courses/EPIB-613/oppatients2.html]
[www.medicine.mcgill.ca/epidemiology/Joseph/courses/EPIB-613/patnumbers.html]
[www.medicine.mcgill.ca/epidemiology/Joseph/courses/EPIB-613/pinterval.html]
[www.medicine.mcgill.ca/epidemiology/Joseph/courses/EPIB-613/profile.html]
[www.medicine.mcgill.ca/epidemiology/Joseph/courses/EPIB-613/ras.html]
[www.medicine.mcgill.ca/epidemiology/Joseph/courses/EPIB-613/sf36.html]
[www.medicine.mcgill.ca/epidemiology/Joseph/courses/EPIB-613/smoke1x.html]
[www.medicine.mcgill.ca/epidemiology/Joseph/courses/EPIB-613/smoke.html]
[www.medicine.mcgill.ca/epidemiology/Joseph/courses/EPIB-613/states.html]
[www.medicine.mcgill.ca/epidemiology/Joseph/courses/EPIB-613/std_europe.html]
[www.medicine.mcgill.ca/epidemiology/Joseph/courses/EPIB-613/stdpops.html]
[www.medicine.mcgill.ca/epidemiology/Joseph/courses/EPIB-613/stocks.html]
[www.medicine.mcgill.ca/epidemiology/Joseph/courses/EPIB-613/U5Mortality_2002_2009.html]
[www.medicine.mcgill.ca/epidemiology/Joseph/courses/EPIB-613/vlog.html]
[www.medicine.mcgill.ca/epidemiology/Joseph/courses/EPIB-621/BasicInfo.html]
[www.medicine.mcgill.ca/epidemiology/Joseph/courses/EPIB-621/CourseOutline.html]
[www.medicine.mcgill.ca/epidemiology/Joseph/courses/EPIB-621/FAQ.html]
[www.medicine.mcgill.ca/epidemiology/Joseph/courses/WinBUGS/BugsExamples.html]
[www.medicine.mcgill.ca/epidemiology/Joseph/courses/EPIB-668/BasicInfo.html]
[www.medicine.mcgill.ca/epidemiology/Joseph/courses/EPIB-668/CourseOutline.html]
[www.medicine.mcgill.ca/epidemiology/Joseph/courses/EPIB-669/BasicInfo.html]
[www.medicine.mcgill.ca/epidemiology/Joseph/courses/EPIB-669/CourseOutline.html]
[www.medicine.mcgill.ca/epidemiology/Joseph/courses/EPIB-675/BasicInfo.html]
[www.medicine.mcgill.ca/epidemiology/Joseph/courses/EPIB-675/CourseOutline.html]
[www.medicine.mcgill.ca/epidemiology/Joseph/courses/EPIB-682/BasicInfo.html]
[www.medicine.mcgill.ca/epidemiology/Joseph/courses/EPIB-682/CourseOutline.html]
[www.medicine.mcgill.ca/epidemiology/Joseph/courses/EPIB-683/BasicInfo.html]
[www.medicine.mcgill.ca/epidemiology/Joseph/courses/EPIB-683/CourseOutline.html]
[www.medicine.mcgill.ca/epidemiology/Joseph/publications/Methodological/main.html]
[www.medicine.mcgill.ca/epidemiology/Joseph/SiteMap.html]
[www.medicine.mcgill.ca/epidemiology/Joseph/Research-Interests.html]
[www.medicine.mcgill.ca/epidemiology/Joseph/courses/EPIB-613/admissions.html]
[www.medicine.mcgill.ca/epidemiology/Joseph/courses/EPIB-613/bkup-2.html]
[www.medicine.mcgill.ca/epidemiology/Joseph/courses/EPIB-613/Education_2000_2009.html]
[www.medicine.mcgill.ca/epidemiology/Joseph/courses/EPIB-613/neonatal.html]
[www.medicine.mcgill.ca/epidemiology/Joseph/courses/EPIB-613/nlog-2.html]
[fmwww.bc.edu/GStat/docs/StataIntro.html]
[www.medicine.mcgill.ca/epidemiology/Joseph/courses/EPIB-621/BasicInfo.html]
[www.medicine.mcgill.ca/epidemiology/Joseph/courses/EPIB-621/FAQ.html]
[www.medicine.mcgill.ca/epidemiology/Joseph/courses/WinBUGS/BugsExamples.html]
[www.medicine.mcgill.ca/epidemiology/Joseph/courses/EPIB-669/BasicInfo.html]
[www.medicine.mcgill.ca/epidemiology/Joseph/courses/EPIB-675/BasicInfo.html]
[www.medicine.mcgill.ca/epidemiology/Joseph/courses/EPIB-682/BasicInfo.html]
[www.medicine.mcgill.ca/epidemiology/Joseph/courses/EPIB-683/BasicInfo.html]
[www.medicine.mcgill.ca/epidemiology/Joseph/publications/Methodological/main.html]
[www.medicine.mcgill.ca/epidemiology/Joseph/publications/Methodological/polymyalgia2009.html]
[zoe.bme.gatech.edu/_bv20/isye6414/Bank/RWBMac2.pdf]
