[www.statlearning.com/index.html]
[backblue.gif]
[fade.gif]
[index.html]
[images.squarespace-cdn.com/content/v1/5ff2adbe3fe4fe33db902812/1610596583278-PSG8B1FE126K3XMGZZLU/faviconfc89.png]
[assets.squarespace.com/@sqs/polyfiller/1.6/legacy.js]
[assets.squarespace.com/@sqs/polyfiller/1.6/modern.js]
[assets.squarespace.com/universal/scripts-compressed/extract-css-runtime-6e7ee29638c3d32a-min.en-US.js]
[assets.squarespace.com/universal/scripts-compressed/extract-css-moment-js-vendor-b60fc53b12f6d6c5-min.en-US.js]
[assets.squarespace.com/universal/scripts-compressed/cldr-resource-pack-ab150849891010fe-min.en-US.js]
[assets.squarespace.com/universal/scripts-compressed/common-vendors-stable-51880dc0d7a0158c-min.en-US.js]
[assets.squarespace.com/universal/scripts-compressed/performance-64b1fa9a30766d85-min.en-US.js]
[assets.squarespace.com/universal/scripts-compressed/common-vendors-0c128b29091d1d73-min.en-US.js]
[static1.squarespace.com/static/versioned-site-css/5ff2adbe3fe4fe33db902812/73/5c5a519771c10ba3470d8101/5ff2adbe3fe4fe33db90282c/1614/site.css]
[assets.squarespace.com/universal/scripts-compressed/common-8ec02dedc6b403a2-min.en-US.js]
[static1.squarespace.com/static/vta/5c5a519771c10ba3470d8101/versioned-assets/1739381320286-8FJE7NMLDZWANM5PXDLU/static.css]
[www.statlearning.com/cart.html]
[www.statlearning.com/online-courses.html]
[www.statlearning.com/resources-first-edition.html]
[www.statlearning.com/resources-second-edition.html]
[www.statlearning.com/resources-python.html]
[www.statlearning.com/errata-first-edition.html]
[www.statlearning.com/errata-second-edition.html]
[www.statlearning.com/errata-python-edition.html]
[www.statlearning.com/reviews.html]
[www.statlearning.com/forum.html]
[images.squarespace-cdn.com/content/v1/5ff2adbe3fe4fe33db902812/1609742573289-LWGQDT98EQLE8QGC08B4/HomeBanner_v2.png]
[images.squarespace-cdn.com/content/v1/5ff2adbe3fe4fe33db902812/8b373fbe-d1b4-4351-b803-0d3cd5bba1b0/ISLP_cover.png]
[images.squarespace-cdn.com/content/v1/5ff2adbe3fe4fe33db902812/1611294680091-25SIDM9AHA8ECIFFST23/Screen+Shot+2021-01-21+at+11.02.06+AM.png]
[images.squarespace-cdn.com/content/v1/5ff2adbe3fe4fe33db902812/dad165a5-5803-48fd-96c5-59d0d86606eb/Gareth-James.jpg]
[images.squarespace-cdn.com/content/v1/5ff2adbe3fe4fe33db902812/1628117040643-Y8N1UKVM6B3TRA0J608P/DanielaWitten_300x300_2.jpg]
[images.squarespace-cdn.com/content/v1/5ff2adbe3fe4fe33db902812/1611335279903-VLIQP4VB5ECZ4KOSP2GM/hastie2.jpg]
[images.squarespace-cdn.com/content/v1/5ff2adbe3fe4fe33db902812/1610651379833-JX0QKXHRSLROVWVJ3EKO/RobTibshirani_300x300.jpg]
[images.squarespace-cdn.com/content/v1/5ff2adbe3fe4fe33db902812/69b99635-baf7-4bb4-9ce1-1c488d0526a3/taylor.jpg]
[images.squarespace-cdn.com/content/v1/5ff2adbe3fe4fe33db902812/1610560080852-U6SBS46U8B9XVIVMLFWP/springer-logo-transparent.png]
[images.squarespace-cdn.com/content/v1/5ff2adbe3fe4fe33db902812/1610560065797-DZ6IFEXZCH3X7UDHU4CT/amazon.png]
[static1.squarespace.com/static/5ff2adbe3fe4fe33db902812/t/6009dd9fa7bc363aa822d2c7/1611259312432/ISLR+Seventh+Printing.pdf]
[www.statlearning.com/index.html]
[static1.squarespace.com/static/vta/5c5a519771c10ba3470d8101/scripts/site-bundle.7a52a694fd4248c18775c6aa813a0358.js]
[images.squarespace-cdn.com/index.html]
[fonts.gstatic.com/index.html]
[fonts.googleapis.com/css2dcb1.css]
[assets.squarespace.com/universal/scripts-compressed/extract-css-runtime-e9a34368ea809dac-min.en-US.js]
[assets.squarespace.com/universal/scripts-compressed/cldr-resource-pack-2620701b6b40c59b-min.en-US.js]
[www.statlearning.com/cart.html]
[assets.squarespace.com/universal/scripts-compressed/extract-css-runtime-fdb4b10b24e99c62bc6f-min.en-US.js]
[assets.squarespace.com/universal/scripts-compressed/cldr-resource-pack-0c96ad3f9948c3a7b631-min.en-US.js]
[assets.squarespace.com/universal/scripts-compressed/extract-css-moment-js-vendor-c4d588d4255cd4c70fa3-min.en-US.js]
[assets.squarespace.com/universal/scripts-compressed/common-vendors-stable-2965e1fc774101038a7d-min.en-US.js]
[assets.squarespace.com/universal/scripts-compressed/performance-773b94c1420443472c38-min.en-US.js]
[assets.squarespace.com/universal/scripts-compressed/common-vendors-75f98ebc7f11d5f6b01f-min.en-US.js]
[images.squarespace-cdn.com/content/v1/5ff2adbe3fe4fe33db902812/1610517650501-QDU0UCOBIS1NRQ85Z94A/HomeBanner_v2.png]
[images.squarespace-cdn.com/content/v1/5ff2adbe3fe4fe33db902812/fcd95398-7048-4b70-8bff-362e127d369e/Screen+Shot+2023-12-05+at+2.02.58+PM.png]
[assets.squarespace.com/universal/scripts-compressed/common-164ba60d4782c368c49b-min.en-US.js]
[images.squarespace-cdn.com/content/v1/5ff2adbe3fe4fe33db902812/c881138b-d6b3-479d-bd43-40a2fd877b5a/Screen+Shot+2023-12-07+at+10.32.26+AM.png]
[assets.squarespace.com/universal/scripts-compressed/commerce-checkout-bff6919edeef0e13-min.en-US.js]
[www.statlearning.com/online-courses.html]
[images.squarespace-cdn.com/content/v1/5ff2adbe3fe4fe33db902812/e64851c6-4c4c-43cd-b915-0fbcb794b11a/Screen+Shot+2023-12-05+at+2.00.40+PM.png]
[images.squarespace-cdn.com/content/v1/5ff2adbe3fe4fe33db902812/1610517693747-PY5TVUVFN6B6F6O7YHU5/HomeBanner_v2.png]
[static1.squarespace.com/static/5ff2adbe3fe4fe33db902812/t/600b1541a46e471f09f43849/1611339073482/Chapter 2 Lab.txt_; filename_=UTF-8''Chapter+2+Lab.txt]
[static1.squarespace.com/static/5ff2adbe3fe4fe33db902812/t/600b155872d47716a8d48f9b/1611339096167/Chapter 3 Lab.txt_; filename_=UTF-8''Chapter+3+Lab.txt]
[static1.squarespace.com/static/5ff2adbe3fe4fe33db902812/t/600b156f38100617e9cb9e18/1611339119726/Chapter 4 Lab.txt_; filename_=UTF-8''Chapter+4+Lab.txt]
[static1.squarespace.com/static/5ff2adbe3fe4fe33db902812/t/600b15834e2563519312eed7/1611339139243/Chapter 5 Lab.txt_; filename_=UTF-8''Chapter+5+Lab.txt]
[static1.squarespace.com/static/5ff2adbe3fe4fe33db902812/t/600b15ac458cf43aaf2a581e/1611339180935/Chapter 6 Labs.txt_; filename_=UTF-8''Chapter+6+Labs.txt]
[static1.squarespace.com/static/5ff2adbe3fe4fe33db902812/t/600b15e9a46e471f09f4455b/1611339241456/Chapter 7 Lab.txt_; filename_=UTF-8''Chapter+7+Lab.txt]
[static1.squarespace.com/static/5ff2adbe3fe4fe33db902812/t/600b16277916276cb44400d2/1611339303743/Chapter 8 Lab.txt_; filename_=UTF-8''Chapter+8+Lab.txt]
[static1.squarespace.com/static/5ff2adbe3fe4fe33db902812/t/600b160bb3cad013eb214935/1611339275898/Chapter 9 Lab.txt_; filename_=UTF-8''Chapter+9+Lab.txt]
[static1.squarespace.com/static/5ff2adbe3fe4fe33db902812/t/600b164338100617e9cbb9d1/1611339331094/Chapter 10 Labs.txt_; filename_=UTF-8''Chapter+10+Labs.txt]
[static1.squarespace.com/static/5ff2adbe3fe4fe33db902812/t/600b1670b741531af30c7789/1611339376113/All Labs.txt_; filename_=UTF-8''All+Labs.txt]
[static1.squarespace.com/static/5ff2adbe3fe4fe33db902812/t/612802fe41f53e31d0b06464/1630012160289/ALL CSV FILES - 1st Edition.zip_; filename_=UTF-8''ALL+CSV+FILES+-+1st+Edition.zip]
[www.statlearning.com/resources-first-edition.html]
[static1.squarespace.com/static/5ff2adbe3fe4fe33db902812/t/5fffdeee2a88fe77419d2e8d/1610604280841/All Figures.zip_; filename_=UTF-8''All+Figures.zip]
[assets.squarespace.com/universal/scripts-compressed/extract-css-runtime-ebb87399f1290fbe0786-min.en-US.js]
[ajax.googleapis.com/ajax/libs/jquery/1/jquery.min.js]
[static1.squarespace.com/static/5ff2adbe3fe4fe33db902812/t/5fffdf6708d8395d22b128c8/1610604409950/book_images.zip_; filename_=UTF-8''book_images.zip]
[static1.squarespace.com/static/5ff2adbe3fe4fe33db902812/t/61271b29df5557041ba64bff/1629952813167/ALL CSV FILES - 2nd Edition - corrected.zip_; filename_=UTF-8''ALL+CSV+FILES+-+2nd+Edition+-+corre]
[static1.squarespace.com/static/5ff2adbe3fe4fe33db902812/t/60ed1ab550bb312daeca7fbd/1626151616932/Figures - Chapters 1-6.zip_; filename_=UTF-8''Figures+-+Chapters+1-6.zip]
[static1.squarespace.com/static/5ff2adbe3fe4fe33db902812/t/60ed1ac79372167220477094/1626151663839/Figures - Chapters 7-13.zip_; filename_=UTF-8''Figures+-+Chapters+7-13.zip]
[www.statlearning.com/resources-second-edition.html]
[www.statlearning.com/resources-python.html]
[assets.squarespace.com/universal/scripts-compressed/extract-css-runtime-15946eef1ecc3db7-min.en-US.js]
[assets.squarespace.com/universal/scripts-compressed/cldr-resource-pack-f64c965b3baa958b-min.en-US.js]
[www.statlearning.com/errata-first-edition.html]
[images.squarespace-cdn.com/content/v1/5ff2adbe3fe4fe33db902812/1610517528178-TUJN6URD9NEJM8C7PYEK/HomeBanner_v2.png]
[assets.squarespace.com/universal/scripts-compressed/extract-css-runtime-a5771a679b106ea9-min.en-US.js]
[assets.squarespace.com/universal/scripts-compressed/cldr-resource-pack-1d6b8451de720d40-min.en-US.js]
[assets.squarespace.com/universal/scripts-compressed/common-15ef1fd430ad6e6d-min.en-US.js]
[www.dropbox.com/s/2anjw0b0g2v6dov/Correction to log rank test.9dec75.delayed]
[www.statlearning.com/errata-second-edition.html]
[assets.squarespace.com/universal/scripts-compressed/extract-css-runtime-4afddeb163c2935c-min.en-US.js]
[assets.squarespace.com/universal/scripts-compressed/cldr-resource-pack-896901746442fe0d-min.en-US.js]
[www.dropbox.com/scl/fi/q7bpmuencemlrtfkl40be/Correction-to-log-rank-test85f9.html]
[www.statlearning.com/errata-python-edition.html]
[images.squarespace-cdn.com/content/v1/5ff2adbe3fe4fe33db902812/1611255008902-TQTUYPNVNGCLEIKIOW9E/image-asset.jpg]
[images.squarespace-cdn.com/content/v1/5ff2adbe3fe4fe33db902812/1611255050430-B0D2ZK6FQCW7Z7O2I16O/Book+Signing.jpg]
[assets.squarespace.com/universal/scripts-compressed/common-db8c84278d09b026-min.en-US.js]
[www.statlearning.com/reviews.html]
[images.squarespace-cdn.com/content/v1/5ff2adbe3fe4fe33db902812/e69a7883-42d4-4fa7-a317-c9505dd3084b/Screen+Shot+2023-03-22+at+7.13.41+AM.png]
[www.statlearning.com/forum.html]
[stat-learning.disqus.com/embed.js]
[images.squarespace-cdn.com/content/v1/5ff2adbe3fe4fe33db902812/8b373fbe-d1b4-4351-b803-0d3cd5bba1b0/ISLP_cover.png]
[images.squarespace-cdn.com/content/v1/5ff2adbe3fe4fe33db902812/1609742573289-LWGQDT98EQLE8QGC08B4/HomeBanner_v2.png]
[images.squarespace-cdn.com/content/v1/5ff2adbe3fe4fe33db902812/1611294680091-25SIDM9AHA8ECIFFST23/Screen+Shot+2021-01-21+at+11.02.06+AM.png]
[assets.squarespace.com/universal/images-v6/damask/error-dark.png]
[static1.squarespace.com/static/5ff2adbe3fe4fe33db902812/t/6009dd9fa7bc363aa822d2c7/1611259312432/ISLR+Seventh+Printing.pdf]
[assets.squarespace.com/universal/images-v6/damask/error-dark@2x.png]
[images.squarespace-cdn.com/content/v1/5ff2adbe3fe4fe33db902812/fcd95398-7048-4b70-8bff-362e127d369e/Screen+Shot+2023-12-05+at+2.02.58+PM.png]
[assets.squarespace.com/universal/images-v6/damask/play-button.png]
[static1.squarespace.com/static/5ff2adbe3fe4fe33db902812/t/5fffdeee2a88fe77419d2e8d/1610604280841/All Figures.zip_; filename_=UTF-8''All+Figures.zip]
[assets.squarespace.com/universal/images-v6/damask/play-button@2x.png]
[ajax.googleapis.com/ajax/libs/jquery/1/jquery.min.js]
[static1.squarespace.com/static/5ff2adbe3fe4fe33db902812/t/5fffdf6708d8395d22b128c8/1610604409950/book_images.zip_; filename_=UTF-8''book_images.zip]
[static1.squarespace.com/static/5ff2adbe3fe4fe33db902812/t/61271b29df5557041ba64bff/1629952813167/ALL CSV FILES - 2nd Edition - corrected.zip_; filename_=UTF-8''ALL+CSV+FILES+-+2nd+Edition+-+corre]
[static1.squarespace.com/static/5ff2adbe3fe4fe33db902812/t/60ed1ab550bb312daeca7fbd/1626151616932/Figures - Chapters 1-6.zip_; filename_=UTF-8''Figures+-+Chapters+1-6.zip]
[assets.squarespace.com/universal/images-v6/damask/edit-aviary-light.png]
[static1.squarespace.com/static/5ff2adbe3fe4fe33db902812/t/60ed1ac79372167220477094/1626151663839/Figures - Chapters 7-13.zip_; filename_=UTF-8''Figures+-+Chapters+7-13.zip]
[assets.squarespace.com/universal/images-v6/damask/edit-aviary-light@2x.png]
[assets.squarespace.com/universal/images-v6/damask/edit-info-light.png]
[assets.squarespace.com/universal/images-v6/damask/edit-info-light@2x.png]
[assets.squarespace.com/universal/images-v6/damask/trash-9-light.png]
[assets.squarespace.com/universal/images-v6/damask/trash-9-light@2x.png]
[assets.squarespace.com/universal/images-v6/damask/trash-9-red.png]
[assets.squarespace.com/universal/images-v6/damask/trash-9-red@2x.png]
[assets.squarespace.com/universal/images-v6/damask/getty-16-light.png]
[assets.squarespace.com/universal/images-v6/damask/getty-32-light.png]
[assets.squarespace.com/universal/images-v6/damask/shopping-cart-16-light.png]
[assets.squarespace.com/universal/images-v6/damask/shopping-cart-32-light.png]
[assets.squarespace.com/universal/images-v6/icons/block-indicator-dark.png]
[assets.squarespace.com/universal/images-v6/icons/block-indicator-dark@2x.png]
[assets.squarespace.com/universal/fonts/squarespace-ui-font.svg]
[assets.squarespace.com/universal/images-v6/icons/opentable-icons.svg]
[assets.squarespace.com/universal/images-v6/icons/opentable-icons.png]
[assets.squarespace.com/universal/images-v6/icons/icon-searchqueries-20-dark.png]
[assets.squarespace.com/universal/images-v6/icons/icon-searchqueries-20-light.png]
[assets.squarespace.com/universal/images-v6/icons/icon-video-24-light-solid.png]
[assets.squarespace.com/universal/images-v6/standard/icon_close_7_light.png]
[assets.squarespace.com/universal/images-v6/icons/icon-settings-16-light.png]
[assets.squarespace.com/universal/fonts/social-20141119/social-icon-font.svg]
[static1.squarespace.com/static/versioned-site-css/5ff2adbe3fe4fe33db902812/73/5c5a519771c10ba3470d8101/5ff2adbe3fe4fe33db90282c/1614/site.css]
[static1.squarespace.com/static/vta/5c5a519771c10ba3470d8101/versioned-assets/1739381320286-8FJE7NMLDZWANM5PXDLU/static.css]
[cfl.dropboxstatic.com/static/metaserver/static/images/favicon.ico]
[cfl.dropboxstatic.com/static/metaserver/static/css/google_one_tap-vflp9XDLJ.css]
[cfl.dropboxstatic.com/static/metaserver/static/css/maestro_appshell_styles-vflfNNLV5.css]
[cfl.dropboxstatic.com/static/js/file_viewer/index.web-vflMfKScd.css]
[cfl.dropboxstatic.com/static/metaserver/static/css/dig/fonts-vflMHuSEC.css]
[cfl.dropboxstatic.com/static/metaserver/static/css/foundation-vflH6wwwv.css]
[cfl.dropboxstatic.com/static/metaserver/static/css/dig-illustrations/index.web-vflaayXqX.css]
[cfl.dropboxstatic.com/static/metaserver/static/css/spectrum/index.web-vflwvsegv.css]
[cfl.dropboxstatic.com/static/metaserver/static/images/favicon.ico]
[cfl.dropboxstatic.com/static/typescript/component_libraries/dwg-components/src/index.web-vflFu78ol.css]
[cfl.dropboxstatic.com/static/metaserver/static/css/abuse/fingerprintjs_component-vflTizAkf.css]
[cfl.dropboxstatic.com/static/js/comments2/index-vflQdvUHu.css]
[cfl.dropboxstatic.com/static/metaserver/static/css/notify-vfl4oJv2S.css]
[cfl.dropboxstatic.com/static/metaserver/static/css/error-vflUzpyte.css]
[cfl.dropboxstatic.com/static/metaserver/static/css/snackbar-vfl0sHK6v.css]
[cfl.dropboxstatic.com/static/metaserver/static/css/dig-components/index.web-vflSNNWF8.css]
[cfl.dropboxstatic.com/static/typescript/component_libraries/dig-experimental/src/index.web-vflMgkV3K.css]
[cfl.dropboxstatic.com/static/metaserver/static/css/dig-components/tokens-vflYBwytc.css]
[cfl.dropboxstatic.com/static/metaserver/static/css/app_actions/index-vflkGPgxR.css]
[cfl.dropboxstatic.com/static/metaserver/static/js/alameda_bundle/alameda_bundle_ie_en-vflWDx6he.js]
[www.dropbox.com/scl/fi/q7bpmuencemlrtfkl40be/Correction-to-log-rank-test85f9.html]
[assets.squarespace.com/universal/fonts/squarespace-ui-font.svg]
[assets.squarespace.com/universal/images-v6/icons/opentable-icons.svg]
[assets.squarespace.com/universal/fonts/social-20141119/social-icon-font.svg]
[cfl.dropboxstatic.com/static/metaserver/static/css/google_one_tap-vflp9XDLJ.css]
[cfl.dropboxstatic.com/static/metaserver/static/images/icons/ajax-loading-small-blue@2x-vfl14X6Ll.gif]
[cfl.dropboxstatic.com/static/metaserver/static/css/maestro_appshell_styles-vflfNNLV5.css]
[cfl.dropboxstatic.com/static/js/file_viewer/index.web-vflMfKScd.css]
[cfl.dropboxstatic.com/static/metaserver/static/css/dig/fonts-vflMHuSEC.css]
[cfl.dropboxstatic.com/static/metaserver/static/css/foundation-vflH6wwwv.css]
[cfl.dropboxstatic.com/static/metaserver/static/css/dig-illustrations/index.web-vflaayXqX.css]
[cfl.dropboxstatic.com/static/metaserver/static/css/spectrum/index.web-vflwvsegv.css]
[cfl.dropboxstatic.com/static/typescript/component_libraries/dwg-components/src/index.web-vflFu78ol.css]
[cfl.dropboxstatic.com/static/metaserver/static/css/abuse/fingerprintjs_component-vflTizAkf.css]
[cfl.dropboxstatic.com/static/js/comments2/index-vflQdvUHu.css]
[cfl.dropboxstatic.com/static/metaserver/static/css/notify-vfl4oJv2S.css]
[cfl.dropboxstatic.com/static/metaserver/static/images/scooter/icon-form-invalid-vflj3ALzP.svg]
[cfl.dropboxstatic.com/static/metaserver/static/images/scooter/icon-form-valid-vfl6xVlt9.svg]
[cfl.dropboxstatic.com/static/metaserver/static/images/scooter/icon-form-dropdown-vfl6wvHNi.svg]
[cfl.dropboxstatic.com/static/metaserver/static/css/error-vflUzpyte.css]
[cfl.dropboxstatic.com/static/metaserver/static/css/snackbar-vfl0sHK6v.css]
[cfl.dropboxstatic.com/static/metaserver/static/css/dig-components/components-vfl1mIOfg.css]
[cfl.dropboxstatic.com/static/metaserver/static/css/dig-components/legacy-token-migration-vfl1sMmEL.css]
[cfl.dropboxstatic.com/static/metaserver/static/css/dig-components/logos-vflYT4VEk.css]
[cfl.dropboxstatic.com/static/metaserver/static/css/dig-components/icons-vflB0MTYP.css]
[cfl.dropboxstatic.com/static/metaserver/static/css/dig-components/foundations-tokens-vfl4Y38be.css]
[cfl.dropboxstatic.com/static/metaserver/static/css/dig-components/foundations-components-vfl4xHixN.css]
[cfl.dropboxstatic.com/static/metaserver/static/css/dig-components/content-icons-vflQ0X61G.css]
[cfl.dropboxstatic.com/static/metaserver/static/css/dig-components/index.web-vflSNNWF8.css]
[cfl.dropboxstatic.com/static/typescript/component_libraries/dig-experimental/src/index.web-vflMgkV3K.css]
[cfl.dropboxstatic.com/static/metaserver/static/css/dig-components/tokens-vflYBwytc.css]
[cfl.dropboxstatic.com/static/metaserver/static/css/app_actions/index-vflkGPgxR.css]
[hastie.su.domains/ISLR2/Labs/R_Labs/allR.zip]
[hastie.su.domains/ISLR2/Labs/Rmarkdown_Notebooks/allRmd.zip]
[hastie.su.domains/ISLR2/Labs/Rmarkdown_Notebooks/allhtml.zip]
[hastie.su.domains/ISLR2/Labs/Jupyter_Notebooks/allJupyter.zip]
[hastie.su.domains/ISLR2/Slides/Ch1_Inroduction.pdf]
[hastie.su.domains/ISLR2/Slides/Ch2_Statistical_Learning.pdf]
[hastie.su.domains/ISLR2/Slides/Ch3_Linear_Regression.pdf]
[hastie.su.domains/ISLR2/Slides/Ch4_Classification.pdf]
[hastie.su.domains/ISLR2/Slides/Ch5_Resampling_Methods.pdf]
[hastie.su.domains/ISLR2/Slides/Ch6_Model_Selection.pdf]
[hastie.su.domains/ISLR2/Slides/Ch7_Moving_Beyond_Linearity.pdf]
[hastie.su.domains/ISLR2/Slides/Ch8_Tree_Based_Methods.pdf]
[hastie.su.domains/ISLR2/Slides/Ch9_Support_Vector_Machines.pdf]
[hastie.su.domains/ISLR2/Slides/Ch10_Deep_Learning.pdf]
[hastie.su.domains/ISLR2/Slides/Ch11_Survival_Analysis.pdf]
[hastie.su.domains/ISLR2/Slides/Ch12_Unsupervised_Learning.pdf]
[hastie.su.domains/ISLR2/Slides/Ch13_Multiple_Testing.pdf]
[hastie.su.domains/ISLR2/Slides/Ch1-13_pdfs.zip]
[hastie.su.domains/ISLP/Labs/data/book_images/book_images.zip]
[cfl.dropboxstatic.com/static/metaserver/static/images/scooter/icon-form-invalid-vflj3ALzP.svg]
[cfl.dropboxstatic.com/static/metaserver/static/images/scooter/icon-form-valid-vfl6xVlt9.svg]
[cfl.dropboxstatic.com/static/metaserver/static/images/scooter/icon-form-dropdown-vfl6wvHNi.svg]
[cfl.dropboxstatic.com/static/metaserver/static/css/dig-components/components-vfl1mIOfg.css]
[cfl.dropboxstatic.com/static/metaserver/static/css/dig-components/legacy-token-migration-vfl1sMmEL.css]
[cfl.dropboxstatic.com/static/metaserver/static/css/dig-components/logos-vflYT4VEk.css]
[cfl.dropboxstatic.com/static/metaserver/static/css/dig-components/icons-vflB0MTYP.css]
[cfl.dropboxstatic.com/static/metaserver/static/css/dig-components/foundations-tokens-vfl4Y38be.css]
[cfl.dropboxstatic.com/static/metaserver/static/css/dig-components/foundations-components-vfl4xHixN.css]
[cfl.dropboxstatic.com/static/metaserver/static/css/dig-components/content-icons-vflQ0X61G.css]
