[deanvossdraguljic.ietsandbox.net/index.html]
[backblue.gif]
[fade.gif]
[index.html]
[deanvossdraguljic.ietsandbox.net/DeanVossDraguljic/preface2.pdf]
[deanvossdraguljic.ietsandbox.net/DeanVossDraguljic/DeanVoss/preface1.pdf]
[deanvossdraguljic.ietsandbox.net/DeanVossDraguljic/chapters.html]
[deanvossdraguljic.ietsandbox.net/DeanVossDraguljic/TOC.pdf]
[deanvossdraguljic.ietsandbox.net/DeanVossDraguljic/SAS-code.html]
[deanvossdraguljic.ietsandbox.net/DeanVossDraguljic/SAS-data.html]
[deanvossdraguljic.ietsandbox.net/DeanVossDraguljic/R-code.html]
[deanvossdraguljic.ietsandbox.net/DeanVossDraguljic/R-data.html]
[deanvossdraguljic.ietsandbox.net/DeanVossDraguljic/printing1.pdf]
[deanvossdraguljic.ietsandbox.net/DeanVossDraguljic/DeanVoss/printing1.pdf]
[deanvossdraguljic.ietsandbox.net/DeanVossDraguljic/DeanVoss/printing2.pdf]
[deanvossdraguljic.ietsandbox.net/DeanVossDraguljic/DeanVossDraguljic.jpg]
[deanvossdraguljic.ietsandbox.net/index.html]
[deanvossdraguljic.ietsandbox.net/DeanVossDraguljic/chapters.html]
[deanvossdraguljic.ietsandbox.net/DeanVossDraguljic/SAS-code.html]
[deanvossdraguljic.ietsandbox.net/DeanVossDraguljic/SAS-data/fishing.line.sas]
[deanvossdraguljic.ietsandbox.net/DeanVossDraguljic/SAS-data/steel.bar.sas]
[deanvossdraguljic.ietsandbox.net/DeanVossDraguljic/SAS-data.html]
[deanvossdraguljic.ietsandbox.net/DeanVossDraguljic/R-data/soap.txt]
[deanvossdraguljic.ietsandbox.net/DeanVossDraguljic/R-data/battery.txt]
[deanvossdraguljic.ietsandbox.net/DeanVossDraguljic/R-data/trout.txt]
[deanvossdraguljic.ietsandbox.net/DeanVossDraguljic/R-data/reaction.time.txt]
[deanvossdraguljic.ietsandbox.net/DeanVossDraguljic/R-data/air.velocity.contrasts.txt]
[deanvossdraguljic.ietsandbox.net/DeanVossDraguljic/R-data/drill.advance.txt]
[deanvossdraguljic.ietsandbox.net/DeanVossDraguljic/R-data/rail.weld.txt]
[deanvossdraguljic.ietsandbox.net/DeanVossDraguljic/R-data/bean.txt]
[deanvossdraguljic.ietsandbox.net/DeanVossDraguljic/R-data/cotton.spinning.txt]
[deanvossdraguljic.ietsandbox.net/DeanVossDraguljic/R-data/detergent.txt]
[deanvossdraguljic.ietsandbox.net/DeanVossDraguljic/R-data/plasma.txt]
[deanvossdraguljic.ietsandbox.net/DeanVossDraguljic/R-data/exercise.bicycle.txt]
[deanvossdraguljic.ietsandbox.net/DeanVossDraguljic/R-data/coil.txt]
[deanvossdraguljic.ietsandbox.net/DeanVossDraguljic/R-data/sludge.txt]
[deanvossdraguljic.ietsandbox.net/DeanVossDraguljic/R-data/inclinometer.product.txt]
[deanvossdraguljic.ietsandbox.net/DeanVossDraguljic/R-data/copper.txt]
[deanvossdraguljic.ietsandbox.net/DeanVossDraguljic/R-data/pah.txt]
[deanvossdraguljic.ietsandbox.net/DeanVossDraguljic/R-data/clean.wool.txt]
[deanvossdraguljic.ietsandbox.net/DeanVossDraguljic/R-data/temperature.txt]
[deanvossdraguljic.ietsandbox.net/DeanVossDraguljic/R-data/voltage.txt]
[deanvossdraguljic.ietsandbox.net/DeanVossDraguljic/R-data/oats.txt]
[deanvossdraguljic.ietsandbox.net/DeanVossDraguljic/R-data/uav.txt]
[deanvossdraguljic.ietsandbox.net/DeanVossDraguljic/R-data/uav3.txt]
[deanvossdraguljic.ietsandbox.net/DeanVossDraguljic/R-data/MCFS71.txt]
[deanvossdraguljic.ietsandbox.net/DeanVossDraguljic/R-data/neuron.txt]
[deanvossdraguljic.ietsandbox.net/DeanVossDraguljic/R-code.html]
[deanvossdraguljic.ietsandbox.net/DeanVossDraguljic/R-data/abrasive.wear.txt]
[deanvossdraguljic.ietsandbox.net/DeanVossDraguljic/R-data/air.freshener.txt]
[deanvossdraguljic.ietsandbox.net/DeanVossDraguljic/R-data/air.rifle.txt]
[deanvossdraguljic.ietsandbox.net/DeanVossDraguljic/R-data/air.velocity.txt]
[deanvossdraguljic.ietsandbox.net/DeanVossDraguljic/R-data/alcohol.txt]
[deanvossdraguljic.ietsandbox.net/DeanVossDraguljic/R-data/ammunition.txt]
[deanvossdraguljic.ietsandbox.net/DeanVossDraguljic/R-data/anatase.txt]
[deanvossdraguljic.ietsandbox.net/DeanVossDraguljic/R-data/antifungal.txt]
[deanvossdraguljic.ietsandbox.net/DeanVossDraguljic/R-data/balloon.txt]
[deanvossdraguljic.ietsandbox.net/DeanVossDraguljic/R-data/banana.txt]
[deanvossdraguljic.ietsandbox.net/DeanVossDraguljic/R-data/beef.txt]
[deanvossdraguljic.ietsandbox.net/DeanVossDraguljic/R-data/bicycle.txt]
[deanvossdraguljic.ietsandbox.net/DeanVossDraguljic/R-data/biscuit.txt]
[deanvossdraguljic.ietsandbox.net/DeanVossDraguljic/R-data/bleach.txt]
[deanvossdraguljic.ietsandbox.net/DeanVossDraguljic/R-data/buttermilk.txt]
[deanvossdraguljic.ietsandbox.net/DeanVossDraguljic/R-data/caffeine.txt]
[deanvossdraguljic.ietsandbox.net/DeanVossDraguljic/R-data/candle.txt]
[deanvossdraguljic.ietsandbox.net/DeanVossDraguljic/R-data/catalyst.txt]
[deanvossdraguljic.ietsandbox.net/DeanVossDraguljic/R-data/catalytic.reaction.txt]
[deanvossdraguljic.ietsandbox.net/DeanVossDraguljic/R-data/chemical.txt]
[deanvossdraguljic.ietsandbox.net/DeanVossDraguljic/R-data/cigarette.txt]
[deanvossdraguljic.ietsandbox.net/DeanVossDraguljic/R-data/coating.txt]
[deanvossdraguljic.ietsandbox.net/DeanVossDraguljic/R-data/colorfastness.txt]
[deanvossdraguljic.ietsandbox.net/DeanVossDraguljic/R-data/dairy.cow.txt]
[deanvossdraguljic.ietsandbox.net/DeanVossDraguljic/R-data/DCIS.txt]
[deanvossdraguljic.ietsandbox.net/DeanVossDraguljic/R-data/decon.alpha.txt]
[deanvossdraguljic.ietsandbox.net/DeanVossDraguljic/R-data/decon.beta1.txt]
[deanvossdraguljic.ietsandbox.net/DeanVossDraguljic/R-data/decon.beta2.txt]
[deanvossdraguljic.ietsandbox.net/DeanVossDraguljic/R-data/dessert.txt]
[deanvossdraguljic.ietsandbox.net/DeanVossDraguljic/R-data/drug.txt]
[deanvossdraguljic.ietsandbox.net/DeanVossDraguljic/R-data/dye.txt]
[deanvossdraguljic.ietsandbox.net/DeanVossDraguljic/R-data/effervescent.txt]
[deanvossdraguljic.ietsandbox.net/DeanVossDraguljic/R-data/fabric.stain.txt]
[deanvossdraguljic.ietsandbox.net/DeanVossDraguljic/R-data/field.txt]
[deanvossdraguljic.ietsandbox.net/DeanVossDraguljic/R-data/field2.txt]
[deanvossdraguljic.ietsandbox.net/DeanVossDraguljic/R-data/film.viscosity.txt]
[deanvossdraguljic.ietsandbox.net/DeanVossDraguljic/R-data/fishing.line.txt]
[deanvossdraguljic.ietsandbox.net/DeanVossDraguljic/R-data/flour.txt]
[deanvossdraguljic.ietsandbox.net/DeanVossDraguljic/R-data/flour.early.txt]
[deanvossdraguljic.ietsandbox.net/DeanVossDraguljic/R-data/flour.production.txt]
[deanvossdraguljic.ietsandbox.net/DeanVossDraguljic/R-data/fractionation.PCE.txt]
[deanvossdraguljic.ietsandbox.net/DeanVossDraguljic/R-data/fractionation.yield.txt]
[deanvossdraguljic.ietsandbox.net/DeanVossDraguljic/R-data/golf.ball.txt]
[deanvossdraguljic.ietsandbox.net/DeanVossDraguljic/R-data/golf.driver.txt]
[deanvossdraguljic.ietsandbox.net/DeanVossDraguljic/R-data/handwheel.txt]
[deanvossdraguljic.ietsandbox.net/DeanVossDraguljic/R-data/heart.lung.pump.txt]
[deanvossdraguljic.ietsandbox.net/DeanVossDraguljic/R-data/ice.cream.txt]
[deanvossdraguljic.ietsandbox.net/DeanVossDraguljic/R-data/ice.melting.txt]
[deanvossdraguljic.ietsandbox.net/DeanVossDraguljic/R-data/injection.molding.txt]
[deanvossdraguljic.ietsandbox.net/DeanVossDraguljic/R-data/ink.txt]
[deanvossdraguljic.ietsandbox.net/DeanVossDraguljic/R-data/insole.cushion.txt]
[deanvossdraguljic.ietsandbox.net/DeanVossDraguljic/R-data/lactic.acid.txt]
[deanvossdraguljic.ietsandbox.net/DeanVossDraguljic/R-data/length.perception.txt]
[deanvossdraguljic.ietsandbox.net/DeanVossDraguljic/R-data/light.bulb.txt]
[deanvossdraguljic.ietsandbox.net/DeanVossDraguljic/R-data/load.carrying.txt]
[deanvossdraguljic.ietsandbox.net/DeanVossDraguljic/R-data/machine.head.txt]
[deanvossdraguljic.ietsandbox.net/DeanVossDraguljic/R-data/mangold.txt]
[deanvossdraguljic.ietsandbox.net/DeanVossDraguljic/R-data/mangold3.txt]
[deanvossdraguljic.ietsandbox.net/DeanVossDraguljic/R-data/margarine.txt]
[deanvossdraguljic.ietsandbox.net/DeanVossDraguljic/R-data/MCFS71time.txt]
[deanvossdraguljic.ietsandbox.net/DeanVossDraguljic/R-data/MCFS71x4.txt]
[deanvossdraguljic.ietsandbox.net/DeanVossDraguljic/R-data/meat.cooking.txt]
[deanvossdraguljic.ietsandbox.net/DeanVossDraguljic/R-data/memory.txt]
[deanvossdraguljic.ietsandbox.net/DeanVossDraguljic/R-data/memory.recall.txt]
[deanvossdraguljic.ietsandbox.net/DeanVossDraguljic/R-data/mung.bean.txt]
[deanvossdraguljic.ietsandbox.net/DeanVossDraguljic/R-data/nail.varnish.txt]
[deanvossdraguljic.ietsandbox.net/DeanVossDraguljic/R-data/operator.txt]
[deanvossdraguljic.ietsandbox.net/DeanVossDraguljic/R-data/paint.txt]
[deanvossdraguljic.ietsandbox.net/DeanVossDraguljic/R-data/paint8.txt]
[deanvossdraguljic.ietsandbox.net/DeanVossDraguljic/R-data/paint.followup.txt]
[deanvossdraguljic.ietsandbox.net/DeanVossDraguljic/R-data/paper.towel.absorbancy.txt]
[deanvossdraguljic.ietsandbox.net/DeanVossDraguljic/R-data/paper.towel.strength.txt]
[deanvossdraguljic.ietsandbox.net/DeanVossDraguljic/R-data/peas.txt]
[deanvossdraguljic.ietsandbox.net/DeanVossDraguljic/R-data/penicillin.txt]
[deanvossdraguljic.ietsandbox.net/DeanVossDraguljic/R-data/popcorn.microwave.txt]
[deanvossdraguljic.ietsandbox.net/DeanVossDraguljic/R-data/projectile.txt]
[deanvossdraguljic.ietsandbox.net/DeanVossDraguljic/R-data/quantity.perception.txt]
[deanvossdraguljic.ietsandbox.net/DeanVossDraguljic/R-data/red.blood.cell.txt]
[deanvossdraguljic.ietsandbox.net/DeanVossDraguljic/R-data/refinery.txt]
[deanvossdraguljic.ietsandbox.net/DeanVossDraguljic/R-data/resin.impurity.txt]
[deanvossdraguljic.ietsandbox.net/DeanVossDraguljic/R-data/resin.moisture.txt]
[deanvossdraguljic.ietsandbox.net/DeanVossDraguljic/R-data/respiratory.exchange.ratio.txt]
[deanvossdraguljic.ietsandbox.net/DeanVossDraguljic/R-data/resting.metabolic.rate.txt]
[deanvossdraguljic.ietsandbox.net/DeanVossDraguljic/R-data/rocket.txt]
[deanvossdraguljic.ietsandbox.net/DeanVossDraguljic/R-data/rust.txt]
[deanvossdraguljic.ietsandbox.net/DeanVossDraguljic/R-data/soup.txt]
[deanvossdraguljic.ietsandbox.net/DeanVossDraguljic/R-data/spaghetti.sauce.txt]
[deanvossdraguljic.ietsandbox.net/DeanVossDraguljic/R-data/spectrometer.txt]
[deanvossdraguljic.ietsandbox.net/DeanVossDraguljic/R-data/steel.bar.txt]
[deanvossdraguljic.ietsandbox.net/DeanVossDraguljic/R-data/step.txt]
[deanvossdraguljic.ietsandbox.net/DeanVossDraguljic/R-data/sugar.beet.txt]
[deanvossdraguljic.ietsandbox.net/DeanVossDraguljic/R-data/sugar.beet3.txt]
[deanvossdraguljic.ietsandbox.net/DeanVossDraguljic/R-data/survival.txt]
[deanvossdraguljic.ietsandbox.net/DeanVossDraguljic/R-data/systolic.blood.pressure.txt]
[deanvossdraguljic.ietsandbox.net/DeanVossDraguljic/R-data/tool.coating.txt]
[deanvossdraguljic.ietsandbox.net/DeanVossDraguljic/R-data/uav2sact.txt]
[deanvossdraguljic.ietsandbox.net/DeanVossDraguljic/R-data/uav3adt.txt]
[deanvossdraguljic.ietsandbox.net/DeanVossDraguljic/R-data/vaccine.txt]
[deanvossdraguljic.ietsandbox.net/DeanVossDraguljic/R-data/video.game.txt]
[deanvossdraguljic.ietsandbox.net/DeanVossDraguljic/R-data/viscosity.txt]
[deanvossdraguljic.ietsandbox.net/DeanVossDraguljic/R-data/wafer.txt]
[deanvossdraguljic.ietsandbox.net/DeanVossDraguljic/R-data/wafer2.txt]
[deanvossdraguljic.ietsandbox.net/DeanVossDraguljic/R-data/water.boiling.txt]
[deanvossdraguljic.ietsandbox.net/DeanVossDraguljic/R-data/water.heating.txt]
[deanvossdraguljic.ietsandbox.net/DeanVossDraguljic/R-data/weathering.txt]
[deanvossdraguljic.ietsandbox.net/DeanVossDraguljic/R-data/weight.lifting.txt]
[deanvossdraguljic.ietsandbox.net/DeanVossDraguljic/R-data/weld.strength.txt]
[deanvossdraguljic.ietsandbox.net/DeanVossDraguljic/R-data/wildflower.txt]
[deanvossdraguljic.ietsandbox.net/DeanVossDraguljic/R-data/yeast.txt]
[deanvossdraguljic.ietsandbox.net/DeanVossDraguljic/R-data/zinc.plating.txt]
[deanvossdraguljic.ietsandbox.net/DeanVossDraguljic/R-data.html]
[deanvossdraguljic.ietsandbox.net/DeanVossDraguljic/SAS-code/randomize.html]
[deanvossdraguljic.ietsandbox.net/DeanVossDraguljic/SAS-code/soap.html]
[deanvossdraguljic.ietsandbox.net/DeanVossDraguljic/SAS-code/soap2.html]
[deanvossdraguljic.ietsandbox.net/DeanVossDraguljic/SAS-code/battery.html]
[deanvossdraguljic.ietsandbox.net/DeanVossDraguljic/SAS-code/mung.bean.html]
[deanvossdraguljic.ietsandbox.net/DeanVossDraguljic/SAS-code/mung.bean2.html]
[deanvossdraguljic.ietsandbox.net/DeanVossDraguljic/SAS-code/trout.html]
[deanvossdraguljic.ietsandbox.net/DeanVossDraguljic/SAS-code/reaction.time.html]
[deanvossdraguljic.ietsandbox.net/DeanVossDraguljic/SAS-code/reaction.time2.html]
[deanvossdraguljic.ietsandbox.net/DeanVossDraguljic/SAS-code/air.velocity.html]
[deanvossdraguljic.ietsandbox.net/DeanVossDraguljic/SAS-code/drill.html]
[deanvossdraguljic.ietsandbox.net/DeanVossDraguljic/SAS-code/drill2.html]
[deanvossdraguljic.ietsandbox.net/DeanVossDraguljic/SAS-code/rail.weld.html]
[deanvossdraguljic.ietsandbox.net/DeanVossDraguljic/SAS-code/bean.html]
[deanvossdraguljic.ietsandbox.net/DeanVossDraguljic/SAS-code/balloon.html]
[deanvossdraguljic.ietsandbox.net/DeanVossDraguljic/SAS-code/cotton.spinning.html]
[deanvossdraguljic.ietsandbox.net/DeanVossDraguljic/SAS-code/optex.html]
[deanvossdraguljic.ietsandbox.net/DeanVossDraguljic/SAS-code/detergent.html]
[deanvossdraguljic.ietsandbox.net/DeanVossDraguljic/SAS-code/plasma.day1.html]
[deanvossdraguljic.ietsandbox.net/DeanVossDraguljic/SAS-code/exercise.bicycle.html]
[deanvossdraguljic.ietsandbox.net/DeanVossDraguljic/SAS-code/exercise.bicycle2.html]
[deanvossdraguljic.ietsandbox.net/DeanVossDraguljic/SAS-code/coil.html]
[deanvossdraguljic.ietsandbox.net/DeanVossDraguljic/SAS-code/dye.html]
[deanvossdraguljic.ietsandbox.net/DeanVossDraguljic/SAS-code/sludge.html]
[deanvossdraguljic.ietsandbox.net/DeanVossDraguljic/SAS-code/inclinometer.html]
[deanvossdraguljic.ietsandbox.net/DeanVossDraguljic/SAS-code/copper.html]
[deanvossdraguljic.ietsandbox.net/DeanVossDraguljic/SAS-code/PAH.html]
[deanvossdraguljic.ietsandbox.net/DeanVossDraguljic/SAS-code/clean.wool.html]
[deanvossdraguljic.ietsandbox.net/DeanVossDraguljic/SAS-code/temperature.html]
[deanvossdraguljic.ietsandbox.net/DeanVossDraguljic/SAS-code/ice.cream.html]
[deanvossdraguljic.ietsandbox.net/DeanVossDraguljic/SAS-code/ice.cream2.html]
[deanvossdraguljic.ietsandbox.net/DeanVossDraguljic/SAS-code/voltage.html]
[deanvossdraguljic.ietsandbox.net/DeanVossDraguljic/SAS-code/oats.html]
[deanvossdraguljic.ietsandbox.net/DeanVossDraguljic/SAS-code/UAV.html]
[deanvossdraguljic.ietsandbox.net/DeanVossDraguljic/SAS-code/UAV3.html]
[deanvossdraguljic.ietsandbox.net/DeanVossDraguljic/SAS-code/oats2.html]
[deanvossdraguljic.ietsandbox.net/DeanVossDraguljic/SAS-code/MCFS71.html]
[deanvossdraguljic.ietsandbox.net/DeanVossDraguljic/SAS-code/create.LHD.html]
[deanvossdraguljic.ietsandbox.net/DeanVossDraguljic/SAS-code/maximin.LHD.html]
[deanvossdraguljic.ietsandbox.net/DeanVossDraguljic/SAS-code/neuron.html]
[deanvossdraguljic.ietsandbox.net/DeanVossDraguljic/SAS-data/abrasive.wear.html]
[deanvossdraguljic.ietsandbox.net/DeanVossDraguljic/SAS-data/acid.copper.html]
[deanvossdraguljic.ietsandbox.net/DeanVossDraguljic/SAS-data/air.freshener.html]
[deanvossdraguljic.ietsandbox.net/DeanVossDraguljic/SAS-data/air.rifle.html]
[deanvossdraguljic.ietsandbox.net/DeanVossDraguljic/SAS-data/air.velocity.html]
[deanvossdraguljic.ietsandbox.net/DeanVossDraguljic/SAS-data/alcohol.html]
[deanvossdraguljic.ietsandbox.net/DeanVossDraguljic/SAS-data/ammunition.html]
[deanvossdraguljic.ietsandbox.net/DeanVossDraguljic/SAS-data/anatase.html]
[deanvossdraguljic.ietsandbox.net/DeanVossDraguljic/SAS-data/antifungal.html]
[deanvossdraguljic.ietsandbox.net/DeanVossDraguljic/SAS-data/balloon.html]
[deanvossdraguljic.ietsandbox.net/DeanVossDraguljic/SAS-data/banana.html]
[deanvossdraguljic.ietsandbox.net/DeanVossDraguljic/SAS-data/battery.html]
[deanvossdraguljic.ietsandbox.net/DeanVossDraguljic/SAS-data/bean.soaking.html]
[deanvossdraguljic.ietsandbox.net/DeanVossDraguljic/SAS-data/beef.html]
[deanvossdraguljic.ietsandbox.net/DeanVossDraguljic/SAS-data/bicycle.html]
[deanvossdraguljic.ietsandbox.net/DeanVossDraguljic/SAS-data/biscuit.html]
[deanvossdraguljic.ietsandbox.net/DeanVossDraguljic/SAS-data/bleach.html]
[deanvossdraguljic.ietsandbox.net/DeanVossDraguljic/SAS-data/buttermilk.html]
[deanvossdraguljic.ietsandbox.net/DeanVossDraguljic/SAS-data/caffeine.html]
[deanvossdraguljic.ietsandbox.net/DeanVossDraguljic/SAS-data/candle.html]
[deanvossdraguljic.ietsandbox.net/DeanVossDraguljic/SAS-data/catalyst.html]
[deanvossdraguljic.ietsandbox.net/DeanVossDraguljic/SAS-data/catalytic.reaction.html]
[deanvossdraguljic.ietsandbox.net/DeanVossDraguljic/SAS-data/chemical.html]
[deanvossdraguljic.ietsandbox.net/DeanVossDraguljic/SAS-data/cigarette.html]
[deanvossdraguljic.ietsandbox.net/DeanVossDraguljic/SAS-data/clean.wool.html]
[deanvossdraguljic.ietsandbox.net/DeanVossDraguljic/SAS-data/coating.html]
[deanvossdraguljic.ietsandbox.net/DeanVossDraguljic/SAS-data/coil.html]
[deanvossdraguljic.ietsandbox.net/DeanVossDraguljic/SAS-data/colorfastness.html]
[deanvossdraguljic.ietsandbox.net/DeanVossDraguljic/SAS-data/cotton.spinning.html]
[deanvossdraguljic.ietsandbox.net/DeanVossDraguljic/SAS-data/dairy.cow.html]
[deanvossdraguljic.ietsandbox.net/DeanVossDraguljic/SAS-data/DCIS.html]
[deanvossdraguljic.ietsandbox.net/DeanVossDraguljic/SAS-data/decon.alpha.html]
[deanvossdraguljic.ietsandbox.net/DeanVossDraguljic/SAS-data/decon.beta1.html]
[deanvossdraguljic.ietsandbox.net/DeanVossDraguljic/SAS-data/deconbeta1.html]
[deanvossdraguljic.ietsandbox.net/DeanVossDraguljic/SAS-data/decon.beta2.html]
[deanvossdraguljic.ietsandbox.net/DeanVossDraguljic/SAS-data/dessert.html]
[deanvossdraguljic.ietsandbox.net/DeanVossDraguljic/SAS-data/detergent.html]
[deanvossdraguljic.ietsandbox.net/DeanVossDraguljic/SAS-data/drill.advance.html]
[deanvossdraguljic.ietsandbox.net/DeanVossDraguljic/SAS-data/drug.html]
[deanvossdraguljic.ietsandbox.net/DeanVossDraguljic/SAS-data/dye.html]
[deanvossdraguljic.ietsandbox.net/DeanVossDraguljic/SAS-data/effervescent.html]
[deanvossdraguljic.ietsandbox.net/DeanVossDraguljic/SAS-data/exercise.bicycle.html]
[deanvossdraguljic.ietsandbox.net/DeanVossDraguljic/SAS-data/fabric.stain.html]
[deanvossdraguljic.ietsandbox.net/DeanVossDraguljic/SAS-data/field.html]
[deanvossdraguljic.ietsandbox.net/DeanVossDraguljic/SAS-data/field2.html]
[deanvossdraguljic.ietsandbox.net/DeanVossDraguljic/SAS-data/film.viscosity.html]
[deanvossdraguljic.ietsandbox.net/DeanVossDraguljic/SAS-data/flour.html]
[deanvossdraguljic.ietsandbox.net/DeanVossDraguljic/SAS-data/flour.early.html]
[deanvossdraguljic.ietsandbox.net/DeanVossDraguljic/SAS-data/flour.production.html]
[deanvossdraguljic.ietsandbox.net/DeanVossDraguljic/SAS-data/fractionation.html]
[deanvossdraguljic.ietsandbox.net/DeanVossDraguljic/SAS-data/golf.ball.html]
[deanvossdraguljic.ietsandbox.net/DeanVossDraguljic/SAS-data/golf.driver.html]
[deanvossdraguljic.ietsandbox.net/DeanVossDraguljic/SAS-data/handwheel.html]
[deanvossdraguljic.ietsandbox.net/DeanVossDraguljic/SAS-data/heart.lung.pump.html]
[deanvossdraguljic.ietsandbox.net/DeanVossDraguljic/SAS-data/ice.cream.html]
[deanvossdraguljic.ietsandbox.net/DeanVossDraguljic/SAS-data/ice.melting.html]
[deanvossdraguljic.ietsandbox.net/DeanVossDraguljic/SAS-data/inclinometer.html]
[deanvossdraguljic.ietsandbox.net/DeanVossDraguljic/SAS-data/injection.molding.html]
[deanvossdraguljic.ietsandbox.net/DeanVossDraguljic/SAS-data/ink.html]
[deanvossdraguljic.ietsandbox.net/DeanVossDraguljic/SAS-data/insole.cushion.html]
[deanvossdraguljic.ietsandbox.net/DeanVossDraguljic/SAS-data/lactic.acid.html]
[deanvossdraguljic.ietsandbox.net/DeanVossDraguljic/SAS-data/length.perception.html]
[deanvossdraguljic.ietsandbox.net/DeanVossDraguljic/SAS-data/light.bulb.html]
[deanvossdraguljic.ietsandbox.net/DeanVossDraguljic/SAS-data/lithium.html]
[deanvossdraguljic.ietsandbox.net/DeanVossDraguljic/SAS-data/load.carrying.html]
[deanvossdraguljic.ietsandbox.net/DeanVossDraguljic/SAS-data/machine.head.html]
[deanvossdraguljic.ietsandbox.net/DeanVossDraguljic/SAS-data/mangold.html]
[deanvossdraguljic.ietsandbox.net/DeanVossDraguljic/SAS-data/mangold3.html]
[deanvossdraguljic.ietsandbox.net/DeanVossDraguljic/SAS-data/margarine.html]
[deanvossdraguljic.ietsandbox.net/DeanVossDraguljic/SAS-data/MCFS71.html]
[deanvossdraguljic.ietsandbox.net/DeanVossDraguljic/SAS-data/MCFS71time.html]
[deanvossdraguljic.ietsandbox.net/DeanVossDraguljic/SAS-data/MCFS71x4.html]
[deanvossdraguljic.ietsandbox.net/DeanVossDraguljic/SAS-data/meat.cooking.html]
[deanvossdraguljic.ietsandbox.net/DeanVossDraguljic/SAS-data/memory.html]
[deanvossdraguljic.ietsandbox.net/DeanVossDraguljic/SAS-data/memory.recall.html]
[deanvossdraguljic.ietsandbox.net/DeanVossDraguljic/SAS-data/mung.bean.html]
[deanvossdraguljic.ietsandbox.net/DeanVossDraguljic/SAS-data/nail.varnish.html]
[deanvossdraguljic.ietsandbox.net/DeanVossDraguljic/SAS-data/neuron.html]
[deanvossdraguljic.ietsandbox.net/DeanVossDraguljic/SAS-data/oats.html]
[deanvossdraguljic.ietsandbox.net/DeanVossDraguljic/SAS-data/oats2.html]
[deanvossdraguljic.ietsandbox.net/DeanVossDraguljic/SAS-data/operator.html]
[deanvossdraguljic.ietsandbox.net/DeanVossDraguljic/SAS-data/pah.html]
[deanvossdraguljic.ietsandbox.net/DeanVossDraguljic/SAS-data/paint.html]
[deanvossdraguljic.ietsandbox.net/DeanVossDraguljic/SAS-data/paint.followup.html]
[deanvossdraguljic.ietsandbox.net/DeanVossDraguljic/SAS-data/paper.towel.absorbancy.html]
[deanvossdraguljic.ietsandbox.net/DeanVossDraguljic/SAS-data/paper.towel.strength.html]
[deanvossdraguljic.ietsandbox.net/DeanVossDraguljic/SAS-data/peas.html]
[deanvossdraguljic.ietsandbox.net/DeanVossDraguljic/SAS-data/penicillin.html]
[deanvossdraguljic.ietsandbox.net/DeanVossDraguljic/SAS-data/plasma.html]
[deanvossdraguljic.ietsandbox.net/DeanVossDraguljic/SAS-data/popcorn.microwave.html]
[deanvossdraguljic.ietsandbox.net/DeanVossDraguljic/SAS-data/projectile.html]
[deanvossdraguljic.ietsandbox.net/DeanVossDraguljic/SAS-data/quantity.perception.html]
[deanvossdraguljic.ietsandbox.net/DeanVossDraguljic/SAS-data/rail.weld.html]
[deanvossdraguljic.ietsandbox.net/DeanVossDraguljic/SAS-data/reaction.time.html]
[deanvossdraguljic.ietsandbox.net/DeanVossDraguljic/SAS-data/red.blood.cell.html]
[deanvossdraguljic.ietsandbox.net/DeanVossDraguljic/SAS-data/refinery.html]
[deanvossdraguljic.ietsandbox.net/DeanVossDraguljic/SAS-data/resin.impurity.html]
[deanvossdraguljic.ietsandbox.net/DeanVossDraguljic/SAS-data/resin.moisture.html]
[deanvossdraguljic.ietsandbox.net/DeanVossDraguljic/SAS-data/respiratory.exchange.ratio.html]
[deanvossdraguljic.ietsandbox.net/DeanVossDraguljic/SAS-data/resting.metabolic.rate.html]
[deanvossdraguljic.ietsandbox.net/DeanVossDraguljic/SAS-data/rocket.html]
[deanvossdraguljic.ietsandbox.net/DeanVossDraguljic/SAS-data/rust.html]
[deanvossdraguljic.ietsandbox.net/DeanVossDraguljic/SAS-data/sludge.html]
[deanvossdraguljic.ietsandbox.net/DeanVossDraguljic/SAS-data/soap.html]
[deanvossdraguljic.ietsandbox.net/DeanVossDraguljic/SAS-data/soup.html]
[deanvossdraguljic.ietsandbox.net/DeanVossDraguljic/SAS-data/spaghetti.sauce.html]
[deanvossdraguljic.ietsandbox.net/DeanVossDraguljic/SAS-data/spectrometer.html]
[deanvossdraguljic.ietsandbox.net/DeanVossDraguljic/SAS-data/step.html]
[deanvossdraguljic.ietsandbox.net/DeanVossDraguljic/SAS-data/sugar.beet.html]
[deanvossdraguljic.ietsandbox.net/DeanVossDraguljic/SAS-data/sugar.beet3.html]
[deanvossdraguljic.ietsandbox.net/DeanVossDraguljic/SAS-data/survival.html]
[deanvossdraguljic.ietsandbox.net/DeanVossDraguljic/SAS-data/systolic.blood.pressure.html]
[deanvossdraguljic.ietsandbox.net/DeanVossDraguljic/SAS-data/temperature.html]
[deanvossdraguljic.ietsandbox.net/DeanVossDraguljic/SAS-data/tool.coating.html]
[deanvossdraguljic.ietsandbox.net/DeanVossDraguljic/SAS-data/trout.html]
[deanvossdraguljic.ietsandbox.net/DeanVossDraguljic/SAS-data/UAV.html]
[deanvossdraguljic.ietsandbox.net/DeanVossDraguljic/SAS-data/UAV2SACT.html]
[deanvossdraguljic.ietsandbox.net/DeanVossDraguljic/SAS-data/UAV3.html]
[deanvossdraguljic.ietsandbox.net/DeanVossDraguljic/SAS-data/UAV3ADT.html]
[deanvossdraguljic.ietsandbox.net/DeanVossDraguljic/SAS-data/vaccine.html]
[deanvossdraguljic.ietsandbox.net/DeanVossDraguljic/SAS-data/video.game.html]
[deanvossdraguljic.ietsandbox.net/DeanVossDraguljic/SAS-data/viscosity.html]
[deanvossdraguljic.ietsandbox.net/DeanVossDraguljic/SAS-data/voltage.html]
[deanvossdraguljic.ietsandbox.net/DeanVossDraguljic/SAS-data/wafer.html]
[deanvossdraguljic.ietsandbox.net/DeanVossDraguljic/SAS-data/water.boiling.html]
[deanvossdraguljic.ietsandbox.net/DeanVossDraguljic/SAS-data/water.heating.html]
[deanvossdraguljic.ietsandbox.net/DeanVossDraguljic/SAS-data/weathering.html]
[deanvossdraguljic.ietsandbox.net/DeanVossDraguljic/SAS-data/weight.lifting.html]
[deanvossdraguljic.ietsandbox.net/DeanVossDraguljic/SAS-data/weld.strength.html]
[deanvossdraguljic.ietsandbox.net/DeanVossDraguljic/SAS-data/welding.html]
[deanvossdraguljic.ietsandbox.net/DeanVossDraguljic/SAS-data/wildflower.html]
[deanvossdraguljic.ietsandbox.net/DeanVossDraguljic/SAS-data/yeast.html]
[deanvossdraguljic.ietsandbox.net/DeanVossDraguljic/SAS-data/zinc.plating.html]
[deanvossdraguljic.ietsandbox.net/DeanVossDraguljic/R-code/startup.html]
[deanvossdraguljic.ietsandbox.net/DeanVossDraguljic/R-code/randomize.html]
[deanvossdraguljic.ietsandbox.net/DeanVossDraguljic/R-code/soap.html]
[deanvossdraguljic.ietsandbox.net/DeanVossDraguljic/R-code/soap2.html]
[deanvossdraguljic.ietsandbox.net/DeanVossDraguljic/R-code/battery.html]
[deanvossdraguljic.ietsandbox.net/DeanVossDraguljic/R-code/mungbean.html]
[deanvossdraguljic.ietsandbox.net/DeanVossDraguljic/R-code/mungbean2.html]
[deanvossdraguljic.ietsandbox.net/DeanVossDraguljic/R-code/trout.html]
[deanvossdraguljic.ietsandbox.net/DeanVossDraguljic/R-code/GamesHowell.html]
[deanvossdraguljic.ietsandbox.net/DeanVossDraguljic/R-code/reactiontime.html]
[deanvossdraguljic.ietsandbox.net/DeanVossDraguljic/R-code/reactiontime2.html]
[deanvossdraguljic.ietsandbox.net/DeanVossDraguljic/R-code/airvelocity.html]
[deanvossdraguljic.ietsandbox.net/DeanVossDraguljic/R-code/drilladvance.html]
[deanvossdraguljic.ietsandbox.net/DeanVossDraguljic/R-code/drilladvance2.html]
[deanvossdraguljic.ietsandbox.net/DeanVossDraguljic/R-code/railweld.html]
[deanvossdraguljic.ietsandbox.net/DeanVossDraguljic/R-code/beansoaking.html]
[deanvossdraguljic.ietsandbox.net/DeanVossDraguljic/R-code/balloon.html]
[deanvossdraguljic.ietsandbox.net/DeanVossDraguljic/R-code/cottonspinning.html]
[deanvossdraguljic.ietsandbox.net/DeanVossDraguljic/R-code/optex.html]
[deanvossdraguljic.ietsandbox.net/DeanVossDraguljic/R-code/detergent.html]
[deanvossdraguljic.ietsandbox.net/DeanVossDraguljic/R-code/plasma-day1.html]
[deanvossdraguljic.ietsandbox.net/DeanVossDraguljic/R-code/exercisebicycle.html]
[deanvossdraguljic.ietsandbox.net/DeanVossDraguljic/R-code/exercisebicycle2.html]
[deanvossdraguljic.ietsandbox.net/DeanVossDraguljic/R-code/coil.html]
[deanvossdraguljic.ietsandbox.net/DeanVossDraguljic/R-code/dye.html]
[deanvossdraguljic.ietsandbox.net/DeanVossDraguljic/R-code/sludge.html]
[deanvossdraguljic.ietsandbox.net/DeanVossDraguljic/R-code/inclinometer.html]
[deanvossdraguljic.ietsandbox.net/DeanVossDraguljic/R-code/copper.html]
[deanvossdraguljic.ietsandbox.net/DeanVossDraguljic/R-code/PAH.html]
[deanvossdraguljic.ietsandbox.net/DeanVossDraguljic/R-code/RSMdesigns.html]
[deanvossdraguljic.ietsandbox.net/DeanVossDraguljic/R-code/cleanwool.html]
[deanvossdraguljic.ietsandbox.net/DeanVossDraguljic/R-code/tempr.html]
[deanvossdraguljic.ietsandbox.net/DeanVossDraguljic/R-code/icecream.html]
[deanvossdraguljic.ietsandbox.net/DeanVossDraguljic/R-code/voltage.html]
[deanvossdraguljic.ietsandbox.net/DeanVossDraguljic/R-code/voltage2.html]
[deanvossdraguljic.ietsandbox.net/DeanVossDraguljic/R-code/oats.html]
[deanvossdraguljic.ietsandbox.net/DeanVossDraguljic/R-code/UAV.html]
[deanvossdraguljic.ietsandbox.net/DeanVossDraguljic/R-code/UAV3.html]
[deanvossdraguljic.ietsandbox.net/DeanVossDraguljic/R-code/oats2.html]
[deanvossdraguljic.ietsandbox.net/DeanVossDraguljic/R-code/MCFS71.html]
[deanvossdraguljic.ietsandbox.net/DeanVossDraguljic/R-code/maximinLHD.html]
[deanvossdraguljic.ietsandbox.net/DeanVossDraguljic/R-code/neuron.html]
[deanvossdraguljic.ietsandbox.net/DeanVossDraguljic/R-code/mung.html]
[deanvossdraguljic.ietsandbox.net/DeanVossDraguljic/chapters.html]
[deanvossdraguljic.ietsandbox.net/DeanVossDraguljic/SAS-code.html]
[deanvossdraguljic.ietsandbox.net/DeanVossDraguljic/SAS-code/randomize.html]
[deanvossdraguljic.ietsandbox.net/DeanVossDraguljic/R-data/mungbean.html]
[deanvossdraguljic.ietsandbox.net/DeanVossDraguljic/R-data/heartlungpump.html]
[deanvossdraguljic.ietsandbox.net/DeanVossDraguljic/R-data/dye2.html]
[deanvossdraguljic.ietsandbox.net/DeanVossDraguljic/R-data/lithium.txt]
